Archive member included to satisfy reference by file (symbol)

c:/users/karzan/downloads/toolchain-gd32v-v202-win/toolchain-gd32v-v202-win/compiler/bin/../lib/gcc/riscv64-unknown-elf/8.3.0/rv32imac/ilp32\libgcc.a(divdf3.o)
                              build/gd32v_mpu6500_if.o (__divdf3)
c:/users/karzan/downloads/toolchain-gd32v-v202-win/toolchain-gd32v-v202-win/compiler/bin/../lib/gcc/riscv64-unknown-elf/8.3.0/rv32imac/ilp32\libgcc.a(ledf2.o)
                              build/gd32v_mpu6500_if.o (__ltdf2)
c:/users/karzan/downloads/toolchain-gd32v-v202-win/toolchain-gd32v-v202-win/compiler/bin/../lib/gcc/riscv64-unknown-elf/8.3.0/rv32imac/ilp32\libgcc.a(muldf3.o)
                              build/gd32v_mpu6500_if.o (__muldf3)
c:/users/karzan/downloads/toolchain-gd32v-v202-win/toolchain-gd32v-v202-win/compiler/bin/../lib/gcc/riscv64-unknown-elf/8.3.0/rv32imac/ilp32\libgcc.a(floatsidf.o)
                              build/gd32v_mpu6500_if.o (__floatsidf)
c:/users/karzan/downloads/toolchain-gd32v-v202-win/toolchain-gd32v-v202-win/compiler/bin/../lib/gcc/riscv64-unknown-elf/8.3.0/rv32imac/ilp32\libgcc.a(floatunsidf.o)
                              build/gd32v_mpu6500_if.o (__floatunsidf)
c:/users/karzan/downloads/toolchain-gd32v-v202-win/toolchain-gd32v-v202-win/compiler/bin/../lib/gcc/riscv64-unknown-elf/8.3.0/rv32imac/ilp32\libgcc.a(floatundidf.o)
                              build/gd32v_mpu6500_if.o (__floatundidf)
c:/users/karzan/downloads/toolchain-gd32v-v202-win/toolchain-gd32v-v202-win/compiler/bin/../lib/gcc/riscv64-unknown-elf/8.3.0/rv32imac/ilp32\libgcc.a(addsf3.o)
                              build/main.o (__addsf3)
c:/users/karzan/downloads/toolchain-gd32v-v202-win/toolchain-gd32v-v202-win/compiler/bin/../lib/gcc/riscv64-unknown-elf/8.3.0/rv32imac/ilp32\libgcc.a(divsf3.o)
                              build/main.o (__divsf3)
c:/users/karzan/downloads/toolchain-gd32v-v202-win/toolchain-gd32v-v202-win/compiler/bin/../lib/gcc/riscv64-unknown-elf/8.3.0/rv32imac/ilp32\libgcc.a(lesf2.o)
                              build/main.o (__ltsf2)
c:/users/karzan/downloads/toolchain-gd32v-v202-win/toolchain-gd32v-v202-win/compiler/bin/../lib/gcc/riscv64-unknown-elf/8.3.0/rv32imac/ilp32\libgcc.a(mulsf3.o)
                              build/lcd.o (__mulsf3)
c:/users/karzan/downloads/toolchain-gd32v-v202-win/toolchain-gd32v-v202-win/compiler/bin/../lib/gcc/riscv64-unknown-elf/8.3.0/rv32imac/ilp32\libgcc.a(fixunssfsi.o)
                              build/lcd.o (__fixunssfsi)
c:/users/karzan/downloads/toolchain-gd32v-v202-win/toolchain-gd32v-v202-win/compiler/bin/../lib/gcc/riscv64-unknown-elf/8.3.0/rv32imac/ilp32\libgcc.a(floatsisf.o)
                              build/mpu6500_driver.o (__floatsisf)
c:/users/karzan/downloads/toolchain-gd32v-v202-win/toolchain-gd32v-v202-win/compiler/bin/../lib/gcc/riscv64-unknown-elf/8.3.0/rv32imac/ilp32\libgcc.a(_lshrdi3.o)
                              c:/users/karzan/downloads/toolchain-gd32v-v202-win/toolchain-gd32v-v202-win/compiler/bin/../lib/gcc/riscv64-unknown-elf/8.3.0/rv32imac/ilp32\libgcc.a(floatundidf.o) (__lshrdi3)
c:/users/karzan/downloads/toolchain-gd32v-v202-win/toolchain-gd32v-v202-win/compiler/bin/../lib/gcc/riscv64-unknown-elf/8.3.0/rv32imac/ilp32\libgcc.a(_ashldi3.o)
                              c:/users/karzan/downloads/toolchain-gd32v-v202-win/toolchain-gd32v-v202-win/compiler/bin/../lib/gcc/riscv64-unknown-elf/8.3.0/rv32imac/ilp32\libgcc.a(floatundidf.o) (__ashldi3)
c:/users/karzan/downloads/toolchain-gd32v-v202-win/toolchain-gd32v-v202-win/compiler/bin/../lib/gcc/riscv64-unknown-elf/8.3.0/rv32imac/ilp32\libgcc.a(_clzsi2.o)
                              c:/users/karzan/downloads/toolchain-gd32v-v202-win/toolchain-gd32v-v202-win/compiler/bin/../lib/gcc/riscv64-unknown-elf/8.3.0/rv32imac/ilp32\libgcc.a(divdf3.o) (__clzsi2)
c:/users/karzan/downloads/toolchain-gd32v-v202-win/toolchain-gd32v-v202-win/compiler/bin/../lib/gcc/riscv64-unknown-elf/8.3.0/rv32imac/ilp32\libgcc.a(_clz.o)
                              c:/users/karzan/downloads/toolchain-gd32v-v202-win/toolchain-gd32v-v202-win/compiler/bin/../lib/gcc/riscv64-unknown-elf/8.3.0/rv32imac/ilp32\libgcc.a(_clzsi2.o) (__clz_tab)
c:/users/karzan/downloads/toolchain-gd32v-v202-win/toolchain-gd32v-v202-win/compiler/bin/../lib/gcc/riscv64-unknown-elf/8.3.0/../../../../riscv64-unknown-elf/lib/rv32imac/ilp32\libc_nano.a(lib_a-atexit.o)
                              build/start.o (atexit)
c:/users/karzan/downloads/toolchain-gd32v-v202-win/toolchain-gd32v-v202-win/compiler/bin/../lib/gcc/riscv64-unknown-elf/8.3.0/../../../../riscv64-unknown-elf/lib/rv32imac/ilp32\libc_nano.a(lib_a-exit.o)
                              build/start.o (exit)
c:/users/karzan/downloads/toolchain-gd32v-v202-win/toolchain-gd32v-v202-win/compiler/bin/../lib/gcc/riscv64-unknown-elf/8.3.0/../../../../riscv64-unknown-elf/lib/rv32imac/ilp32\libc_nano.a(lib_a-fini.o)
                              build/start.o (__libc_fini_array)
[...]
Memory Configuration

Name             Origin             Length             Attributes
flash            0x0000000008000000 0x0000000000020000 axrl !w
ram              0x0000000020000000 0x0000000000008000 axw !rl
*default*        0x0000000000000000 0xffffffffffffffff

Linker script and memory map

LOAD build/gd32vf103_adc.o
LOAD build/gd32vf103_bkp.o
LOAD build/gd32vf103_can.o
LOAD build/gd32vf103_crc.o
LOAD build/gd32vf103_dac.o
LOAD build/gd32vf103_dbg.o
LOAD build/gd32vf103_dma.o
LOAD build/gd32vf103_eclic.o
LOAD build/gd32vf103_exmc.o
LOAD build/gd32vf103_exti.o
LOAD build/gd32vf103_fmc.o
LOAD build/gd32vf103_fwdgt.o
LOAD build/gd32vf103_gpio.o
LOAD build/gd32vf103_i2c.o
LOAD build/gd32vf103_pmu.o
LOAD build/gd32vf103_rcu.o
LOAD build/gd32vf103_rtc.o
LOAD build/gd32vf103_spi.o
LOAD build/gd32vf103_timer.o
LOAD build/gd32vf103_usart.o
LOAD build/gd32vf103_wwdgt.o
LOAD build/system_gd32vf103.o
LOAD build/_exit.o
LOAD build/close.o
LOAD build/fstat.o
LOAD build/isatty.o
LOAD build/lseek.o
LOAD build/read.o
LOAD build/sbrk.o
LOAD build/write.o
LOAD build/write_hex.o
LOAD build/n200_func.o
LOAD build/handlers.o
LOAD build/init.o
LOAD build/app.o
LOAD build/gd32v_mpu6500_if.o
LOAD build/lcd.o
LOAD build/main.o
LOAD build/mpu6500_driver.o
LOAD build/start.o
LOAD build/entry.o
LOAD build/drivers.o
LOAD c:/users/karzan/downloads/toolchain-gd32v-v202-win/toolchain-gd32v-v202-win/compiler/bin/../lib/gcc/riscv64-unknown-elf/8.3.0/rv32imac/ilp32\libgcc.a
LOAD c:/users/karzan/downloads/toolchain-gd32v-v202-win/toolchain-gd32v-v202-win/compiler/bin/../lib/gcc/riscv64-unknown-elf/8.3.0/../../../../riscv64-unknown-elf/lib/rv32imac/ilp32\libc_nano.a
LOAD c:/users/karzan/downloads/toolchain-gd32v-v202-win/toolchain-gd32v-v202-win/compiler/bin/../lib/gcc/riscv64-unknown-elf/8.3.0/rv32imac/ilp32\libgcc.a
START GROUP
LOAD c:/users/karzan/downloads/toolchain-gd32v-v202-win/toolchain-gd32v-v202-win/compiler/bin/../lib/gcc/riscv64-unknown-elf/8.3.0/rv32imac/ilp32\libgcc.a
LOAD c:/users/karzan/downloads/toolchain-gd32v-v202-win/toolchain-gd32v-v202-win/compiler/bin/../lib/gcc/riscv64-unknown-elf/8.3.0/../../../../riscv64-unknown-elf/lib/rv32imac/ilp32\libc_nano.a
LOAD c:/users/karzan/downloads/toolchain-gd32v-v202-win/toolchain-gd32v-v202-win/compiler/bin/../lib/gcc/riscv64-unknown-elf/8.3.0/../../../../riscv64-unknown-elf/lib/rv32imac/ilp32\libgloss_nano.a
END GROUP
                0x0000000000001000                __stack_size = DEFINED (__stack_size)?__stack_size:0x1000
                0x0000000000000000                __dbg_stack_size = DEFINED (__dbg_stack_size)?__dbg_stack_size:0x0

.init           0x0000000008000000      0x254
 *(SORT_NONE(.init))
 .init          0x0000000008000000      0x254 build/start.o
                0x000000000800015c                _start
                0x0000000008000246                disable_mcycle_minstret
                0x000000000800024c                enable_mcycle_minstret

.ilalign        0x0000000008000254        0x0
                0x0000000008000254                . = ALIGN (0x4)
                [!provide]                        PROVIDE (_ilm_lma = .)

.ialign         0x0000000008000254        0x0
                [!provide]                        PROVIDE (_ilm = .)

.text           0x0000000008000280     0x2ac0
 *(.rodata .rodata.*)
 .rodata        0x0000000008000280       0x10 build/gd32vf103_rcu.o
 .rodata._exit.str1.4
                0x0000000008000290       0x1f build/_exit.o
                                         0x23 (size before relaxing)
 *fill*         0x00000000080002af        0x1 
 .rodata.write_hex.str1.4
                0x00000000080002b0        0x3 build/write_hex.o
 *fill*         0x00000000080002b3        0x1 
 .rodata.handle_nmi.str1.4
                0x00000000080002b4        0x5 build/handlers.o
 *fill*         0x00000000080002b9        0x3 
 .rodata.handle_trap.str1.4
                0x00000000080002bc        0x8 build/handlers.o
                                          0x6 (size before relaxing)
 *fill*         0x00000000080002c4        0x4 
 .rodata.mpu_delay.cst8
                0x00000000080002c8        0x8 build/gd32v_mpu6500_if.o
 .rodata.main.cst4
                0x00000000080002d0        0xc build/main.o
 .rodata        0x00000000080002dc       0x3c c:/users/karzan/downloads/toolchain-gd32v-v202-win/toolchain-gd32v-v202-win/compiler/bin/../lib/gcc/riscv64-unknown-elf/8.3.0/rv32imac/ilp32\libgcc.a(divdf3.o)
 .rodata        0x0000000008000318       0x3c c:/users/karzan/downloads/toolchain-gd32v-v202-win/toolchain-gd32v-v202-win/compiler/bin/../lib/gcc/riscv64-unknown-elf/8.3.0/rv32imac/ilp32\libgcc.a(muldf3.o)
 .rodata        0x0000000008000354       0x3c c:/users/karzan/downloads/toolchain-gd32v-v202-win/toolchain-gd32v-v202-win/compiler/bin/../lib/gcc/riscv64-unknown-elf/8.3.0/rv32imac/ilp32\libgcc.a(divsf3.o)
 .rodata        0x0000000008000390      0x100 c:/users/karzan/downloads/toolchain-gd32v-v202-win/toolchain-gd32v-v202-win/compiler/bin/../lib/gcc/riscv64-unknown-elf/8.3.0/rv32imac/ilp32\libgcc.a(_clz.o)
                0x0000000008000390                __clz_tab
 *(.text.unlikely .text.unlikely.*)
 *(.text.startup .text.startup.*)
 .text.startup.main
                0x0000000008000490      0x17c build/main.o
                0x0000000008000490                main
 *(.text .text.*)
 .text.gpio_init
                0x000000000800060c       0xa4 build/gd32vf103_gpio.o
                0x000000000800060c                gpio_init
 .text.gpio_bit_set
                0x00000000080006b0        0x4 build/gd32vf103_gpio.o
                0x00000000080006b0                gpio_bit_set
 .text.gpio_bit_reset
                0x00000000080006b4        0x4 build/gd32vf103_gpio.o
                0x00000000080006b4                gpio_bit_reset
 .text.i2c_clock_config
                0x00000000080006b8      0x142 build/gd32vf103_i2c.o
                0x00000000080006b8                i2c_clock_config
 .text.i2c_ack_config
                0x00000000080007fa       0x18 build/gd32vf103_i2c.o
                0x00000000080007fa                i2c_ack_config
 .text.i2c_master_addressing
                0x0000000008000812       0x12 build/gd32vf103_i2c.o
                0x0000000008000812                i2c_master_addressing
 .text.i2c_enable
                0x0000000008000824        0xa build/gd32vf103_i2c.o
                0x0000000008000824                i2c_enable
 .text.i2c_start_on_bus
                0x000000000800082e        0xa build/gd32vf103_i2c.o
                0x000000000800082e                i2c_start_on_bus
 .text.i2c_stop_on_bus
                0x0000000008000838        0xa build/gd32vf103_i2c.o
                0x0000000008000838                i2c_stop_on_bus
 .text.i2c_data_transmit
                0x0000000008000842        0x4 build/gd32vf103_i2c.o
                0x0000000008000842                i2c_data_transmit
 .text.i2c_data_receive
                0x0000000008000846        0x8 build/gd32vf103_i2c.o
                0x0000000008000846                i2c_data_receive
 .text.i2c_flag_get
                0x000000000800084e       0x14 build/gd32vf103_i2c.o
                0x000000000800084e                i2c_flag_get
 .text.i2c_flag_clear
                0x0000000008000862       0x2a build/gd32vf103_i2c.o
                0x0000000008000862                i2c_flag_clear
 .text.rcu_periph_clock_enable
                0x000000000800088c       0x18 build/gd32vf103_rcu.o
                0x000000000800088c                rcu_periph_clock_enable
 .text.rcu_clock_freq_get
                0x00000000080008a4      0x13a build/gd32vf103_rcu.o
                0x00000000080008a4                rcu_clock_freq_get
 .text.spi_i2s_data_transmit
                0x00000000080009de        0x4 build/gd32vf103_spi.o
                0x00000000080009de                spi_i2s_data_transmit
 .text.spi_i2s_flag_get
                0x00000000080009e2        0xa build/gd32vf103_spi.o
                0x00000000080009e2                spi_i2s_flag_get
 .text.SystemInit
                0x00000000080009ec      0x11c build/system_gd32vf103.o
                0x00000000080009ec                SystemInit
 .text._exit    0x0000000008000b08       0x4c build/_exit.o
                0x0000000008000b08                _exit
 .text.write_hex
                0x0000000008000b54       0x7c build/write_hex.o
                0x0000000008000b54                write_hex
 .text.get_timer_value
                0x0000000008000bd0       0x10 build/n200_func.o
                0x0000000008000bd0                get_timer_value
 .text.eclic_init
                0x0000000008000be0       0x22 build/n200_func.o
                0x0000000008000be0                eclic_init
 .text.eclic_mode_enable
                0x0000000008000c02       0x12 build/n200_func.o
                0x0000000008000c02                eclic_mode_enable
 .text.handle_nmi
                0x0000000008000c14       0x22 build/handlers.o
                0x0000000008000c14                handle_nmi
 .text.handle_trap
                0x0000000008000c36       0x38 build/handlers.o
                0x0000000008000c36                handle_trap
 .text._init    0x0000000008000c6e       0x2c build/init.o
                0x0000000008000c6e                _init
 .text._fini    0x0000000008000c9a        0x2 build/init.o
                0x0000000008000c9a                _fini
 .text.mpu_delay
                0x0000000008000c9c       0xce build/gd32v_mpu6500_if.o
                0x0000000008000c9c                mpu_delay
 .text.i2c_master_read_register
                0x0000000008000d6a      0x140 build/gd32v_mpu6500_if.o
                0x0000000008000d6a                i2c_master_read_register
 .text.i2c_master_write_register
                0x0000000008000eaa       0xea build/gd32v_mpu6500_if.o
                0x0000000008000eaa                i2c_master_write_register
 .text.i2c_master_init
                0x0000000008000f94       0x28 build/gd32v_mpu6500_if.o
                0x0000000008000f94                i2c_master_init
 .text.mpu6500_install
                0x0000000008000fbc       0x40 build/gd32v_mpu6500_if.o
                0x0000000008000fbc                mpu6500_install
 .text.LCD_WR_Queue
                0x0000000008000ffc       0xc2 build/lcd.o
                0x0000000008000ffc                LCD_WR_Queue
 .text.LCD_Wait_On_Queue
                0x00000000080010be       0x30 build/lcd.o
                0x00000000080010be                LCD_Wait_On_Queue
 .text.LCD_Write_Bus
                0x00000000080010ee       0x58 build/lcd.o
                0x00000000080010ee                LCD_Write_Bus
 .text.LCD_WR_DATA
                0x0000000008001146       0x2c build/lcd.o
                0x0000000008001146                LCD_WR_DATA
 .text.LCD_Address_Set
                0x0000000008001172       0x82 build/lcd.o
                0x0000000008001172                LCD_Address_Set
 .text.LCD_DrawPoint
                0x00000000080011f4       0x24 build/lcd.o
                0x00000000080011f4                LCD_DrawPoint
 .text.LCD_DrawLine
                0x0000000008001218       0xa4 build/lcd.o
                0x0000000008001218                LCD_DrawLine
 .text.Draw_Circle
                0x00000000080012bc       0xf2 build/lcd.o
                0x00000000080012bc                Draw_Circle
 .text.read_mpu
                0x00000000080013ae       0x1a build/mpu6500_driver.o
                0x00000000080013ae                read_mpu
 .text.write_mpu
                0x00000000080013c8       0x1a build/mpu6500_driver.o
                0x00000000080013c8                write_mpu
 .text.mpu6500_init
                0x00000000080013e2      0x126 build/mpu6500_driver.o
                0x00000000080013e2                mpu6500_init
 .text.mpu6500_getAccel
                0x0000000008001508       0x76 build/mpu6500_driver.o
                0x0000000008001508                mpu6500_getAccel
 *fill*         0x000000000800157e        0x2 
 .text.trap     0x0000000008001580       0x82 build/entry.o
                0x0000000008001580                trap_entry
 *fill*         0x0000000008001602        0x2 
 .text.irq      0x0000000008001604       0x72 build/entry.o
                0x0000000008001604                irq_entry
 .text          0x0000000008001676      0x546 c:/users/karzan/downloads/toolchain-gd32v-v202-win/toolchain-gd32v-v202-win/compiler/bin/../lib/gcc/riscv64-unknown-elf/8.3.0/rv32imac/ilp32\libgcc.a(divdf3.o)
                0x0000000008001676                __divdf3
 .text          0x0000000008001bbc       0xa4 c:/users/karzan/downloads/toolchain-gd32v-v202-win/toolchain-gd32v-v202-win/compiler/bin/../lib/gcc/riscv64-unknown-elf/8.3.0/rv32imac/ilp32\libgcc.a(ledf2.o)
                0x0000000008001bbc                __ledf2
                0x0000000008001bbc                __ltdf2
 .text          0x0000000008001c60      0x44c c:/users/karzan/downloads/toolchain-gd32v-v202-win/toolchain-gd32v-v202-win/compiler/bin/../lib/gcc/riscv64-unknown-elf/8.3.0/rv32imac/ilp32\libgcc.a(muldf3.o)
                0x0000000008001c60                __muldf3
 .text          0x00000000080020ac       0x70 c:/users/karzan/downloads/toolchain-gd32v-v202-win/toolchain-gd32v-v202-win/compiler/bin/../lib/gcc/riscv64-unknown-elf/8.3.0/rv32imac/ilp32\libgcc.a(floatsidf.o)
                0x00000000080020ac                __floatsidf
 .text          0x000000000800211c       0x56 c:/users/karzan/downloads/toolchain-gd32v-v202-win/toolchain-gd32v-v202-win/compiler/bin/../lib/gcc/riscv64-unknown-elf/8.3.0/rv32imac/ilp32\libgcc.a(floatunsidf.o)
                0x000000000800211c                __floatunsidf
 .text          0x0000000008002172      0x166 c:/users/karzan/downloads/toolchain-gd32v-v202-win/toolchain-gd32v-v202-win/compiler/bin/../lib/gcc/riscv64-unknown-elf/8.3.0/rv32imac/ilp32\libgcc.a(floatundidf.o)
                0x0000000008002172                __floatundidf
 .text          0x00000000080022d8      0x312 c:/users/karzan/downloads/toolchain-gd32v-v202-win/toolchain-gd32v-v202-win/compiler/bin/../lib/gcc/riscv64-unknown-elf/8.3.0/rv32imac/ilp32\libgcc.a(addsf3.o)
                0x00000000080022d8                __addsf3
 .text          0x00000000080025ea      0x256 c:/users/karzan/downloads/toolchain-gd32v-v202-win/toolchain-gd32v-v202-win/compiler/bin/../lib/gcc/riscv64-unknown-elf/8.3.0/rv32imac/ilp32\libgcc.a(divsf3.o)
                0x00000000080025ea                __divsf3
 .text          0x0000000008002840       0x78 c:/users/karzan/downloads/toolchain-gd32v-v202-win/toolchain-gd32v-v202-win/compiler/bin/../lib/gcc/riscv64-unknown-elf/8.3.0/rv32imac/ilp32\libgcc.a(lesf2.o)
                0x0000000008002840                __ltsf2
                0x0000000008002840                __lesf2
 .text          0x00000000080028b8       0x54 c:/users/karzan/downloads/toolchain-gd32v-v202-win/toolchain-gd32v-v202-win/compiler/bin/../lib/gcc/riscv64-unknown-elf/8.3.0/rv32imac/ilp32\libgcc.a(fixunssfsi.o)
                0x00000000080028b8                __fixunssfsi
 .text          0x000000000800290c       0xc0 c:/users/karzan/downloads/toolchain-gd32v-v202-win/toolchain-gd32v-v202-win/compiler/bin/../lib/gcc/riscv64-unknown-elf/8.3.0/rv32imac/ilp32\libgcc.a(floatsisf.o)
                0x000000000800290c                __floatsisf
 .text          0x00000000080029cc       0x2a c:/users/karzan/downloads/toolchain-gd32v-v202-win/toolchain-gd32v-v202-win/compiler/bin/../lib/gcc/riscv64-unknown-elf/8.3.0/rv32imac/ilp32\libgcc.a(_lshrdi3.o)
                0x00000000080029cc                __lshrdi3
 .text          0x00000000080029f6       0x2a c:/users/karzan/downloads/toolchain-gd32v-v202-win/toolchain-gd32v-v202-win/compiler/bin/../lib/gcc/riscv64-unknown-elf/8.3.0/rv32imac/ilp32\libgcc.a(_ashldi3.o)
                0x00000000080029f6                __ashldi3
 .text          0x0000000008002a20       0x3c c:/users/karzan/downloads/toolchain-gd32v-v202-win/toolchain-gd32v-v202-win/compiler/bin/../lib/gcc/riscv64-unknown-elf/8.3.0/rv32imac/ilp32\libgcc.a(_clzsi2.o)
                0x0000000008002a20                __clzsi2
 .text.atexit   0x0000000008002a5c       0x10 c:/users/karzan/downloads/toolchain-gd32v-v202-win/toolchain-gd32v-v202-win/compiler/bin/../lib/gcc/riscv64-unknown-elf/8.3.0/../../../../riscv64-unknown-elf/lib/rv32imac/ilp32\libc_nano.a(lib_a-atexit.o)
                0x0000000008002a5c                atexit
 .text.exit     0x0000000008002a6c       0x36 c:/users/karzan/downloads/toolchain-gd32v-v202-win/toolchain-gd32v-v202-win/compiler/bin/../lib/gcc/riscv64-unknown-elf/8.3.0/../../../../riscv64-unknown-elf/lib/rv32imac/ilp32\libc_nano.a(lib_a-exit.o)
                0x0000000008002a6c                exit
 .text.__libc_fini_array
                0x0000000008002aa2       0x38 c:/users/karzan/downloads/toolchain-gd32v-v202-win/toolchain-gd32v-v202-win/compiler/bin/../lib/gcc/riscv64-unknown-elf/8.3.0/../../../../riscv64-unknown-elf/lib/rv32imac/ilp32\libc_nano.a(lib_a-fini.o)
                0x0000000008002aa2                __libc_fini_array
 .text.__libc_init_array
                0x0000000008002ada       0x6a c:/users/karzan/downloads/toolchain-gd32v-v202-win/toolchain-gd32v-v202-win/compiler/bin/../lib/gcc/riscv64-unknown-elf/8.3.0/../../../../riscv64-unknown-elf/lib/rv32imac/ilp32\libc_nano.a(lib_a-init.o)
                0x0000000008002ada                __libc_init_array
 .text          0x0000000008002b44       0x16 c:/users/karzan/downloads/toolchain-gd32v-v202-win/toolchain-gd32v-v202-win/compiler/bin/../lib/gcc/riscv64-unknown-elf/8.3.0/../../../../riscv64-unknown-elf/lib/rv32imac/ilp32\libc_nano.a(lib_a-memcpy-asm.o)
                0x0000000008002b44                memcpy
 .text.write    0x0000000008002b5a       0x18 c:/users/karzan/downloads/toolchain-gd32v-v202-win/toolchain-gd32v-v202-win/compiler/bin/../lib/gcc/riscv64-unknown-elf/8.3.0/../../../../riscv64-unknown-elf/lib/rv32imac/ilp32\libc_nano.a(lib_a-syswrite.o)
                0x0000000008002b5a                write
 .text._write_r
                0x0000000008002b72       0x3a c:/users/karzan/downloads/toolchain-gd32v-v202-win/toolchain-gd32v-v202-win/compiler/bin/../lib/gcc/riscv64-unknown-elf/8.3.0/../../../../riscv64-unknown-elf/lib/rv32imac/ilp32\libc_nano.a(lib_a-writer.o)
                0x0000000008002b72                _write_r
 .text.__register_exitproc
                0x0000000008002bac       0x8c c:/users/karzan/downloads/toolchain-gd32v-v202-win/toolchain-gd32v-v202-win/compiler/bin/../lib/gcc/riscv64-unknown-elf/8.3.0/../../../../riscv64-unknown-elf/lib/rv32imac/ilp32\libc_nano.a(lib_a-__atexit.o)
                0x0000000008002bac                __register_exitproc
 .text.__call_exitprocs
                0x0000000008002c38       0xc8 c:/users/karzan/downloads/toolchain-gd32v-v202-win/toolchain-gd32v-v202-win/compiler/bin/../lib/gcc/riscv64-unknown-elf/8.3.0/../../../../riscv64-unknown-elf/lib/rv32imac/ilp32\libc_nano.a(lib_a-__call_atexit.o)
                0x0000000008002c38                __call_exitprocs
 .text._write   0x0000000008002d00       0x34 c:/users/karzan/downloads/toolchain-gd32v-v202-win/toolchain-gd32v-v202-win/compiler/bin/../lib/gcc/riscv64-unknown-elf/8.3.0/../../../../riscv64-unknown-elf/lib/rv32imac/ilp32\libgloss_nano.a(sys_write.o)
                0x0000000008002d00                _write
 .text.__errno  0x0000000008002d34        0xc c:/users/karzan/downloads/toolchain-gd32v-v202-win/toolchain-gd32v-v202-win/compiler/bin/../lib/gcc/riscv64-unknown-elf/8.3.0/../../../../riscv64-unknown-elf/lib/rv32imac/ilp32\libc_nano.a(lib_a-errno.o)
                0x0000000008002d34                __errno
 *(.gnu.linkonce.t.*)

.sdata2._global_impure_ptr
                0x0000000008002d40        0x4
 .sdata2._global_impure_ptr
                0x0000000008002d40        0x4 c:/users/karzan/downloads/toolchain-gd32v-v202-win/toolchain-gd32v-v202-win/compiler/bin/../lib/gcc/riscv64-unknown-elf/8.3.0/../../../../riscv64-unknown-elf/lib/rv32imac/ilp32\libc_nano.a(lib_a-impure.o)
                0x0000000008002d40                _global_impure_ptr

.rela.dyn       0x0000000008002d44        0x0
 .rela.text.handle_trap
                0x0000000008002d44        0x0 build/gd32vf103_gpio.o
 .rela.text.mpu6500_install
                0x0000000008002d44        0x0 build/gd32vf103_gpio.o
 .rela.text.read_mpu
                0x0000000008002d44        0x0 build/gd32vf103_gpio.o
 .rela.text.write_mpu
                0x0000000008002d44        0x0 build/gd32vf103_gpio.o
 .rela.text.mpu6500_init
                0x0000000008002d44        0x0 build/gd32vf103_gpio.o
 .rela.init     0x0000000008002d44        0x0 build/gd32vf103_gpio.o
 .rela.text.trap
                0x0000000008002d44        0x0 build/gd32vf103_gpio.o
 .rela.text.__libc_fini_array
                0x0000000008002d44        0x0 build/gd32vf103_gpio.o
 .rela.data.impure_data
                0x0000000008002d44        0x0 build/gd32vf103_gpio.o
 .rela.text.__libc_init_array
                0x0000000008002d44        0x0 build/gd32vf103_gpio.o
 .rela.text._write_r
                0x0000000008002d44        0x0 build/gd32vf103_gpio.o
 .rela.text.__register_exitproc
                0x0000000008002d44        0x0 build/gd32vf103_gpio.o

.fini
 *(SORT_NONE(.fini))
                0x0000000008002d44                . = ALIGN (0x4)
                [!provide]                        PROVIDE (__etext = .)
                [!provide]                        PROVIDE (_etext = .)
                [!provide]                        PROVIDE (etext = .)
                [!provide]                        PROVIDE (_eilm = .)

.preinit_array  0x0000000008002d44        0x0
                0x0000000008002d44                PROVIDE (__preinit_array_start = .)
 *(.preinit_array)
                0x0000000008002d44                PROVIDE (__preinit_array_end = .)

.init_array     0x0000000008002d44        0x0
                0x0000000008002d44                PROVIDE (__init_array_start = .)
 *(SORT_BY_INIT_PRIORITY(.init_array.*) SORT_BY_INIT_PRIORITY(.ctors.*))
 *(.init_array EXCLUDE_FILE(*crtend?.o *crtend.o *crtbegin?.o *crtbegin.o) .ctors)
                0x0000000008002d44                PROVIDE (__init_array_end = .)

.fini_array     0x0000000008002d44        0x0
                0x0000000008002d44                PROVIDE (__fini_array_start = .)
 *(SORT_BY_INIT_PRIORITY(.fini_array.*) SORT_BY_INIT_PRIORITY(.dtors.*))
 *(.fini_array EXCLUDE_FILE(*crtend?.o *crtend.o *crtbegin?.o *crtbegin.o) .dtors)
                0x0000000008002d44                PROVIDE (__fini_array_end = .)

.ctors
 *crtbegin.o(.ctors)
 *crtbegin?.o(.ctors)
 *(EXCLUDE_FILE(*crtend?.o *crtend.o) .ctors)
 *(SORT_BY_NAME(.ctors.*))
 *(.ctors)

.dtors
 *crtbegin.o(.dtors)
 *crtbegin?.o(.dtors)
 *(EXCLUDE_FILE(*crtend?.o *crtend.o) .dtors)
 *(SORT_BY_NAME(.dtors.*))
 *(.dtors)
                0x0000000008002d44                . = ALIGN (0x4)
                [!provide]                        PROVIDE (_eilm = .)

.lalign         0x0000000008002d44        0x0
                0x0000000008002d44                . = ALIGN (0x4)
                0x0000000008002d44                PROVIDE (_data_lma = .)

.dalign         0x0000000020000000        0x0 load address 0x0000000008002d44
                0x0000000020000000                . = ALIGN (0x4)
                0x0000000020000000                PROVIDE (_data = .)

.data           0x0000000020000000       0x68 load address 0x0000000008002d44
 *(.rdata)
 *(.gnu.linkonce.r.*)
 *(.data .data.*)
 .data.impure_data
                0x0000000020000000       0x60 c:/users/karzan/downloads/toolchain-gd32v-v202-win/toolchain-gd32v-v202-win/compiler/bin/../lib/gcc/riscv64-unknown-elf/8.3.0/../../../../riscv64-unknown-elf/lib/rv32imac/ilp32\libc_nano.a(lib_a-impure.o)
 *(.gnu.linkonce.d.*)
                0x0000000020000060                . = ALIGN (0x8)
                0x0000000020000860                PROVIDE (__global_pointer$ = (. + 0x800))
 *(.sdata .sdata.*)
 .sdata.SystemCoreClock
                0x0000000020000060        0x4 build/system_gd32vf103.o
                0x0000000020000060                SystemCoreClock
 .sdata._impure_ptr
                0x0000000020000064        0x4 c:/users/karzan/downloads/toolchain-gd32v-v202-win/toolchain-gd32v-v202-win/compiler/bin/../lib/gcc/riscv64-unknown-elf/8.3.0/../../../../riscv64-unknown-elf/lib/rv32imac/ilp32\libc_nano.a(lib_a-impure.o)
                0x0000000020000064                _impure_ptr
 *(.gnu.linkonce.s.*)
                0x0000000020000068                . = ALIGN (0x8)
 *(.srodata.cst16)
 *(.srodata.cst8)
 *(.srodata.cst4)
 *(.srodata.cst2)
 *(.srodata .srodata.*)
                0x0000000020000068                . = ALIGN (0x4)
                0x0000000020000068                PROVIDE (_edata = .)
                [!provide]                        PROVIDE (edata = .)
                [!provide]                        PROVIDE (_fbss = .)
                0x0000000020000068                PROVIDE (__bss_start = .)

.bss            0x0000000020000068      0x4b4
 *(.sbss*)
 .sbss.lcd_conf
                0x0000000020000068        0x4 build/lcd.o
                0x0000000020000068                lcd_conf
 .sbss.r        0x000000002000006c        0x4 build/lcd.o
                0x000000002000006c                r
 .sbss.w        0x0000000020000070        0x4 build/lcd.o
                0x0000000020000070                w
 .sbss._global_atexit
                0x0000000020000074        0x4 c:/users/karzan/downloads/toolchain-gd32v-v202-win/toolchain-gd32v-v202-win/compiler/bin/../lib/gcc/riscv64-unknown-elf/8.3.0/../../../../riscv64-unknown-elf/lib/rv32imac/ilp32\libc_nano.a(lib_a-__call_atexit.o)
                0x0000000020000074                _global_atexit
 *(.gnu.linkonce.sb.*)
 *(.bss .bss.*)
 .bss.queue     0x0000000020000078      0x400 build/lcd.o
                0x0000000020000078                queue
 .bss._global_atexit0
                0x0000000020000478       0x8c c:/users/karzan/downloads/toolchain-gd32v-v202-win/toolchain-gd32v-v202-win/compiler/bin/../lib/gcc/riscv64-unknown-elf/8.3.0/../../../../riscv64-unknown-elf/lib/rv32imac/ilp32\libc_nano.a(lib_a-__atexit.o)
 *(.gnu.linkonce.b.*)
 *(COMMON)
 COMMON         0x0000000020000504        0x4 build/gd32v_mpu6500_if.o
                0x0000000020000504                i2c_port
 COMMON         0x0000000020000508       0x10 build/mpu6500_driver.o
                0x0000000020000508                cb
 COMMON         0x0000000020000518        0x4 c:/users/karzan/downloads/toolchain-gd32v-v202-win/toolchain-gd32v-v202-win/compiler/bin/../lib/gcc/riscv64-unknown-elf/8.3.0/../../../../riscv64-unknown-elf/lib/rv32imac/ilp32\libc_nano.a(lib_a-reent.o)
                0x0000000020000518                errno
                0x000000002000051c                . = ALIGN (0x4)
                0x0000000020000520                . = ALIGN (0x8)
                0x0000000020000520                PROVIDE (_end = .)
                [!provide]                        PROVIDE (end = .)

.stack          0x0000000020007000     0x1000 load address 0x000000002000051c
                0x0000000020007000                PROVIDE (_heap_end = .)
                0x0000000000001000                . = __stack_size
 *fill*         0x0000000020007000     0x1000 
                0x0000000020008000                PROVIDE (_sp = .)
                0x0000000000001000                . = (__dbg_stack_size + __stack_size)
                [!provide]                        PROVIDE (_dbg_sp = .)
OUTPUT(build/gd32vf103.elf elf32-littleriscv)

.debug_info     0x0000000000000000    0x11a08
 .debug_info    0x0000000000000000      0x6f6 build/gd32vf103_gpio.o
 .debug_info    0x00000000000006f6      0xbfd build/gd32vf103_i2c.o
 .debug_info    0x00000000000012f3      0xf51 build/gd32vf103_rcu.o
 .debug_info    0x0000000000002244      0xa73 build/gd32vf103_spi.o
 .debug_info    0x0000000000002cb7      0x203 build/system_gd32vf103.o
 .debug_info    0x0000000000002eba      0x1d3 build/_exit.o
 .debug_info    0x000000000000308d      0x1bb build/write_hex.o
 .debug_info    0x0000000000003248     0x18a2 build/n200_func.o
 .debug_info    0x0000000000004aea      0xb4f build/handlers.o
 .debug_info    0x0000000000005639      0xcb0 build/init.o
 .debug_info    0x00000000000062e9     0x1139 build/gd32v_mpu6500_if.o
 .debug_info    0x0000000000007422     0x2fa5 build/lcd.o
 .debug_info    0x000000000000a3c7      0xdf5 build/main.o
 .debug_info    0x000000000000b1bc     0x10aa build/mpu6500_driver.o
 .debug_info    0x000000000000c266       0x26 build/start.o
 .debug_info    0x000000000000c28c       0x22 build/entry.o
 .debug_info    0x000000000000c2ae      0x734 c:/users/karzan/downloads/toolchain-gd32v-v202-win/toolchain-gd32v-v202-win/compiler/bin/../lib/gcc/riscv64-unknown-elf/8.3.0/rv32imac/ilp32\libgcc.a(divdf3.o)
 .debug_info    0x000000000000c9e2      0x286 c:/users/karzan/downloads/toolchain-gd32v-v202-win/toolchain-gd32v-v202-win/compiler/bin/../lib/gcc/riscv64-unknown-elf/8.3.0/rv32imac/ilp32\libgcc.a(ledf2.o)
 .debug_info    0x000000000000cc68      0x76c c:/users/karzan/downloads/toolchain-gd32v-v202-win/toolchain-gd32v-v202-win/compiler/bin/../lib/gcc/riscv64-unknown-elf/8.3.0/rv32imac/ilp32\libgcc.a(muldf3.o)
 .debug_info    0x000000000000d3d4      0x2c0 c:/users/karzan/downloads/toolchain-gd32v-v202-win/toolchain-gd32v-v202-win/compiler/bin/../lib/gcc/riscv64-unknown-elf/8.3.0/rv32imac/ilp32\libgcc.a(floatsidf.o)
 .debug_info    0x000000000000d694      0x2af c:/users/karzan/downloads/toolchain-gd32v-v202-win/toolchain-gd32v-v202-win/compiler/bin/../lib/gcc/riscv64-unknown-elf/8.3.0/rv32imac/ilp32\libgcc.a(floatunsidf.o)
 .debug_info    0x000000000000d943      0x2e8 c:/users/karzan/downloads/toolchain-gd32v-v202-win/toolchain-gd32v-v202-win/compiler/bin/../lib/gcc/riscv64-unknown-elf/8.3.0/rv32imac/ilp32\libgcc.a(floatundidf.o)
 .debug_info    0x000000000000dc2b      0x351 c:/users/karzan/downloads/toolchain-gd32v-v202-win/toolchain-gd32v-v202-win/compiler/bin/../lib/gcc/riscv64-unknown-elf/8.3.0/rv32imac/ilp32\libgcc.a(addsf3.o)
 .debug_info    0x000000000000df7c      0x3bf c:/users/karzan/downloads/toolchain-gd32v-v202-win/toolchain-gd32v-v202-win/compiler/bin/../lib/gcc/riscv64-unknown-elf/8.3.0/rv32imac/ilp32\libgcc.a(divsf3.o)
 .debug_info    0x000000000000e33b      0x264 c:/users/karzan/downloads/toolchain-gd32v-v202-win/toolchain-gd32v-v202-win/compiler/bin/../lib/gcc/riscv64-unknown-elf/8.3.0/rv32imac/ilp32\libgcc.a(lesf2.o)
 .debug_info    0x000000000000e59f      0x1e7 c:/users/karzan/downloads/toolchain-gd32v-v202-win/toolchain-gd32v-v202-win/compiler/bin/../lib/gcc/riscv64-unknown-elf/8.3.0/rv32imac/ilp32\libgcc.a(fixunssfsi.o)
 .debug_info    0x000000000000e786      0x25d c:/users/karzan/downloads/toolchain-gd32v-v202-win/toolchain-gd32v-v202-win/compiler/bin/../lib/gcc/riscv64-unknown-elf/8.3.0/rv32imac/ilp32\libgcc.a(floatsisf.o)
 .debug_info    0x000000000000e9e3      0xc72 c:/users/karzan/downloads/toolchain-gd32v-v202-win/toolchain-gd32v-v202-win/compiler/bin/../lib/gcc/riscv64-unknown-elf/8.3.0/rv32imac/ilp32\libgcc.a(_lshrdi3.o)
 .debug_info    0x000000000000f655      0xc72 c:/users/karzan/downloads/toolchain-gd32v-v202-win/toolchain-gd32v-v202-win/compiler/bin/../lib/gcc/riscv64-unknown-elf/8.3.0/rv32imac/ilp32\libgcc.a(_ashldi3.o)
 .debug_info    0x00000000000102c7      0xbd7 c:/users/karzan/downloads/toolchain-gd32v-v202-win/toolchain-gd32v-v202-win/compiler/bin/../lib/gcc/riscv64-unknown-elf/8.3.0/rv32imac/ilp32\libgcc.a(_clzsi2.o)
 .debug_info    0x0000000000010e9e      0xb6a c:/users/karzan/downloads/toolchain-gd32v-v202-win/toolchain-gd32v-v202-win/compiler/bin/../lib/gcc/riscv64-unknown-elf/8.3.0/rv32imac/ilp32\libgcc.a(_clz.o)

.debug_abbrev   0x0000000000000000     0x3c34
 .debug_abbrev  0x0000000000000000      0x228 build/gd32vf103_gpio.o
 .debug_abbrev  0x0000000000000228      0x1e9 build/gd32vf103_i2c.o
 .debug_abbrev  0x0000000000000411      0x259 build/gd32vf103_rcu.o
 .debug_abbrev  0x000000000000066a      0x21a build/gd32vf103_spi.o
 .debug_abbrev  0x0000000000000884       0xe0 build/system_gd32vf103.o
 .debug_abbrev  0x0000000000000964       0xec build/_exit.o
 .debug_abbrev  0x0000000000000a50       0xfa build/write_hex.o
 .debug_abbrev  0x0000000000000b4a      0x4db build/n200_func.o
 .debug_abbrev  0x0000000000001025      0x234 build/handlers.o
 .debug_abbrev  0x0000000000001259      0x22b build/init.o
 .debug_abbrev  0x0000000000001484      0x2bd build/gd32v_mpu6500_if.o
 .debug_abbrev  0x0000000000001741      0x55b build/lcd.o
 .debug_abbrev  0x0000000000001c9c      0x28f build/main.o
 .debug_abbrev  0x0000000000001f2b      0x2dc build/mpu6500_driver.o
 .debug_abbrev  0x0000000000002207       0x14 build/start.o
 .debug_abbrev  0x000000000000221b       0x12 build/entry.o
 .debug_abbrev  0x000000000000222d      0x187 c:/users/karzan/downloads/toolchain-gd32v-v202-win/toolchain-gd32v-v202-win/compiler/bin/../lib/gcc/riscv64-unknown-elf/8.3.0/rv32imac/ilp32\libgcc.a(divdf3.o)
 .debug_abbrev  0x00000000000023b4      0x199 c:/users/karzan/downloads/toolchain-gd32v-v202-win/toolchain-gd32v-v202-win/compiler/bin/../lib/gcc/riscv64-unknown-elf/8.3.0/rv32imac/ilp32\libgcc.a(ledf2.o)
 .debug_abbrev  0x000000000000254d      0x197 c:/users/karzan/downloads/toolchain-gd32v-v202-win/toolchain-gd32v-v202-win/compiler/bin/../lib/gcc/riscv64-unknown-elf/8.3.0/rv32imac/ilp32\libgcc.a(muldf3.o)
 .debug_abbrev  0x00000000000026e4      0x181 c:/users/karzan/downloads/toolchain-gd32v-v202-win/toolchain-gd32v-v202-win/compiler/bin/../lib/gcc/riscv64-unknown-elf/8.3.0/rv32imac/ilp32\libgcc.a(floatsidf.o)
 .debug_abbrev  0x0000000000002865      0x178 c:/users/karzan/downloads/toolchain-gd32v-v202-win/toolchain-gd32v-v202-win/compiler/bin/../lib/gcc/riscv64-unknown-elf/8.3.0/rv32imac/ilp32\libgcc.a(floatunsidf.o)
 .debug_abbrev  0x00000000000029dd      0x19f c:/users/karzan/downloads/toolchain-gd32v-v202-win/toolchain-gd32v-v202-win/compiler/bin/../lib/gcc/riscv64-unknown-elf/8.3.0/rv32imac/ilp32\libgcc.a(floatundidf.o)
 .debug_abbrev  0x0000000000002b7c      0x191 c:/users/karzan/downloads/toolchain-gd32v-v202-win/toolchain-gd32v-v202-win/compiler/bin/../lib/gcc/riscv64-unknown-elf/8.3.0/rv32imac/ilp32\libgcc.a(addsf3.o)
 .debug_abbrev  0x0000000000002d0d      0x17a c:/users/karzan/downloads/toolchain-gd32v-v202-win/toolchain-gd32v-v202-win/compiler/bin/../lib/gcc/riscv64-unknown-elf/8.3.0/rv32imac/ilp32\libgcc.a(divsf3.o)
 .debug_abbrev  0x0000000000002e87      0x188 c:/users/karzan/downloads/toolchain-gd32v-v202-win/toolchain-gd32v-v202-win/compiler/bin/../lib/gcc/riscv64-unknown-elf/8.3.0/rv32imac/ilp32\libgcc.a(lesf2.o)
 .debug_abbrev  0x000000000000300f      0x179 c:/users/karzan/downloads/toolchain-gd32v-v202-win/toolchain-gd32v-v202-win/compiler/bin/../lib/gcc/riscv64-unknown-elf/8.3.0/rv32imac/ilp32\libgcc.a(fixunssfsi.o)
 .debug_abbrev  0x0000000000003188      0x198 c:/users/karzan/downloads/toolchain-gd32v-v202-win/toolchain-gd32v-v202-win/compiler/bin/../lib/gcc/riscv64-unknown-elf/8.3.0/rv32imac/ilp32\libgcc.a(floatsisf.o)
 .debug_abbrev  0x0000000000003320      0x275 c:/users/karzan/downloads/toolchain-gd32v-v202-win/toolchain-gd32v-v202-win/compiler/bin/../lib/gcc/riscv64-unknown-elf/8.3.0/rv32imac/ilp32\libgcc.a(_lshrdi3.o)
 .debug_abbrev  0x0000000000003595      0x275 c:/users/karzan/downloads/toolchain-gd32v-v202-win/toolchain-gd32v-v202-win/compiler/bin/../lib/gcc/riscv64-unknown-elf/8.3.0/rv32imac/ilp32\libgcc.a(_ashldi3.o)
 .debug_abbrev  0x000000000000380a      0x242 c:/users/karzan/downloads/toolchain-gd32v-v202-win/toolchain-gd32v-v202-win/compiler/bin/../lib/gcc/riscv64-unknown-elf/8.3.0/rv32imac/ilp32\libgcc.a(_clzsi2.o)
 .debug_abbrev  0x0000000000003a4c      0x1e8 c:/users/karzan/downloads/toolchain-gd32v-v202-win/toolchain-gd32v-v202-win/compiler/bin/../lib/gcc/riscv64-unknown-elf/8.3.0/rv32imac/ilp32\libgcc.a(_clz.o)

.debug_loc      0x0000000000000000     0x9026
 .debug_loc     0x0000000000000000      0x4ba build/gd32vf103_gpio.o
 .debug_loc     0x00000000000004ba      0x8a1 build/gd32vf103_i2c.o
 .debug_loc     0x0000000000000d5b      0xcf4 build/gd32vf103_rcu.o
 .debug_loc     0x0000000000001a4f      0x54e build/gd32vf103_spi.o
 .debug_loc     0x0000000000001f9d      0x173 build/system_gd32vf103.o
 .debug_loc     0x0000000000002110       0x3e build/_exit.o
 .debug_loc     0x000000000000214e      0x101 build/write_hex.o
 .debug_loc     0x000000000000224f      0xa1d build/n200_func.o
 .debug_loc     0x0000000000002c6c       0x7f build/handlers.o
 .debug_loc     0x0000000000002ceb       0x2c build/init.o
 .debug_loc     0x0000000000002d17      0x3e4 build/gd32v_mpu6500_if.o
 .debug_loc     0x00000000000030fb     0x1ec3 build/lcd.o
 .debug_loc     0x0000000000004fbe       0x21 build/main.o
 .debug_loc     0x0000000000004fdf      0x471 build/mpu6500_driver.o
 .debug_loc     0x0000000000005450     0x129b c:/users/karzan/downloads/toolchain-gd32v-v202-win/toolchain-gd32v-v202-win/compiler/bin/../lib/gcc/riscv64-unknown-elf/8.3.0/rv32imac/ilp32\libgcc.a(divdf3.o)
 .debug_loc     0x00000000000066eb      0x156 c:/users/karzan/downloads/toolchain-gd32v-v202-win/toolchain-gd32v-v202-win/compiler/bin/../lib/gcc/riscv64-unknown-elf/8.3.0/rv32imac/ilp32\libgcc.a(ledf2.o)
 .debug_loc     0x0000000000006841      0xd6e c:/users/karzan/downloads/toolchain-gd32v-v202-win/toolchain-gd32v-v202-win/compiler/bin/../lib/gcc/riscv64-unknown-elf/8.3.0/rv32imac/ilp32\libgcc.a(muldf3.o)
 .debug_loc     0x00000000000075af      0x159 c:/users/karzan/downloads/toolchain-gd32v-v202-win/toolchain-gd32v-v202-win/compiler/bin/../lib/gcc/riscv64-unknown-elf/8.3.0/rv32imac/ilp32\libgcc.a(floatsidf.o)
 .debug_loc     0x0000000000007708      0x15c c:/users/karzan/downloads/toolchain-gd32v-v202-win/toolchain-gd32v-v202-win/compiler/bin/../lib/gcc/riscv64-unknown-elf/8.3.0/rv32imac/ilp32\libgcc.a(floatunsidf.o)
 .debug_loc     0x0000000000007864      0x2ec c:/users/karzan/downloads/toolchain-gd32v-v202-win/toolchain-gd32v-v202-win/compiler/bin/../lib/gcc/riscv64-unknown-elf/8.3.0/rv32imac/ilp32\libgcc.a(floatundidf.o)
 .debug_loc     0x0000000000007b50      0x83c c:/users/karzan/downloads/toolchain-gd32v-v202-win/toolchain-gd32v-v202-win/compiler/bin/../lib/gcc/riscv64-unknown-elf/8.3.0/rv32imac/ilp32\libgcc.a(addsf3.o)
 .debug_loc     0x000000000000838c      0x758 c:/users/karzan/downloads/toolchain-gd32v-v202-win/toolchain-gd32v-v202-win/compiler/bin/../lib/gcc/riscv64-unknown-elf/8.3.0/rv32imac/ilp32\libgcc.a(divsf3.o)
 .debug_loc     0x0000000000008ae4      0x125 c:/users/karzan/downloads/toolchain-gd32v-v202-win/toolchain-gd32v-v202-win/compiler/bin/../lib/gcc/riscv64-unknown-elf/8.3.0/rv32imac/ilp32\libgcc.a(lesf2.o)
 .debug_loc     0x0000000000008c09      0x10a c:/users/karzan/downloads/toolchain-gd32v-v202-win/toolchain-gd32v-v202-win/compiler/bin/../lib/gcc/riscv64-unknown-elf/8.3.0/rv32imac/ilp32\libgcc.a(fixunssfsi.o)
 .debug_loc     0x0000000000008d13      0x1ac c:/users/karzan/downloads/toolchain-gd32v-v202-win/toolchain-gd32v-v202-win/compiler/bin/../lib/gcc/riscv64-unknown-elf/8.3.0/rv32imac/ilp32\libgcc.a(floatsisf.o)
 .debug_loc     0x0000000000008ebf       0x7e c:/users/karzan/downloads/toolchain-gd32v-v202-win/toolchain-gd32v-v202-win/compiler/bin/../lib/gcc/riscv64-unknown-elf/8.3.0/rv32imac/ilp32\libgcc.a(_lshrdi3.o)
 .debug_loc     0x0000000000008f3d       0x7e c:/users/karzan/downloads/toolchain-gd32v-v202-win/toolchain-gd32v-v202-win/compiler/bin/../lib/gcc/riscv64-unknown-elf/8.3.0/rv32imac/ilp32\libgcc.a(_ashldi3.o)
 .debug_loc     0x0000000000008fbb       0x6b c:/users/karzan/downloads/toolchain-gd32v-v202-win/toolchain-gd32v-v202-win/compiler/bin/../lib/gcc/riscv64-unknown-elf/8.3.0/rv32imac/ilp32\libgcc.a(_clzsi2.o)

.debug_aranges  0x0000000000000000      0x9f0
 .debug_aranges
                0x0000000000000000       0xa0 build/gd32vf103_gpio.o
 .debug_aranges
                0x00000000000000a0      0x110 build/gd32vf103_i2c.o
 .debug_aranges
                0x00000000000001b0      0x160 build/gd32vf103_rcu.o
 .debug_aranges
                0x0000000000000310      0x128 build/gd32vf103_spi.o
 .debug_aranges
                0x0000000000000438       0x28 build/system_gd32vf103.o
 .debug_aranges
                0x0000000000000460       0x20 build/_exit.o
 .debug_aranges
                0x0000000000000480       0x20 build/write_hex.o
 .debug_aranges
                0x00000000000004a0      0x140 build/n200_func.o
 .debug_aranges
                0x00000000000005e0       0x28 build/handlers.o
 .debug_aranges
                0x0000000000000608       0x28 build/init.o
 .debug_aranges
                0x0000000000000630       0x40 build/gd32v_mpu6500_if.o
 .debug_aranges
                0x0000000000000670       0xf0 build/lcd.o
 .debug_aranges
                0x0000000000000760       0x20 build/main.o
 .debug_aranges
                0x0000000000000780       0x50 build/mpu6500_driver.o
 .debug_aranges
                0x00000000000007d0       0x20 build/start.o
 .debug_aranges
                0x00000000000007f0       0x28 build/entry.o
 .debug_aranges
                0x0000000000000818       0x20 c:/users/karzan/downloads/toolchain-gd32v-v202-win/toolchain-gd32v-v202-win/compiler/bin/../lib/gcc/riscv64-unknown-elf/8.3.0/rv32imac/ilp32\libgcc.a(divdf3.o)
 .debug_aranges
                0x0000000000000838       0x20 c:/users/karzan/downloads/toolchain-gd32v-v202-win/toolchain-gd32v-v202-win/compiler/bin/../lib/gcc/riscv64-unknown-elf/8.3.0/rv32imac/ilp32\libgcc.a(ledf2.o)
 .debug_aranges
                0x0000000000000858       0x20 c:/users/karzan/downloads/toolchain-gd32v-v202-win/toolchain-gd32v-v202-win/compiler/bin/../lib/gcc/riscv64-unknown-elf/8.3.0/rv32imac/ilp32\libgcc.a(muldf3.o)
 .debug_aranges
                0x0000000000000878       0x20 c:/users/karzan/downloads/toolchain-gd32v-v202-win/toolchain-gd32v-v202-win/compiler/bin/../lib/gcc/riscv64-unknown-elf/8.3.0/rv32imac/ilp32\libgcc.a(floatsidf.o)
 .debug_aranges
                0x0000000000000898       0x20 c:/users/karzan/downloads/toolchain-gd32v-v202-win/toolchain-gd32v-v202-win/compiler/bin/../lib/gcc/riscv64-unknown-elf/8.3.0/rv32imac/ilp32\libgcc.a(floatunsidf.o)
 .debug_aranges
                0x00000000000008b8       0x20 c:/users/karzan/downloads/toolchain-gd32v-v202-win/toolchain-gd32v-v202-win/compiler/bin/../lib/gcc/riscv64-unknown-elf/8.3.0/rv32imac/ilp32\libgcc.a(floatundidf.o)
 .debug_aranges
                0x00000000000008d8       0x20 c:/users/karzan/downloads/toolchain-gd32v-v202-win/toolchain-gd32v-v202-win/compiler/bin/../lib/gcc/riscv64-unknown-elf/8.3.0/rv32imac/ilp32\libgcc.a(addsf3.o)
 .debug_aranges
                0x00000000000008f8       0x20 c:/users/karzan/downloads/toolchain-gd32v-v202-win/toolchain-gd32v-v202-win/compiler/bin/../lib/gcc/riscv64-unknown-elf/8.3.0/rv32imac/ilp32\libgcc.a(divsf3.o)
 .debug_aranges
                0x0000000000000918       0x20 c:/users/karzan/downloads/toolchain-gd32v-v202-win/toolchain-gd32v-v202-win/compiler/bin/../lib/gcc/riscv64-unknown-elf/8.3.0/rv32imac/ilp32\libgcc.a(lesf2.o)
 .debug_aranges
                0x0000000000000938       0x20 c:/users/karzan/downloads/toolchain-gd32v-v202-win/toolchain-gd32v-v202-win/compiler/bin/../lib/gcc/riscv64-unknown-elf/8.3.0/rv32imac/ilp32\libgcc.a(fixunssfsi.o)
 .debug_aranges
                0x0000000000000958       0x20 c:/users/karzan/downloads/toolchain-gd32v-v202-win/toolchain-gd32v-v202-win/compiler/bin/../lib/gcc/riscv64-unknown-elf/8.3.0/rv32imac/ilp32\libgcc.a(floatsisf.o)
 .debug_aranges
                0x0000000000000978       0x20 c:/users/karzan/downloads/toolchain-gd32v-v202-win/toolchain-gd32v-v202-win/compiler/bin/../lib/gcc/riscv64-unknown-elf/8.3.0/rv32imac/ilp32\libgcc.a(_lshrdi3.o)
 .debug_aranges
                0x0000000000000998       0x20 c:/users/karzan/downloads/toolchain-gd32v-v202-win/toolchain-gd32v-v202-win/compiler/bin/../lib/gcc/riscv64-unknown-elf/8.3.0/rv32imac/ilp32\libgcc.a(_ashldi3.o)
 .debug_aranges
                0x00000000000009b8       0x20 c:/users/karzan/downloads/toolchain-gd32v-v202-win/toolchain-gd32v-v202-win/compiler/bin/../lib/gcc/riscv64-unknown-elf/8.3.0/rv32imac/ilp32\libgcc.a(_clzsi2.o)
 .debug_aranges
                0x00000000000009d8       0x18 c:/users/karzan/downloads/toolchain-gd32v-v202-win/toolchain-gd32v-v202-win/compiler/bin/../lib/gcc/riscv64-unknown-elf/8.3.0/rv32imac/ilp32\libgcc.a(_clz.o)

.debug_ranges   0x0000000000000000     0x10f0
 .debug_ranges  0x0000000000000000       0x90 build/gd32vf103_gpio.o
 .debug_ranges  0x0000000000000090      0x100 build/gd32vf103_i2c.o
 .debug_ranges  0x0000000000000190      0x150 build/gd32vf103_rcu.o
 .debug_ranges  0x00000000000002e0      0x118 build/gd32vf103_spi.o
 .debug_ranges  0x00000000000003f8       0x18 build/system_gd32vf103.o
 .debug_ranges  0x0000000000000410       0x10 build/_exit.o
 .debug_ranges  0x0000000000000420       0x30 build/write_hex.o
 .debug_ranges  0x0000000000000450      0x240 build/n200_func.o
 .debug_ranges  0x0000000000000690       0x18 build/handlers.o
 .debug_ranges  0x00000000000006a8       0x18 build/init.o
 .debug_ranges  0x00000000000006c0       0x60 build/gd32v_mpu6500_if.o
 .debug_ranges  0x0000000000000720      0x1c8 build/lcd.o
 .debug_ranges  0x00000000000008e8       0x10 build/main.o
 .debug_ranges  0x00000000000008f8       0x40 build/mpu6500_driver.o
 .debug_ranges  0x0000000000000938       0x20 build/entry.o
 .debug_ranges  0x0000000000000958      0x180 c:/users/karzan/downloads/toolchain-gd32v-v202-win/toolchain-gd32v-v202-win/compiler/bin/../lib/gcc/riscv64-unknown-elf/8.3.0/rv32imac/ilp32\libgcc.a(divdf3.o)
 .debug_ranges  0x0000000000000ad8       0x68 c:/users/karzan/downloads/toolchain-gd32v-v202-win/toolchain-gd32v-v202-win/compiler/bin/../lib/gcc/riscv64-unknown-elf/8.3.0/rv32imac/ilp32\libgcc.a(ledf2.o)
 .debug_ranges  0x0000000000000b40      0x1c0 c:/users/karzan/downloads/toolchain-gd32v-v202-win/toolchain-gd32v-v202-win/compiler/bin/../lib/gcc/riscv64-unknown-elf/8.3.0/rv32imac/ilp32\libgcc.a(muldf3.o)
 .debug_ranges  0x0000000000000d00       0x50 c:/users/karzan/downloads/toolchain-gd32v-v202-win/toolchain-gd32v-v202-win/compiler/bin/../lib/gcc/riscv64-unknown-elf/8.3.0/rv32imac/ilp32\libgcc.a(floatsidf.o)
 .debug_ranges  0x0000000000000d50       0x68 c:/users/karzan/downloads/toolchain-gd32v-v202-win/toolchain-gd32v-v202-win/compiler/bin/../lib/gcc/riscv64-unknown-elf/8.3.0/rv32imac/ilp32\libgcc.a(floatunsidf.o)
 .debug_ranges  0x0000000000000db8       0x68 c:/users/karzan/downloads/toolchain-gd32v-v202-win/toolchain-gd32v-v202-win/compiler/bin/../lib/gcc/riscv64-unknown-elf/8.3.0/rv32imac/ilp32\libgcc.a(floatundidf.o)
 .debug_ranges  0x0000000000000e20      0x140 c:/users/karzan/downloads/toolchain-gd32v-v202-win/toolchain-gd32v-v202-win/compiler/bin/../lib/gcc/riscv64-unknown-elf/8.3.0/rv32imac/ilp32\libgcc.a(addsf3.o)
 .debug_ranges  0x0000000000000f60       0xa8 c:/users/karzan/downloads/toolchain-gd32v-v202-win/toolchain-gd32v-v202-win/compiler/bin/../lib/gcc/riscv64-unknown-elf/8.3.0/rv32imac/ilp32\libgcc.a(divsf3.o)
 .debug_ranges  0x0000000000001008       0x60 c:/users/karzan/downloads/toolchain-gd32v-v202-win/toolchain-gd32v-v202-win/compiler/bin/../lib/gcc/riscv64-unknown-elf/8.3.0/rv32imac/ilp32\libgcc.a(lesf2.o)
 .debug_ranges  0x0000000000001068       0x18 c:/users/karzan/downloads/toolchain-gd32v-v202-win/toolchain-gd32v-v202-win/compiler/bin/../lib/gcc/riscv64-unknown-elf/8.3.0/rv32imac/ilp32\libgcc.a(fixunssfsi.o)
 .debug_ranges  0x0000000000001080       0x50 c:/users/karzan/downloads/toolchain-gd32v-v202-win/toolchain-gd32v-v202-win/compiler/bin/../lib/gcc/riscv64-unknown-elf/8.3.0/rv32imac/ilp32\libgcc.a(floatsisf.o)
 .debug_ranges  0x00000000000010d0       0x20 c:/users/karzan/downloads/toolchain-gd32v-v202-win/toolchain-gd32v-v202-win/compiler/bin/../lib/gcc/riscv64-unknown-elf/8.3.0/rv32imac/ilp32\libgcc.a(_clzsi2.o)

.debug_line     0x0000000000000000     0xe946
 .debug_line    0x0000000000000000      0xb54 build/gd32vf103_gpio.o
 .debug_line    0x0000000000000b54      0xfcd build/gd32vf103_i2c.o
 .debug_line    0x0000000000001b21     0x1547 build/gd32vf103_rcu.o
 .debug_line    0x0000000000003068      0xe69 build/gd32vf103_spi.o
 .debug_line    0x0000000000003ed1      0x6e9 build/system_gd32vf103.o
 .debug_line    0x00000000000045ba      0x162 build/_exit.o
 .debug_line    0x000000000000471c      0x271 build/write_hex.o
 .debug_line    0x000000000000498d     0x132d build/n200_func.o
 .debug_line    0x0000000000005cba      0x2b7 build/handlers.o
 .debug_line    0x0000000000005f71      0x2fa build/init.o
 .debug_line    0x000000000000626b      0x901 build/gd32v_mpu6500_if.o
 .debug_line    0x0000000000006b6c     0x1ed3 build/lcd.o
 .debug_line    0x0000000000008a3f      0x516 build/main.o
 .debug_line    0x0000000000008f55      0x7f4 build/mpu6500_driver.o
 .debug_line    0x0000000000009749      0x189 build/start.o
 .debug_line    0x00000000000098d2       0xe5 build/entry.o
 .debug_line    0x00000000000099b7      0xe35 c:/users/karzan/downloads/toolchain-gd32v-v202-win/toolchain-gd32v-v202-win/compiler/bin/../lib/gcc/riscv64-unknown-elf/8.3.0/rv32imac/ilp32\libgcc.a(divdf3.o)
 .debug_line    0x000000000000a7ec      0x303 c:/users/karzan/downloads/toolchain-gd32v-v202-win/toolchain-gd32v-v202-win/compiler/bin/../lib/gcc/riscv64-unknown-elf/8.3.0/rv32imac/ilp32\libgcc.a(ledf2.o)
 .debug_line    0x000000000000aaef      0xbf8 c:/users/karzan/downloads/toolchain-gd32v-v202-win/toolchain-gd32v-v202-win/compiler/bin/../lib/gcc/riscv64-unknown-elf/8.3.0/rv32imac/ilp32\libgcc.a(muldf3.o)
 .debug_line    0x000000000000b6e7      0x21f c:/users/karzan/downloads/toolchain-gd32v-v202-win/toolchain-gd32v-v202-win/compiler/bin/../lib/gcc/riscv64-unknown-elf/8.3.0/rv32imac/ilp32\libgcc.a(floatsidf.o)
 .debug_line    0x000000000000b906      0x239 c:/users/karzan/downloads/toolchain-gd32v-v202-win/toolchain-gd32v-v202-win/compiler/bin/../lib/gcc/riscv64-unknown-elf/8.3.0/rv32imac/ilp32\libgcc.a(floatunsidf.o)
 .debug_line    0x000000000000bb3f      0x3f5 c:/users/karzan/downloads/toolchain-gd32v-v202-win/toolchain-gd32v-v202-win/compiler/bin/../lib/gcc/riscv64-unknown-elf/8.3.0/rv32imac/ilp32\libgcc.a(floatundidf.o)
 .debug_line    0x000000000000bf34      0x931 c:/users/karzan/downloads/toolchain-gd32v-v202-win/toolchain-gd32v-v202-win/compiler/bin/../lib/gcc/riscv64-unknown-elf/8.3.0/rv32imac/ilp32\libgcc.a(addsf3.o)
 .debug_line    0x000000000000c865      0x760 c:/users/karzan/downloads/toolchain-gd32v-v202-win/toolchain-gd32v-v202-win/compiler/bin/../lib/gcc/riscv64-unknown-elf/8.3.0/rv32imac/ilp32\libgcc.a(divsf3.o)
 .debug_line    0x000000000000cfc5      0x2e9 c:/users/karzan/downloads/toolchain-gd32v-v202-win/toolchain-gd32v-v202-win/compiler/bin/../lib/gcc/riscv64-unknown-elf/8.3.0/rv32imac/ilp32\libgcc.a(lesf2.o)
 .debug_line    0x000000000000d2ae      0x1b3 c:/users/karzan/downloads/toolchain-gd32v-v202-win/toolchain-gd32v-v202-win/compiler/bin/../lib/gcc/riscv64-unknown-elf/8.3.0/rv32imac/ilp32\libgcc.a(fixunssfsi.o)
 .debug_line    0x000000000000d461      0x2fb c:/users/karzan/downloads/toolchain-gd32v-v202-win/toolchain-gd32v-v202-win/compiler/bin/../lib/gcc/riscv64-unknown-elf/8.3.0/rv32imac/ilp32\libgcc.a(floatsisf.o)
 .debug_line    0x000000000000d75c      0x4c4 c:/users/karzan/downloads/toolchain-gd32v-v202-win/toolchain-gd32v-v202-win/compiler/bin/../lib/gcc/riscv64-unknown-elf/8.3.0/rv32imac/ilp32\libgcc.a(_lshrdi3.o)
 .debug_line    0x000000000000dc20      0x4c4 c:/users/karzan/downloads/toolchain-gd32v-v202-win/toolchain-gd32v-v202-win/compiler/bin/../lib/gcc/riscv64-unknown-elf/8.3.0/rv32imac/ilp32\libgcc.a(_ashldi3.o)
 .debug_line    0x000000000000e0e4      0x472 c:/users/karzan/downloads/toolchain-gd32v-v202-win/toolchain-gd32v-v202-win/compiler/bin/../lib/gcc/riscv64-unknown-elf/8.3.0/rv32imac/ilp32\libgcc.a(_clzsi2.o)
 .debug_line    0x000000000000e556      0x3f0 c:/users/karzan/downloads/toolchain-gd32v-v202-win/toolchain-gd32v-v202-win/compiler/bin/../lib/gcc/riscv64-unknown-elf/8.3.0/rv32imac/ilp32\libgcc.a(_clz.o)

.debug_str      0x0000000000000000     0x36c9
 .debug_str     0x0000000000000000      0x557 build/gd32vf103_gpio.o
                                        0x5cd (size before relaxing)
 .debug_str     0x0000000000000557      0x64b build/gd32vf103_i2c.o
                                        0xa05 (size before relaxing)
 .debug_str     0x0000000000000ba2      0xa58 build/gd32vf103_rcu.o
                                        0xe4c (size before relaxing)
 .debug_str     0x00000000000015fa      0x3ae build/gd32vf103_spi.o
                                        0x799 (size before relaxing)
 .debug_str     0x00000000000019a8       0xa6 build/system_gd32vf103.o
                                        0x29f (size before relaxing)
 .debug_str     0x0000000000001a4e       0x68 build/_exit.o
                                        0x20e (size before relaxing)
 .debug_str     0x0000000000001ab6       0x37 build/write_hex.o
                                        0x207 (size before relaxing)
 .debug_str     0x0000000000001aed      0x746 build/n200_func.o
                                        0x9ab (size before relaxing)
 .debug_str     0x0000000000002233       0x58 build/handlers.o
                                        0x604 (size before relaxing)
 .debug_str     0x000000000000228b      0x3e7 build/init.o
                                        0x9d4 (size before relaxing)
 .debug_str     0x0000000000002672       0x97 build/gd32v_mpu6500_if.o
                                        0x87d (size before relaxing)
 .debug_str     0x0000000000002709      0x249 build/lcd.o
                                        0xadb (size before relaxing)
 .debug_str     0x0000000000002952       0x55 build/main.o
                                        0x7fc (size before relaxing)
 .debug_str     0x00000000000029a7       0xd8 build/mpu6500_driver.o
                                        0x6ac (size before relaxing)
 .debug_str     0x0000000000002a7f       0x37 build/start.o
                                         0x9b (size before relaxing)
 .debug_str     0x0000000000002ab6       0x2b build/entry.o
                                         0x9b (size before relaxing)
 .debug_str     0x0000000000002ae1      0x3c7 c:/users/karzan/downloads/toolchain-gd32v-v202-win/toolchain-gd32v-v202-win/compiler/bin/../lib/gcc/riscv64-unknown-elf/8.3.0/rv32imac/ilp32\libgcc.a(divdf3.o)
                                        0x452 (size before relaxing)
 .debug_str     0x0000000000002ea8       0x7b c:/users/karzan/downloads/toolchain-gd32v-v202-win/toolchain-gd32v-v202-win/compiler/bin/../lib/gcc/riscv64-unknown-elf/8.3.0/rv32imac/ilp32\libgcc.a(ledf2.o)
                                        0x2ce (size before relaxing)
 .debug_str     0x0000000000002f23      0x15f c:/users/karzan/downloads/toolchain-gd32v-v202-win/toolchain-gd32v-v202-win/compiler/bin/../lib/gcc/riscv64-unknown-elf/8.3.0/rv32imac/ilp32\libgcc.a(muldf3.o)
                                        0x4aa (size before relaxing)
 .debug_str     0x0000000000003082       0xf9 c:/users/karzan/downloads/toolchain-gd32v-v202-win/toolchain-gd32v-v202-win/compiler/bin/../lib/gcc/riscv64-unknown-elf/8.3.0/rv32imac/ilp32\libgcc.a(floatsidf.o)
                                        0x33d (size before relaxing)
 .debug_str     0x000000000000317b       0x44 c:/users/karzan/downloads/toolchain-gd32v-v202-win/toolchain-gd32v-v202-win/compiler/bin/../lib/gcc/riscv64-unknown-elf/8.3.0/rv32imac/ilp32\libgcc.a(floatunsidf.o)
                                        0x33a (size before relaxing)
 .debug_str     0x00000000000031bf       0x4c c:/users/karzan/downloads/toolchain-gd32v-v202-win/toolchain-gd32v-v202-win/compiler/bin/../lib/gcc/riscv64-unknown-elf/8.3.0/rv32imac/ilp32\libgcc.a(floatundidf.o)
                                        0x344 (size before relaxing)
 .debug_str     0x000000000000320b       0xf1 c:/users/karzan/downloads/toolchain-gd32v-v202-win/toolchain-gd32v-v202-win/compiler/bin/../lib/gcc/riscv64-unknown-elf/8.3.0/rv32imac/ilp32\libgcc.a(addsf3.o)
                                        0x353 (size before relaxing)
 .debug_str     0x00000000000032fc       0xda c:/users/karzan/downloads/toolchain-gd32v-v202-win/toolchain-gd32v-v202-win/compiler/bin/../lib/gcc/riscv64-unknown-elf/8.3.0/rv32imac/ilp32\libgcc.a(divsf3.o)
                                        0x3bd (size before relaxing)
 .debug_str     0x00000000000033d6       0x38 c:/users/karzan/downloads/toolchain-gd32v-v202-win/toolchain-gd32v-v202-win/compiler/bin/../lib/gcc/riscv64-unknown-elf/8.3.0/rv32imac/ilp32\libgcc.a(lesf2.o)
                                        0x2b2 (size before relaxing)
 .debug_str     0x000000000000340e       0x55 c:/users/karzan/downloads/toolchain-gd32v-v202-win/toolchain-gd32v-v202-win/compiler/bin/../lib/gcc/riscv64-unknown-elf/8.3.0/rv32imac/ilp32\libgcc.a(fixunssfsi.o)
                                        0x294 (size before relaxing)
 .debug_str     0x0000000000003463       0x40 c:/users/karzan/downloads/toolchain-gd32v-v202-win/toolchain-gd32v-v202-win/compiler/bin/../lib/gcc/riscv64-unknown-elf/8.3.0/rv32imac/ilp32\libgcc.a(floatsisf.o)
                                        0x31e (size before relaxing)
 .debug_str     0x00000000000034a3      0x20e c:/users/karzan/downloads/toolchain-gd32v-v202-win/toolchain-gd32v-v202-win/compiler/bin/../lib/gcc/riscv64-unknown-elf/8.3.0/rv32imac/ilp32\libgcc.a(_lshrdi3.o)
                                        0x860 (size before relaxing)
 .debug_str     0x00000000000036b1        0xa c:/users/karzan/downloads/toolchain-gd32v-v202-win/toolchain-gd32v-v202-win/compiler/bin/../lib/gcc/riscv64-unknown-elf/8.3.0/rv32imac/ilp32\libgcc.a(_ashldi3.o)
                                        0x860 (size before relaxing)
 .debug_str     0x00000000000036bb        0xe c:/users/karzan/downloads/toolchain-gd32v-v202-win/toolchain-gd32v-v202-win/compiler/bin/../lib/gcc/riscv64-unknown-elf/8.3.0/rv32imac/ilp32\libgcc.a(_clzsi2.o)
                                        0x82e (size before relaxing)
 .debug_str     0x00000000000036c9      0x811 c:/users/karzan/downloads/toolchain-gd32v-v202-win/toolchain-gd32v-v202-win/compiler/bin/../lib/gcc/riscv64-unknown-elf/8.3.0/rv32imac/ilp32\libgcc.a(_clz.o)

.comment        0x0000000000000000       0x28
 .comment       0x0000000000000000       0x28 build/gd32vf103_gpio.o
                                         0x29 (size before relaxing)
 .comment       0x0000000000000028       0x29 build/gd32vf103_i2c.o
 .comment       0x0000000000000028       0x29 build/gd32vf103_rcu.o
 .comment       0x0000000000000028       0x29 build/gd32vf103_spi.o
 .comment       0x0000000000000028       0x29 build/system_gd32vf103.o
 .comment       0x0000000000000028       0x29 build/_exit.o
 .comment       0x0000000000000028       0x29 build/write_hex.o
 .comment       0x0000000000000028       0x29 build/n200_func.o
 .comment       0x0000000000000028       0x29 build/handlers.o
 .comment       0x0000000000000028       0x29 build/init.o
 .comment       0x0000000000000028       0x29 build/gd32v_mpu6500_if.o
 .comment       0x0000000000000028       0x29 build/lcd.o
 .comment       0x0000000000000028       0x29 build/main.o
 .comment       0x0000000000000028       0x29 build/mpu6500_driver.o
 .comment       0x0000000000000028       0x29 c:/users/karzan/downloads/toolchain-gd32v-v202-win/toolchain-gd32v-v202-win/compiler/bin/../lib/gcc/riscv64-unknown-elf/8.3.0/rv32imac/ilp32\libgcc.a(divdf3.o)
 .comment       0x0000000000000028       0x29 c:/users/karzan/downloads/toolchain-gd32v-v202-win/toolchain-gd32v-v202-win/compiler/bin/../lib/gcc/riscv64-unknown-elf/8.3.0/rv32imac/ilp32\libgcc.a(ledf2.o)
 .comment       0x0000000000000028       0x29 c:/users/karzan/downloads/toolchain-gd32v-v202-win/toolchain-gd32v-v202-win/compiler/bin/../lib/gcc/riscv64-unknown-elf/8.3.0/rv32imac/ilp32\libgcc.a(muldf3.o)
 .comment       0x0000000000000028       0x29 c:/users/karzan/downloads/toolchain-gd32v-v202-win/toolchain-gd32v-v202-win/compiler/bin/../lib/gcc/riscv64-unknown-elf/8.3.0/rv32imac/ilp32\libgcc.a(floatsidf.o)
 .comment       0x0000000000000028       0x29 c:/users/karzan/downloads/toolchain-gd32v-v202-win/toolchain-gd32v-v202-win/compiler/bin/../lib/gcc/riscv64-unknown-elf/8.3.0/rv32imac/ilp32\libgcc.a(floatunsidf.o)
 .comment       0x0000000000000028       0x29 c:/users/karzan/downloads/toolchain-gd32v-v202-win/toolchain-gd32v-v202-win/compiler/bin/../lib/gcc/riscv64-unknown-elf/8.3.0/rv32imac/ilp32\libgcc.a(floatundidf.o)
 .comment       0x0000000000000028       0x29 c:/users/karzan/downloads/toolchain-gd32v-v202-win/toolchain-gd32v-v202-win/compiler/bin/../lib/gcc/riscv64-unknown-elf/8.3.0/rv32imac/ilp32\libgcc.a(addsf3.o)
 .comment       0x0000000000000028       0x29 c:/users/karzan/downloads/toolchain-gd32v-v202-win/toolchain-gd32v-v202-win/compiler/bin/../lib/gcc/riscv64-unknown-elf/8.3.0/rv32imac/ilp32\libgcc.a(divsf3.o)
 .comment       0x0000000000000028       0x29 c:/users/karzan/downloads/toolchain-gd32v-v202-win/toolchain-gd32v-v202-win/compiler/bin/../lib/gcc/riscv64-unknown-elf/8.3.0/rv32imac/ilp32\libgcc.a(lesf2.o)
 .comment       0x0000000000000028       0x29 c:/users/karzan/downloads/toolchain-gd32v-v202-win/toolchain-gd32v-v202-win/compiler/bin/../lib/gcc/riscv64-unknown-elf/8.3.0/rv32imac/ilp32\libgcc.a(fixunssfsi.o)
 .comment       0x0000000000000028       0x29 c:/users/karzan/downloads/toolchain-gd32v-v202-win/toolchain-gd32v-v202-win/compiler/bin/../lib/gcc/riscv64-unknown-elf/8.3.0/rv32imac/ilp32\libgcc.a(floatsisf.o)
 .comment       0x0000000000000028       0x29 c:/users/karzan/downloads/toolchain-gd32v-v202-win/toolchain-gd32v-v202-win/compiler/bin/../lib/gcc/riscv64-unknown-elf/8.3.0/rv32imac/ilp32\libgcc.a(_lshrdi3.o)
 .comment       0x0000000000000028       0x29 c:/users/karzan/downloads/toolchain-gd32v-v202-win/toolchain-gd32v-v202-win/compiler/bin/../lib/gcc/riscv64-unknown-elf/8.3.0/rv32imac/ilp32\libgcc.a(_ashldi3.o)
 .comment       0x0000000000000028       0x29 c:/users/karzan/downloads/toolchain-gd32v-v202-win/toolchain-gd32v-v202-win/compiler/bin/../lib/gcc/riscv64-unknown-elf/8.3.0/rv32imac/ilp32\libgcc.a(_clzsi2.o)
 .comment       0x0000000000000028       0x29 c:/users/karzan/downloads/toolchain-gd32v-v202-win/toolchain-gd32v-v202-win/compiler/bin/../lib/gcc/riscv64-unknown-elf/8.3.0/rv32imac/ilp32\libgcc.a(_clz.o)
 .comment       0x0000000000000028       0x29 c:/users/karzan/downloads/toolchain-gd32v-v202-win/toolchain-gd32v-v202-win/compiler/bin/../lib/gcc/riscv64-unknown-elf/8.3.0/../../../../riscv64-unknown-elf/lib/rv32imac/ilp32\libc_nano.a(lib_a-atexit.o)
 .comment       0x0000000000000028       0x29 c:/users/karzan/downloads/toolchain-gd32v-v202-win/toolchain-gd32v-v202-win/compiler/bin/../lib/gcc/riscv64-unknown-elf/8.3.0/../../../../riscv64-unknown-elf/lib/rv32imac/ilp32\libc_nano.a(lib_a-exit.o)
 .comment       0x0000000000000028       0x29 c:/users/karzan/downloads/toolchain-gd32v-v202-win/toolchain-gd32v-v202-win/compiler/bin/../lib/gcc/riscv64-unknown-elf/8.3.0/../../../../riscv64-unknown-elf/lib/rv32imac/ilp32\libc_nano.a(lib_a-fini.o)
 .comment       0x0000000000000028       0x29 c:/users/karzan/downloads/toolchain-gd32v-v202-win/toolchain-gd32v-v202-win/compiler/bin/../lib/gcc/riscv64-unknown-elf/8.3.0/../../../../riscv64-unknown-elf/lib/rv32imac/ilp32\libc_nano.a(lib_a-impure.o)
 .comment       0x0000000000000028       0x29 c:/users/karzan/downloads/toolchain-gd32v-v202-win/toolchain-gd32v-v202-win/compiler/bin/../lib/gcc/riscv64-unknown-elf/8.3.0/../../../../riscv64-unknown-elf/lib/rv32imac/ilp32\libc_nano.a(lib_a-init.o)
 .comment       0x0000000000000028       0x29 c:/users/karzan/downloads/toolchain-gd32v-v202-win/toolchain-gd32v-v202-win/compiler/bin/../lib/gcc/riscv64-unknown-elf/8.3.0/../../../../riscv64-unknown-elf/lib/rv32imac/ilp32\libc_nano.a(lib_a-syswrite.o)
 .comment       0x0000000000000028       0x29 c:/users/karzan/downloads/toolchain-gd32v-v202-win/toolchain-gd32v-v202-win/compiler/bin/../lib/gcc/riscv64-unknown-elf/8.3.0/../../../../riscv64-unknown-elf/lib/rv32imac/ilp32\libc_nano.a(lib_a-writer.o)
 .comment       0x0000000000000028       0x29 c:/users/karzan/downloads/toolchain-gd32v-v202-win/toolchain-gd32v-v202-win/compiler/bin/../lib/gcc/riscv64-unknown-elf/8.3.0/../../../../riscv64-unknown-elf/lib/rv32imac/ilp32\libc_nano.a(lib_a-__atexit.o)
 .comment       0x0000000000000028       0x29 c:/users/karzan/downloads/toolchain-gd32v-v202-win/toolchain-gd32v-v202-win/compiler/bin/../lib/gcc/riscv64-unknown-elf/8.3.0/../../../../riscv64-unknown-elf/lib/rv32imac/ilp32\libc_nano.a(lib_a-__call_atexit.o)
 .comment       0x0000000000000028       0x29 c:/users/karzan/downloads/toolchain-gd32v-v202-win/toolchain-gd32v-v202-win/compiler/bin/../lib/gcc/riscv64-unknown-elf/8.3.0/../../../../riscv64-unknown-elf/lib/rv32imac/ilp32\libc_nano.a(lib_a-reent.o)
 .comment       0x0000000000000028       0x29 c:/users/karzan/downloads/toolchain-gd32v-v202-win/toolchain-gd32v-v202-win/compiler/bin/../lib/gcc/riscv64-unknown-elf/8.3.0/../../../../riscv64-unknown-elf/lib/rv32imac/ilp32\libgloss_nano.a(sys_write.o)
 .comment       0x0000000000000028       0x29 c:/users/karzan/downloads/toolchain-gd32v-v202-win/toolchain-gd32v-v202-win/compiler/bin/../lib/gcc/riscv64-unknown-elf/8.3.0/../../../../riscv64-unknown-elf/lib/rv32imac/ilp32\libc_nano.a(lib_a-errno.o)

.riscv.attributes
                0x0000000000000000       0x2b
 .riscv.attributes
                0x0000000000000000       0x2b build/gd32vf103_gpio.o
 .riscv.attributes
                0x000000000000002b       0x2b build/gd32vf103_i2c.o
 .riscv.attributes
                0x0000000000000056       0x2b build/gd32vf103_rcu.o
 .riscv.attributes
                0x0000000000000081       0x2b build/gd32vf103_spi.o
 .riscv.attributes
                0x00000000000000ac       0x2b build/system_gd32vf103.o
 .riscv.attributes
                0x00000000000000d7       0x2b build/_exit.o
 .riscv.attributes
                0x0000000000000102       0x2b build/write_hex.o
 .riscv.attributes
                0x000000000000012d       0x2b build/n200_func.o
 .riscv.attributes
                0x0000000000000158       0x2b build/handlers.o
 .riscv.attributes
                0x0000000000000183       0x2b build/init.o
 .riscv.attributes
                0x00000000000001ae       0x2b build/gd32v_mpu6500_if.o
 .riscv.attributes
                0x00000000000001d9       0x2b build/lcd.o
 .riscv.attributes
                0x0000000000000204       0x2b build/main.o
 .riscv.attributes
                0x000000000000022f       0x2b build/mpu6500_driver.o
 .riscv.attributes
                0x000000000000025a       0x29 build/start.o
 .riscv.attributes
                0x0000000000000283       0x29 build/entry.o
 .riscv.attributes
                0x00000000000002ac       0x2b c:/users/karzan/downloads/toolchain-gd32v-v202-win/toolchain-gd32v-v202-win/compiler/bin/../lib/gcc/riscv64-unknown-elf/8.3.0/rv32imac/ilp32\libgcc.a(divdf3.o)
 .riscv.attributes
                0x00000000000002d7       0x2b c:/users/karzan/downloads/toolchain-gd32v-v202-win/toolchain-gd32v-v202-win/compiler/bin/../lib/gcc/riscv64-unknown-elf/8.3.0/rv32imac/ilp32\libgcc.a(ledf2.o)
 .riscv.attributes
                0x0000000000000302       0x2b c:/users/karzan/downloads/toolchain-gd32v-v202-win/toolchain-gd32v-v202-win/compiler/bin/../lib/gcc/riscv64-unknown-elf/8.3.0/rv32imac/ilp32\libgcc.a(muldf3.o)
 .riscv.attributes
                0x000000000000032d       0x2b c:/users/karzan/downloads/toolchain-gd32v-v202-win/toolchain-gd32v-v202-win/compiler/bin/../lib/gcc/riscv64-unknown-elf/8.3.0/rv32imac/ilp32\libgcc.a(floatsidf.o)
 .riscv.attributes
                0x0000000000000358       0x2b c:/users/karzan/downloads/toolchain-gd32v-v202-win/toolchain-gd32v-v202-win/compiler/bin/../lib/gcc/riscv64-unknown-elf/8.3.0/rv32imac/ilp32\libgcc.a(floatunsidf.o)
 .riscv.attributes
                0x0000000000000383       0x2b c:/users/karzan/downloads/toolchain-gd32v-v202-win/toolchain-gd32v-v202-win/compiler/bin/../lib/gcc/riscv64-unknown-elf/8.3.0/rv32imac/ilp32\libgcc.a(floatundidf.o)
 .riscv.attributes
                0x00000000000003ae       0x2b c:/users/karzan/downloads/toolchain-gd32v-v202-win/toolchain-gd32v-v202-win/compiler/bin/../lib/gcc/riscv64-unknown-elf/8.3.0/rv32imac/ilp32\libgcc.a(addsf3.o)
 .riscv.attributes
                0x00000000000003d9       0x2b c:/users/karzan/downloads/toolchain-gd32v-v202-win/toolchain-gd32v-v202-win/compiler/bin/../lib/gcc/riscv64-unknown-elf/8.3.0/rv32imac/ilp32\libgcc.a(divsf3.o)
 .riscv.attributes
                0x0000000000000404       0x2b c:/users/karzan/downloads/toolchain-gd32v-v202-win/toolchain-gd32v-v202-win/compiler/bin/../lib/gcc/riscv64-unknown-elf/8.3.0/rv32imac/ilp32\libgcc.a(lesf2.o)
 .riscv.attributes
                0x000000000000042f       0x2b c:/users/karzan/downloads/toolchain-gd32v-v202-win/toolchain-gd32v-v202-win/compiler/bin/../lib/gcc/riscv64-unknown-elf/8.3.0/rv32imac/ilp32\libgcc.a(fixunssfsi.o)
 .riscv.attributes
                0x000000000000045a       0x2b c:/users/karzan/downloads/toolchain-gd32v-v202-win/toolchain-gd32v-v202-win/compiler/bin/../lib/gcc/riscv64-unknown-elf/8.3.0/rv32imac/ilp32\libgcc.a(floatsisf.o)
 .riscv.attributes
                0x0000000000000485       0x2b c:/users/karzan/downloads/toolchain-gd32v-v202-win/toolchain-gd32v-v202-win/compiler/bin/../lib/gcc/riscv64-unknown-elf/8.3.0/rv32imac/ilp32\libgcc.a(_lshrdi3.o)
 .riscv.attributes
                0x00000000000004b0       0x2b c:/users/karzan/downloads/toolchain-gd32v-v202-win/toolchain-gd32v-v202-win/compiler/bin/../lib/gcc/riscv64-unknown-elf/8.3.0/rv32imac/ilp32\libgcc.a(_ashldi3.o)
 .riscv.attributes
                0x00000000000004db       0x2b c:/users/karzan/downloads/toolchain-gd32v-v202-win/toolchain-gd32v-v202-win/compiler/bin/../lib/gcc/riscv64-unknown-elf/8.3.0/rv32imac/ilp32\libgcc.a(_clzsi2.o)
 .riscv.attributes
                0x0000000000000506       0x2b c:/users/karzan/downloads/toolchain-gd32v-v202-win/toolchain-gd32v-v202-win/compiler/bin/../lib/gcc/riscv64-unknown-elf/8.3.0/rv32imac/ilp32\libgcc.a(_clz.o)
 .riscv.attributes
                0x0000000000000531       0x2b c:/users/karzan/downloads/toolchain-gd32v-v202-win/toolchain-gd32v-v202-win/compiler/bin/../lib/gcc/riscv64-unknown-elf/8.3.0/../../../../riscv64-unknown-elf/lib/rv32imac/ilp32\libc_nano.a(lib_a-atexit.o)
 .riscv.attributes
                0x000000000000055c       0x2b c:/users/karzan/downloads/toolchain-gd32v-v202-win/toolchain-gd32v-v202-win/compiler/bin/../lib/gcc/riscv64-unknown-elf/8.3.0/../../../../riscv64-unknown-elf/lib/rv32imac/ilp32\libc_nano.a(lib_a-exit.o)
 .riscv.attributes
                0x0000000000000587       0x2b c:/users/karzan/downloads/toolchain-gd32v-v202-win/toolchain-gd32v-v202-win/compiler/bin/../lib/gcc/riscv64-unknown-elf/8.3.0/../../../../riscv64-unknown-elf/lib/rv32imac/ilp32\libc_nano.a(lib_a-fini.o)
 .riscv.attributes
                0x00000000000005b2       0x2b c:/users/karzan/downloads/toolchain-gd32v-v202-win/toolchain-gd32v-v202-win/compiler/bin/../lib/gcc/riscv64-unknown-elf/8.3.0/../../../../riscv64-unknown-elf/lib/rv32imac/ilp32\libc_nano.a(lib_a-impure.o)
 .riscv.attributes
                0x00000000000005dd       0x2b c:/users/karzan/downloads/toolchain-gd32v-v202-win/toolchain-gd32v-v202-win/compiler/bin/../lib/gcc/riscv64-unknown-elf/8.3.0/../../../../riscv64-unknown-elf/lib/rv32imac/ilp32\libc_nano.a(lib_a-init.o)
 .riscv.attributes
                0x0000000000000608       0x29 c:/users/karzan/downloads/toolchain-gd32v-v202-win/toolchain-gd32v-v202-win/compiler/bin/../lib/gcc/riscv64-unknown-elf/8.3.0/../../../../riscv64-unknown-elf/lib/rv32imac/ilp32\libc_nano.a(lib_a-memcpy-asm.o)
 .riscv.attributes
                0x0000000000000631       0x2b c:/users/karzan/downloads/toolchain-gd32v-v202-win/toolchain-gd32v-v202-win/compiler/bin/../lib/gcc/riscv64-unknown-elf/8.3.0/../../../../riscv64-unknown-elf/lib/rv32imac/ilp32\libc_nano.a(lib_a-syswrite.o)
 .riscv.attributes
                0x000000000000065c       0x2b c:/users/karzan/downloads/toolchain-gd32v-v202-win/toolchain-gd32v-v202-win/compiler/bin/../lib/gcc/riscv64-unknown-elf/8.3.0/../../../../riscv64-unknown-elf/lib/rv32imac/ilp32\libc_nano.a(lib_a-writer.o)
 .riscv.attributes
                0x0000000000000687       0x2b c:/users/karzan/downloads/toolchain-gd32v-v202-win/toolchain-gd32v-v202-win/compiler/bin/../lib/gcc/riscv64-unknown-elf/8.3.0/../../../../riscv64-unknown-elf/lib/rv32imac/ilp32\libc_nano.a(lib_a-__atexit.o)
 .riscv.attributes
                0x00000000000006b2       0x2b c:/users/karzan/downloads/toolchain-gd32v-v202-win/toolchain-gd32v-v202-win/compiler/bin/../lib/gcc/riscv64-unknown-elf/8.3.0/../../../../riscv64-unknown-elf/lib/rv32imac/ilp32\libc_nano.a(lib_a-__call_atexit.o)
 .riscv.attributes
                0x00000000000006dd       0x2b c:/users/karzan/downloads/toolchain-gd32v-v202-win/toolchain-gd32v-v202-win/compiler/bin/../lib/gcc/riscv64-unknown-elf/8.3.0/../../../../riscv64-unknown-elf/lib/rv32imac/ilp32\libc_nano.a(lib_a-reent.o)
 .riscv.attributes
                0x0000000000000708       0x2b c:/users/karzan/downloads/toolchain-gd32v-v202-win/toolchain-gd32v-v202-win/compiler/bin/../lib/gcc/riscv64-unknown-elf/8.3.0/../../../../riscv64-unknown-elf/lib/rv32imac/ilp32\libgloss_nano.a(sys_write.o)
 .riscv.attributes
                0x0000000000000733       0x2b c:/users/karzan/downloads/toolchain-gd32v-v202-win/toolchain-gd32v-v202-win/compiler/bin/../lib/gcc/riscv64-unknown-elf/8.3.0/../../../../riscv64-unknown-elf/lib/rv32imac/ilp32\libc_nano.a(lib_a-errno.o)

.debug_frame    0x0000000000000000     0x1738
 .debug_frame   0x0000000000000000      0x144 build/gd32vf103_gpio.o
 .debug_frame   0x0000000000000144      0x234 build/gd32vf103_i2c.o
 .debug_frame   0x0000000000000378      0x2e8 build/gd32vf103_rcu.o
 .debug_frame   0x0000000000000660      0x260 build/gd32vf103_spi.o
 .debug_frame   0x00000000000008c0       0x30 build/system_gd32vf103.o
 .debug_frame   0x00000000000008f0       0x2c build/_exit.o
 .debug_frame   0x000000000000091c       0x50 build/write_hex.o
 .debug_frame   0x000000000000096c      0x2dc build/n200_func.o
 .debug_frame   0x0000000000000c48       0x44 build/handlers.o
 .debug_frame   0x0000000000000c8c       0x3c build/init.o
 .debug_frame   0x0000000000000cc8      0x118 build/gd32v_mpu6500_if.o
 .debug_frame   0x0000000000000de0      0x560 build/lcd.o
 .debug_frame   0x0000000000001340       0x44 build/main.o
 .debug_frame   0x0000000000001384       0xd8 build/mpu6500_driver.o
 .debug_frame   0x000000000000145c       0x54 c:/users/karzan/downloads/toolchain-gd32v-v202-win/toolchain-gd32v-v202-win/compiler/bin/../lib/gcc/riscv64-unknown-elf/8.3.0/rv32imac/ilp32\libgcc.a(divdf3.o)
 .debug_frame   0x00000000000014b0       0x20 c:/users/karzan/downloads/toolchain-gd32v-v202-win/toolchain-gd32v-v202-win/compiler/bin/../lib/gcc/riscv64-unknown-elf/8.3.0/rv32imac/ilp32\libgcc.a(ledf2.o)
 .debug_frame   0x00000000000014d0       0x54 c:/users/karzan/downloads/toolchain-gd32v-v202-win/toolchain-gd32v-v202-win/compiler/bin/../lib/gcc/riscv64-unknown-elf/8.3.0/rv32imac/ilp32\libgcc.a(muldf3.o)
 .debug_frame   0x0000000000001524       0x38 c:/users/karzan/downloads/toolchain-gd32v-v202-win/toolchain-gd32v-v202-win/compiler/bin/../lib/gcc/riscv64-unknown-elf/8.3.0/rv32imac/ilp32\libgcc.a(floatsidf.o)
 .debug_frame   0x000000000000155c       0x34 c:/users/karzan/downloads/toolchain-gd32v-v202-win/toolchain-gd32v-v202-win/compiler/bin/../lib/gcc/riscv64-unknown-elf/8.3.0/rv32imac/ilp32\libgcc.a(floatunsidf.o)
 .debug_frame   0x0000000000001590       0x44 c:/users/karzan/downloads/toolchain-gd32v-v202-win/toolchain-gd32v-v202-win/compiler/bin/../lib/gcc/riscv64-unknown-elf/8.3.0/rv32imac/ilp32\libgcc.a(floatundidf.o)
 .debug_frame   0x00000000000015d4       0x40 c:/users/karzan/downloads/toolchain-gd32v-v202-win/toolchain-gd32v-v202-win/compiler/bin/../lib/gcc/riscv64-unknown-elf/8.3.0/rv32imac/ilp32\libgcc.a(addsf3.o)
 .debug_frame   0x0000000000001614       0x4c c:/users/karzan/downloads/toolchain-gd32v-v202-win/toolchain-gd32v-v202-win/compiler/bin/../lib/gcc/riscv64-unknown-elf/8.3.0/rv32imac/ilp32\libgcc.a(divsf3.o)
 .debug_frame   0x0000000000001660       0x20 c:/users/karzan/downloads/toolchain-gd32v-v202-win/toolchain-gd32v-v202-win/compiler/bin/../lib/gcc/riscv64-unknown-elf/8.3.0/rv32imac/ilp32\libgcc.a(lesf2.o)
 .debug_frame   0x0000000000001680       0x20 c:/users/karzan/downloads/toolchain-gd32v-v202-win/toolchain-gd32v-v202-win/compiler/bin/../lib/gcc/riscv64-unknown-elf/8.3.0/rv32imac/ilp32\libgcc.a(fixunssfsi.o)
 .debug_frame   0x00000000000016a0       0x38 c:/users/karzan/downloads/toolchain-gd32v-v202-win/toolchain-gd32v-v202-win/compiler/bin/../lib/gcc/riscv64-unknown-elf/8.3.0/rv32imac/ilp32\libgcc.a(floatsisf.o)
 .debug_frame   0x00000000000016d8       0x20 c:/users/karzan/downloads/toolchain-gd32v-v202-win/toolchain-gd32v-v202-win/compiler/bin/../lib/gcc/riscv64-unknown-elf/8.3.0/rv32imac/ilp32\libgcc.a(_lshrdi3.o)
 .debug_frame   0x00000000000016f8       0x20 c:/users/karzan/downloads/toolchain-gd32v-v202-win/toolchain-gd32v-v202-win/compiler/bin/../lib/gcc/riscv64-unknown-elf/8.3.0/rv32imac/ilp32\libgcc.a(_ashldi3.o)
 .debug_frame   0x0000000000001718       0x20 c:/users/karzan/downloads/toolchain-gd32v-v202-win/toolchain-gd32v-v202-win/compiler/bin/../lib/gcc/riscv64-unknown-elf/8.3.0/rv32imac/ilp32\libgcc.a(_clzsi2.o)

Cross Reference Table

Symbol                                            File
ADC0_1_IRQHandler                                 build/start.o
BACK_COLOR                                        build/lcd.o
CAN0_EWMC_IRQHandler                              build/start.o
CAN0_RX0_IRQHandler                               build/start.o
CAN0_RX1_IRQHandler                               build/start.o
CAN0_TX_IRQHandler                                build/start.o
CAN1_EWMC_IRQHandler                              build/start.o
CAN1_RX0_IRQHandler                               build/start.o
CAN1_RX1_IRQHandler                               build/start.o
CAN1_TX_IRQHandler                                build/start.o
DMA0_Channel0_IRQHandler                          build/start.o
DMA0_Channel1_IRQHandler                          build/start.o
DMA0_Channel2_IRQHandler                          build/start.o
DMA0_Channel3_IRQHandler                          build/start.o
DMA0_Channel4_IRQHandler                          build/start.o
DMA0_Channel5_IRQHandler                          build/start.o
DMA0_Channel6_IRQHandler                          build/start.o
DMA1_Channel0_IRQHandler                          build/start.o
DMA1_Channel1_IRQHandler                          build/start.o
DMA1_Channel2_IRQHandler                          build/start.o
DMA1_Channel3_IRQHandler                          build/start.o
DMA1_Channel4_IRQHandler                          build/start.o
Draw_Circle                                       build/lcd.o
                                                  build/main.o
EXMC_IRQHandler                                   build/start.o
EXTI0_IRQHandler                                  build/start.o
EXTI10_15_IRQHandler                              build/start.o
EXTI1_IRQHandler                                  build/start.o
EXTI2_IRQHandler                                  build/start.o
EXTI3_IRQHandler                                  build/start.o
EXTI4_IRQHandler                                  build/start.o
EXTI5_9_IRQHandler                                build/start.o
FMC_IRQHandler                                    build/start.o
Hzk16                                             build/lcd.o
Hzk32                                             build/lcd.o
I2C0_ER_IRQHandler                                build/start.o
I2C0_EV_IRQHandler                                build/start.o
I2C1_ER_IRQHandler                                build/start.o
I2C1_EV_IRQHandler                                build/start.o
LCD_Address_Set                                   build/lcd.o
LCD_Clear                                         build/lcd.o
LCD_DrawLine                                      build/lcd.o
                                                  build/main.o
LCD_DrawPoint                                     build/lcd.o
LCD_DrawPoint_big                                 build/lcd.o
LCD_DrawRectangle                                 build/lcd.o
LCD_Fill                                          build/lcd.o
LCD_ShowChar                                      build/lcd.o
LCD_ShowChinese                                   build/lcd.o
LCD_ShowNum                                       build/lcd.o
LCD_ShowNum1                                      build/lcd.o
LCD_ShowPicture                                   build/lcd.o
LCD_ShowStr                                       build/lcd.o
LCD_ShowString                                    build/lcd.o
LCD_WR_DATA                                       build/lcd.o
LCD_WR_DATA8                                      build/lcd.o
LCD_WR_Queue                                      build/lcd.o
LCD_WR_REG                                        build/lcd.o
LCD_Wait_On_Queue                                 build/lcd.o
                                                  build/main.o
LCD_Writ_Bus                                      build/lcd.o
LCD_Write_Bus                                     build/lcd.o
LVD_IRQHandler                                    build/start.o
Lcd_Init                                          build/lcd.o
Lcd_SetType                                       build/lcd.o
RCU_IRQHandler                                    build/start.o
RTC_Alarm_IRQHandler                              build/start.o
RTC_IRQHandler                                    build/start.o
SPI0_IRQHandler                                   build/start.o
SPI1_IRQHandler                                   build/start.o
SPI2_IRQHandler                                   build/start.o
SystemCoreClock                                   build/system_gd32vf103.o
                                                  build/lcd.o
                                                  build/gd32v_mpu6500_if.o
                                                  build/n200_func.o
SystemCoreClockUpdate                             build/system_gd32vf103.o
SystemInit                                        build/system_gd32vf103.o
                                                  build/init.o
TAMPER_IRQHandler                                 build/start.o
TIMER0_BRK_IRQHandler                             build/start.o
TIMER0_Channel_IRQHandler                         build/start.o
TIMER0_TRG_CMT_IRQHandler                         build/start.o
TIMER0_UP_IRQHandler                              build/start.o
TIMER1_IRQHandler                                 build/start.o
TIMER2_IRQHandler                                 build/start.o
TIMER3_IRQHandler                                 build/start.o
TIMER4_IRQHandler                                 build/start.o
TIMER5_IRQHandler                                 build/start.o
TIMER6_IRQHandler                                 build/start.o
UART3_IRQHandler                                  build/start.o
UART4_IRQHandler                                  build/start.o
USART0_IRQHandler                                 build/start.o
USART1_IRQHandler                                 build/start.o
USART2_IRQHandler                                 build/start.o
USBFS_IRQHandler                                  build/start.o
USBFS_WKUP_IRQHandler                             build/start.o
WWDGT_IRQHandler                                  build/start.o
__addsf3                                          c:/users/karzan/downloads/toolchain-gd32v-v202-win/toolchain-gd32v-v202-win/compiler/bin/../lib/gcc/riscv64-unknown-elf/8.3.0/rv32imac/ilp32\libgcc.a(addsf3.o)
                                                  build/main.o
__ashldi3                                         c:/users/karzan/downloads/toolchain-gd32v-v202-win/toolchain-gd32v-v202-win/compiler/bin/../lib/gcc/riscv64-unknown-elf/8.3.0/rv32imac/ilp32\libgcc.a(_ashldi3.o)
                                                  c:/users/karzan/downloads/toolchain-gd32v-v202-win/toolchain-gd32v-v202-win/compiler/bin/../lib/gcc/riscv64-unknown-elf/8.3.0/rv32imac/ilp32\libgcc.a(floatundidf.o)
__atexit_dummy                                    c:/users/karzan/downloads/toolchain-gd32v-v202-win/toolchain-gd32v-v202-win/compiler/bin/../lib/gcc/riscv64-unknown-elf/8.3.0/../../../../riscv64-unknown-elf/lib/rv32imac/ilp32\libc_nano.a(lib_a-__atexit.o)
__bss_start                                       build/start.o
__call_exitprocs                                  c:/users/karzan/downloads/toolchain-gd32v-v202-win/toolchain-gd32v-v202-win/compiler/bin/../lib/gcc/riscv64-unknown-elf/8.3.0/../../../../riscv64-unknown-elf/lib/rv32imac/ilp32\libc_nano.a(lib_a-__call_atexit.o)
                                                  c:/users/karzan/downloads/toolchain-gd32v-v202-win/toolchain-gd32v-v202-win/compiler/bin/../lib/gcc/riscv64-unknown-elf/8.3.0/../../../../riscv64-unknown-elf/lib/rv32imac/ilp32\libc_nano.a(lib_a-__atexit.o)
                                                  c:/users/karzan/downloads/toolchain-gd32v-v202-win/toolchain-gd32v-v202-win/compiler/bin/../lib/gcc/riscv64-unknown-elf/8.3.0/../../../../riscv64-unknown-elf/lib/rv32imac/ilp32\libc_nano.a(lib_a-exit.o)
__clz_tab                                         c:/users/karzan/downloads/toolchain-gd32v-v202-win/toolchain-gd32v-v202-win/compiler/bin/../lib/gcc/riscv64-unknown-elf/8.3.0/rv32imac/ilp32\libgcc.a(_clz.o)
                                                  c:/users/karzan/downloads/toolchain-gd32v-v202-win/toolchain-gd32v-v202-win/compiler/bin/../lib/gcc/riscv64-unknown-elf/8.3.0/rv32imac/ilp32\libgcc.a(_clzsi2.o)
__clzsi2                                          c:/users/karzan/downloads/toolchain-gd32v-v202-win/toolchain-gd32v-v202-win/compiler/bin/../lib/gcc/riscv64-unknown-elf/8.3.0/rv32imac/ilp32\libgcc.a(_clzsi2.o)
                                                  c:/users/karzan/downloads/toolchain-gd32v-v202-win/toolchain-gd32v-v202-win/compiler/bin/../lib/gcc/riscv64-unknown-elf/8.3.0/rv32imac/ilp32\libgcc.a(floatsisf.o)
                                                  c:/users/karzan/downloads/toolchain-gd32v-v202-win/toolchain-gd32v-v202-win/compiler/bin/../lib/gcc/riscv64-unknown-elf/8.3.0/rv32imac/ilp32\libgcc.a(mulsf3.o)
                                                  c:/users/karzan/downloads/toolchain-gd32v-v202-win/toolchain-gd32v-v202-win/compiler/bin/../lib/gcc/riscv64-unknown-elf/8.3.0/rv32imac/ilp32\libgcc.a(divsf3.o)
                                                  c:/users/karzan/downloads/toolchain-gd32v-v202-win/toolchain-gd32v-v202-win/compiler/bin/../lib/gcc/riscv64-unknown-elf/8.3.0/rv32imac/ilp32\libgcc.a(addsf3.o)
                                                  c:/users/karzan/downloads/toolchain-gd32v-v202-win/toolchain-gd32v-v202-win/compiler/bin/../lib/gcc/riscv64-unknown-elf/8.3.0/rv32imac/ilp32\libgcc.a(floatundidf.o)
                                                  c:/users/karzan/downloads/toolchain-gd32v-v202-win/toolchain-gd32v-v202-win/compiler/bin/../lib/gcc/riscv64-unknown-elf/8.3.0/rv32imac/ilp32\libgcc.a(floatunsidf.o)
                                                  c:/users/karzan/downloads/toolchain-gd32v-v202-win/toolchain-gd32v-v202-win/compiler/bin/../lib/gcc/riscv64-unknown-elf/8.3.0/rv32imac/ilp32\libgcc.a(floatsidf.o)
                                                  c:/users/karzan/downloads/toolchain-gd32v-v202-win/toolchain-gd32v-v202-win/compiler/bin/../lib/gcc/riscv64-unknown-elf/8.3.0/rv32imac/ilp32\libgcc.a(muldf3.o)
                                                  c:/users/karzan/downloads/toolchain-gd32v-v202-win/toolchain-gd32v-v202-win/compiler/bin/../lib/gcc/riscv64-unknown-elf/8.3.0/rv32imac/ilp32\libgcc.a(divdf3.o)
__divdf3                                          c:/users/karzan/downloads/toolchain-gd32v-v202-win/toolchain-gd32v-v202-win/compiler/bin/../lib/gcc/riscv64-unknown-elf/8.3.0/rv32imac/ilp32\libgcc.a(divdf3.o)
                                                  build/lcd.o
                                                  build/gd32v_mpu6500_if.o
__divsf3                                          c:/users/karzan/downloads/toolchain-gd32v-v202-win/toolchain-gd32v-v202-win/compiler/bin/../lib/gcc/riscv64-unknown-elf/8.3.0/rv32imac/ilp32\libgcc.a(divsf3.o)
                                                  build/main.o
__errno                                           c:/users/karzan/downloads/toolchain-gd32v-v202-win/toolchain-gd32v-v202-win/compiler/bin/../lib/gcc/riscv64-unknown-elf/8.3.0/../../../../riscv64-unknown-elf/lib/rv32imac/ilp32\libc_nano.a(lib_a-errno.o)
                                                  c:/users/karzan/downloads/toolchain-gd32v-v202-win/toolchain-gd32v-v202-win/compiler/bin/../lib/gcc/riscv64-unknown-elf/8.3.0/../../../../riscv64-unknown-elf/lib/rv32imac/ilp32\libgloss_nano.a(sys_write.o)
__fini_array_end                                  c:/users/karzan/downloads/toolchain-gd32v-v202-win/toolchain-gd32v-v202-win/compiler/bin/../lib/gcc/riscv64-unknown-elf/8.3.0/../../../../riscv64-unknown-elf/lib/rv32imac/ilp32\libc_nano.a(lib_a-fini.o)
__fini_array_start                                c:/users/karzan/downloads/toolchain-gd32v-v202-win/toolchain-gd32v-v202-win/compiler/bin/../lib/gcc/riscv64-unknown-elf/8.3.0/../../../../riscv64-unknown-elf/lib/rv32imac/ilp32\libc_nano.a(lib_a-fini.o)
__fixunssfsi                                      c:/users/karzan/downloads/toolchain-gd32v-v202-win/toolchain-gd32v-v202-win/compiler/bin/../lib/gcc/riscv64-unknown-elf/8.3.0/rv32imac/ilp32\libgcc.a(fixunssfsi.o)
                                                  build/main.o
                                                  build/lcd.o
__floatsidf                                       c:/users/karzan/downloads/toolchain-gd32v-v202-win/toolchain-gd32v-v202-win/compiler/bin/../lib/gcc/riscv64-unknown-elf/8.3.0/rv32imac/ilp32\libgcc.a(floatsidf.o)
                                                  build/gd32v_mpu6500_if.o
__floatsisf                                       c:/users/karzan/downloads/toolchain-gd32v-v202-win/toolchain-gd32v-v202-win/compiler/bin/../lib/gcc/riscv64-unknown-elf/8.3.0/rv32imac/ilp32\libgcc.a(floatsisf.o)
                                                  build/mpu6500_driver.o
__floatundidf                                     c:/users/karzan/downloads/toolchain-gd32v-v202-win/toolchain-gd32v-v202-win/compiler/bin/../lib/gcc/riscv64-unknown-elf/8.3.0/rv32imac/ilp32\libgcc.a(floatundidf.o)
                                                  build/lcd.o
                                                  build/gd32v_mpu6500_if.o
__floatunsidf                                     c:/users/karzan/downloads/toolchain-gd32v-v202-win/toolchain-gd32v-v202-win/compiler/bin/../lib/gcc/riscv64-unknown-elf/8.3.0/rv32imac/ilp32\libgcc.a(floatunsidf.o)
                                                  build/lcd.o
                                                  build/gd32v_mpu6500_if.o
__global_pointer$                                 build/start.o
__init_array_end                                  c:/users/karzan/downloads/toolchain-gd32v-v202-win/toolchain-gd32v-v202-win/compiler/bin/../lib/gcc/riscv64-unknown-elf/8.3.0/../../../../riscv64-unknown-elf/lib/rv32imac/ilp32\libc_nano.a(lib_a-init.o)
__init_array_start                                c:/users/karzan/downloads/toolchain-gd32v-v202-win/toolchain-gd32v-v202-win/compiler/bin/../lib/gcc/riscv64-unknown-elf/8.3.0/../../../../riscv64-unknown-elf/lib/rv32imac/ilp32\libc_nano.a(lib_a-init.o)
__ledf2                                           c:/users/karzan/downloads/toolchain-gd32v-v202-win/toolchain-gd32v-v202-win/compiler/bin/../lib/gcc/riscv64-unknown-elf/8.3.0/rv32imac/ilp32\libgcc.a(ledf2.o)
__lesf2                                           c:/users/karzan/downloads/toolchain-gd32v-v202-win/toolchain-gd32v-v202-win/compiler/bin/../lib/gcc/riscv64-unknown-elf/8.3.0/rv32imac/ilp32\libgcc.a(lesf2.o)
__libc_fini_array                                 c:/users/karzan/downloads/toolchain-gd32v-v202-win/toolchain-gd32v-v202-win/compiler/bin/../lib/gcc/riscv64-unknown-elf/8.3.0/../../../../riscv64-unknown-elf/lib/rv32imac/ilp32\libc_nano.a(lib_a-fini.o)
                                                  build/start.o
__libc_init_array                                 c:/users/karzan/downloads/toolchain-gd32v-v202-win/toolchain-gd32v-v202-win/compiler/bin/../lib/gcc/riscv64-unknown-elf/8.3.0/../../../../riscv64-unknown-elf/lib/rv32imac/ilp32\libc_nano.a(lib_a-init.o)
                                                  build/start.o
__lshrdi3                                         c:/users/karzan/downloads/toolchain-gd32v-v202-win/toolchain-gd32v-v202-win/compiler/bin/../lib/gcc/riscv64-unknown-elf/8.3.0/rv32imac/ilp32\libgcc.a(_lshrdi3.o)
                                                  c:/users/karzan/downloads/toolchain-gd32v-v202-win/toolchain-gd32v-v202-win/compiler/bin/../lib/gcc/riscv64-unknown-elf/8.3.0/rv32imac/ilp32\libgcc.a(floatundidf.o)
__ltdf2                                           c:/users/karzan/downloads/toolchain-gd32v-v202-win/toolchain-gd32v-v202-win/compiler/bin/../lib/gcc/riscv64-unknown-elf/8.3.0/rv32imac/ilp32\libgcc.a(ledf2.o)
                                                  build/lcd.o
                                                  build/gd32v_mpu6500_if.o
__ltsf2                                           c:/users/karzan/downloads/toolchain-gd32v-v202-win/toolchain-gd32v-v202-win/compiler/bin/../lib/gcc/riscv64-unknown-elf/8.3.0/rv32imac/ilp32\libgcc.a(lesf2.o)
                                                  build/main.o
__malloc_free_list                                c:/users/karzan/downloads/toolchain-gd32v-v202-win/toolchain-gd32v-v202-win/compiler/bin/../lib/gcc/riscv64-unknown-elf/8.3.0/../../../../riscv64-unknown-elf/lib/rv32imac/ilp32\libc_nano.a(lib_a-nano-mallocr.o)
                                                  c:/users/karzan/downloads/toolchain-gd32v-v202-win/toolchain-gd32v-v202-win/compiler/bin/../lib/gcc/riscv64-unknown-elf/8.3.0/../../../../riscv64-unknown-elf/lib/rv32imac/ilp32\libc_nano.a(lib_a-nano-freer.o)