Archive member included to satisfy reference by file (symbol)

c:/users/karzan/downloads/toolchain-gd32v-v202-win/toolchain-gd32v-v202-win/compiler/bin/../lib/gcc/riscv64-unknown-elf/8.3.0/../../../../riscv64-unknown-elf/lib/rv32imac/ilp32\libm.a(lib_a-wf_sqrt.o)
                              build/main.o (sqrtf)
c:/users/karzan/downloads/toolchain-gd32v-v202-win/toolchain-gd32v-v202-win/compiler/bin/../lib/gcc/riscv64-unknown-elf/8.3.0/../../../../riscv64-unknown-elf/lib/rv32imac/ilp32\libm.a(lib_a-ef_sqrt.o)
                              c:/users/karzan/downloads/toolchain-gd32v-v202-win/toolchain-gd32v-v202-win/compiler/bin/../lib/gcc/riscv64-unknown-elf/8.3.0/../../../../riscv64-unknown-elf/lib/rv32imac/ilp32\libm.a(lib_a-wf_sqrt.o) (__ieee754_sqrtf)
c:/users/karzan/downloads/toolchain-gd32v-v202-win/toolchain-gd32v-v202-win/compiler/bin/../lib/gcc/riscv64-unknown-elf/8.3.0/../../../../riscv64-unknown-elf/lib/rv32imac/ilp32\libm.a(lib_a-s_lib_ver.o)
                              c:/users/karzan/downloads/toolchain-gd32v-v202-win/toolchain-gd32v-v202-win/compiler/bin/../lib/gcc/riscv64-unknown-elf/8.3.0/../../../../riscv64-unknown-elf/lib/rv32imac/ilp32\libm.a(lib_a-wf_sqrt.o) (__fdlib_version)
c:/users/karzan/downloads/toolchain-gd32v-v202-win/toolchain-gd32v-v202-win/compiler/bin/../lib/gcc/riscv64-unknown-elf/8.3.0/rv32imac/ilp32\libgcc.a(divdf3.o)
                              build/delay.o (__divdf3)
c:/users/karzan/downloads/toolchain-gd32v-v202-win/toolchain-gd32v-v202-win/compiler/bin/../lib/gcc/riscv64-unknown-elf/8.3.0/rv32imac/ilp32\libgcc.a(ledf2.o)
                              build/delay.o (__ltdf2)
c:/users/karzan/downloads/toolchain-gd32v-v202-win/toolchain-gd32v-v202-win/compiler/bin/../lib/gcc/riscv64-unknown-elf/8.3.0/rv32imac/ilp32\libgcc.a(muldf3.o)
                              build/delay.o (__muldf3)
c:/users/karzan/downloads/toolchain-gd32v-v202-win/toolchain-gd32v-v202-win/compiler/bin/../lib/gcc/riscv64-unknown-elf/8.3.0/rv32imac/ilp32\libgcc.a(floatsidf.o)
                              build/gd32v_mpu6500_if.o (__floatsidf)
c:/users/karzan/downloads/toolchain-gd32v-v202-win/toolchain-gd32v-v202-win/compiler/bin/../lib/gcc/riscv64-unknown-elf/8.3.0/rv32imac/ilp32\libgcc.a(floatunsidf.o)
                              build/delay.o (__floatunsidf)
c:/users/karzan/downloads/toolchain-gd32v-v202-win/toolchain-gd32v-v202-win/compiler/bin/../lib/gcc/riscv64-unknown-elf/8.3.0/rv32imac/ilp32\libgcc.a(floatundidf.o)
                              build/delay.o (__floatundidf)
c:/users/karzan/downloads/toolchain-gd32v-v202-win/toolchain-gd32v-v202-win/compiler/bin/../lib/gcc/riscv64-unknown-elf/8.3.0/rv32imac/ilp32\libgcc.a(addsf3.o)
                              build/main.o (__addsf3)
c:/users/karzan/downloads/toolchain-gd32v-v202-win/toolchain-gd32v-v202-win/compiler/bin/../lib/gcc/riscv64-unknown-elf/8.3.0/rv32imac/ilp32\libgcc.a(divsf3.o)
                              c:/users/karzan/downloads/toolchain-gd32v-v202-win/toolchain-gd32v-v202-win/compiler/bin/../lib/gcc/riscv64-unknown-elf/8.3.0/../../../../riscv64-unknown-elf/lib/rv32imac/ilp32\libm.a(lib_a-wf_sqrt.o) (__divsf3)
c:/users/karzan/downloads/toolchain-gd32v-v202-win/toolchain-gd32v-v202-win/compiler/bin/../lib/gcc/riscv64-unknown-elf/8.3.0/rv32imac/ilp32\libgcc.a(lesf2.o)
                              c:/users/karzan/downloads/toolchain-gd32v-v202-win/toolchain-gd32v-v202-win/compiler/bin/../lib/gcc/riscv64-unknown-elf/8.3.0/../../../../riscv64-unknown-elf/lib/rv32imac/ilp32\libm.a(lib_a-wf_sqrt.o) (__ltsf2)
c:/users/karzan/downloads/toolchain-gd32v-v202-win/toolchain-gd32v-v202-win/compiler/bin/../lib/gcc/riscv64-unknown-elf/8.3.0/rv32imac/ilp32\libgcc.a(mulsf3.o)
                              build/main.o (__mulsf3)
c:/users/karzan/downloads/toolchain-gd32v-v202-win/toolchain-gd32v-v202-win/compiler/bin/../lib/gcc/riscv64-unknown-elf/8.3.0/rv32imac/ilp32\libgcc.a(subsf3.o)
                              c:/users/karzan/downloads/toolchain-gd32v-v202-win/toolchain-gd32v-v202-win/compiler/bin/../lib/gcc/riscv64-unknown-elf/8.3.0/../../../../riscv64-unknown-elf/lib/rv32imac/ilp32\libm.a(lib_a-ef_sqrt.o) (__subsf3)
c:/users/karzan/downloads/toolchain-gd32v-v202-win/toolchain-gd32v-v202-win/compiler/bin/../lib/gcc/riscv64-unknown-elf/8.3.0/rv32imac/ilp32\libgcc.a(unordsf2.o)
                              c:/users/karzan/downloads/toolchain-gd32v-v202-win/toolchain-gd32v-v202-win/compiler/bin/../lib/gcc/riscv64-unknown-elf/8.3.0/../../../../riscv64-unknown-elf/lib/rv32imac/ilp32\libm.a(lib_a-wf_sqrt.o) (__unordsf2)
c:/users/karzan/downloads/toolchain-gd32v-v202-win/toolchain-gd32v-v202-win/compiler/bin/../lib/gcc/riscv64-unknown-elf/8.3.0/rv32imac/ilp32\libgcc.a(fixsfsi.o)
                              build/main.o (__fixsfsi)
c:/users/karzan/downloads/toolchain-gd32v-v202-win/toolchain-gd32v-v202-win/compiler/bin/../lib/gcc/riscv64-unknown-elf/8.3.0/rv32imac/ilp32\libgcc.a(floatsisf.o)
[...]
Memory Configuration

Name             Origin             Length             Attributes
flash            0x0000000008000000 0x0000000000020000 axrl !w
ram              0x0000000020000000 0x0000000000008000 axw !rl
*default*        0x0000000000000000 0xffffffffffffffff

Linker script and memory map

LOAD build/gd32vf103_adc.o
LOAD build/gd32vf103_bkp.o
LOAD build/gd32vf103_can.o
LOAD build/gd32vf103_crc.o
LOAD build/gd32vf103_dac.o
LOAD build/gd32vf103_dbg.o
LOAD build/gd32vf103_dma.o
LOAD build/gd32vf103_eclic.o
LOAD build/gd32vf103_exmc.o
LOAD build/gd32vf103_exti.o
LOAD build/gd32vf103_fmc.o
LOAD build/gd32vf103_fwdgt.o
LOAD build/gd32vf103_gpio.o
LOAD build/gd32vf103_i2c.o
LOAD build/gd32vf103_pmu.o
LOAD build/gd32vf103_rcu.o
LOAD build/gd32vf103_rtc.o
LOAD build/gd32vf103_spi.o
LOAD build/gd32vf103_timer.o
LOAD build/gd32vf103_usart.o
LOAD build/gd32vf103_wwdgt.o
LOAD build/system_gd32vf103.o
LOAD build/_exit.o
LOAD build/close.o
LOAD build/fstat.o
LOAD build/isatty.o
LOAD build/lseek.o
LOAD build/read.o
LOAD build/sbrk.o
LOAD build/write.o
LOAD build/write_hex.o
LOAD build/n200_func.o
LOAD build/handlers.o
LOAD build/init.o
LOAD build/butt.o
LOAD build/clock.o
LOAD build/delay.o
LOAD build/gd32v_mpu6500_if.o
LOAD build/lio_lcd.o
LOAD build/main.o
LOAD build/mpu6500_driver.o
LOAD build/start.o
LOAD build/entry.o
LOAD build/drivers.o
LOAD c:/users/karzan/downloads/toolchain-gd32v-v202-win/toolchain-gd32v-v202-win/compiler/bin/../lib/gcc/riscv64-unknown-elf/8.3.0/../../../../riscv64-unknown-elf/lib/rv32imac/ilp32\libm.a
LOAD c:/users/karzan/downloads/toolchain-gd32v-v202-win/toolchain-gd32v-v202-win/compiler/bin/../lib/gcc/riscv64-unknown-elf/8.3.0/rv32imac/ilp32\libgcc.a
LOAD c:/users/karzan/downloads/toolchain-gd32v-v202-win/toolchain-gd32v-v202-win/compiler/bin/../lib/gcc/riscv64-unknown-elf/8.3.0/../../../../riscv64-unknown-elf/lib/rv32imac/ilp32\libc_nano.a
LOAD c:/users/karzan/downloads/toolchain-gd32v-v202-win/toolchain-gd32v-v202-win/compiler/bin/../lib/gcc/riscv64-unknown-elf/8.3.0/rv32imac/ilp32\libgcc.a
START GROUP
LOAD c:/users/karzan/downloads/toolchain-gd32v-v202-win/toolchain-gd32v-v202-win/compiler/bin/../lib/gcc/riscv64-unknown-elf/8.3.0/rv32imac/ilp32\libgcc.a
LOAD c:/users/karzan/downloads/toolchain-gd32v-v202-win/toolchain-gd32v-v202-win/compiler/bin/../lib/gcc/riscv64-unknown-elf/8.3.0/../../../../riscv64-unknown-elf/lib/rv32imac/ilp32\libc_nano.a
LOAD c:/users/karzan/downloads/toolchain-gd32v-v202-win/toolchain-gd32v-v202-win/compiler/bin/../lib/gcc/riscv64-unknown-elf/8.3.0/../../../../riscv64-unknown-elf/lib/rv32imac/ilp32\libgloss_nano.a
END GROUP
                0x0000000000001000                __stack_size = DEFINED (__stack_size)?__stack_size:0x1000
                0x0000000000000000                __dbg_stack_size = DEFINED (__dbg_stack_size)?__dbg_stack_size:0x0

.init           0x0000000008000000      0x254
 *(SORT_NONE(.init))
 .init          0x0000000008000000      0x254 build/start.o
                0x000000000800015c                _start
                0x0000000008000246                disable_mcycle_minstret
                0x000000000800024c                enable_mcycle_minstret

.ilalign        0x0000000008000254        0x0
                0x0000000008000254                . = ALIGN (0x4)
                [!provide]                        PROVIDE (_ilm_lma = .)

.ialign         0x0000000008000254        0x0
                [!provide]                        PROVIDE (_ilm = .)

.text           0x0000000008000280     0x4c90
 *(.rodata .rodata.*)
 .rodata        0x0000000008000280       0x10 build/gd32vf103_rcu.o
 .rodata._exit.str1.4
                0x0000000008000290       0x1f build/_exit.o
                                         0x23 (size before relaxing)
 *fill*         0x00000000080002af        0x1 
 .rodata.write_hex.str1.4
                0x00000000080002b0        0x3 build/write_hex.o
 *fill*         0x00000000080002b3        0x1 
 .rodata.handle_nmi.str1.4
                0x00000000080002b4        0x5 build/handlers.o
 *fill*         0x00000000080002b9        0x3 
 .rodata.handle_trap.str1.4
                0x00000000080002bc        0x6 build/handlers.o
 *fill*         0x00000000080002c2        0x2 
 .rodata.displayClock.str1.4
                0x00000000080002c4        0xa build/clock.o
 *fill*         0x00000000080002ce        0x2 
 .rodata.mpu_delay.cst8
                0x00000000080002d0        0x8 build/gd32v_mpu6500_if.o
 .rodata.font_1608
                0x00000000080002d8      0x5f0 build/lio_lcd.o
                0x00000000080002d8                font_1608
 .rodata.lcd_delay_1ms.cst8
                0x00000000080008c8        0x8 build/lio_lcd.o
 .rodata        0x00000000080008c8       0x3c c:/users/karzan/downloads/toolchain-gd32v-v202-win/toolchain-gd32v-v202-win/compiler/bin/../lib/gcc/riscv64-unknown-elf/8.3.0/rv32imac/ilp32\libgcc.a(divdf3.o)
 .rodata        0x0000000008000904       0x3c c:/users/karzan/downloads/toolchain-gd32v-v202-win/toolchain-gd32v-v202-win/compiler/bin/../lib/gcc/riscv64-unknown-elf/8.3.0/rv32imac/ilp32\libgcc.a(muldf3.o)
 .rodata        0x0000000008000940       0x3c c:/users/karzan/downloads/toolchain-gd32v-v202-win/toolchain-gd32v-v202-win/compiler/bin/../lib/gcc/riscv64-unknown-elf/8.3.0/rv32imac/ilp32\libgcc.a(divsf3.o)
 .rodata        0x000000000800097c       0x3c c:/users/karzan/downloads/toolchain-gd32v-v202-win/toolchain-gd32v-v202-win/compiler/bin/../lib/gcc/riscv64-unknown-elf/8.3.0/rv32imac/ilp32\libgcc.a(mulsf3.o)
 .rodata        0x00000000080009b8      0x100 c:/users/karzan/downloads/toolchain-gd32v-v202-win/toolchain-gd32v-v202-win/compiler/bin/../lib/gcc/riscv64-unknown-elf/8.3.0/rv32imac/ilp32\libgcc.a(_clz.o)
                0x00000000080009b8                __clz_tab
 .rodata._svfprintf_r.str1.4
                0x0000000008000ab8       0x13 c:/users/karzan/downloads/toolchain-gd32v-v202-win/toolchain-gd32v-v202-win/compiler/bin/../lib/gcc/riscv64-unknown-elf/8.3.0/../../../../riscv64-unknown-elf/lib/rv32imac/ilp32\libc_nano.a(lib_a-nano-svfprintf.o)
 *fill*         0x0000000008000acb        0x1 
 .rodata._printf_i.str1.4
                0x0000000008000acc       0x28 c:/users/karzan/downloads/toolchain-gd32v-v202-win/toolchain-gd32v-v202-win/compiler/bin/../lib/gcc/riscv64-unknown-elf/8.3.0/../../../../riscv64-unknown-elf/lib/rv32imac/ilp32\libc_nano.a(lib_a-nano-vfprintf_i.o)
                                         0x25 (size before relaxing)
 *(.text.unlikely .text.unlikely.*)
 *(.text.startup .text.startup.*)
 .text.startup.main
                0x0000000008000af4      0x192 build/main.o
                0x0000000008000af4                main
 *(.text .text.*)
 .text.gpio_init
                0x0000000008000c86       0xa4 build/gd32vf103_gpio.o
                0x0000000008000c86                gpio_init
 .text.gpio_bit_set
                0x0000000008000d2a        0x4 build/gd32vf103_gpio.o
                0x0000000008000d2a                gpio_bit_set
 .text.gpio_bit_reset
                0x0000000008000d2e        0x4 build/gd32vf103_gpio.o
                0x0000000008000d2e                gpio_bit_reset
 .text.gpio_input_bit_get
                0x0000000008000d32        0xa build/gd32vf103_gpio.o
                0x0000000008000d32                gpio_input_bit_get
 .text.i2c_clock_config
                0x0000000008000d3c      0x142 build/gd32vf103_i2c.o
                0x0000000008000d3c                i2c_clock_config
 .text.i2c_ack_config
                0x0000000008000e7e       0x18 build/gd32vf103_i2c.o
                0x0000000008000e7e                i2c_ack_config
 .text.i2c_master_addressing
                0x0000000008000e96       0x12 build/gd32vf103_i2c.o
                0x0000000008000e96                i2c_master_addressing
 .text.i2c_enable
                0x0000000008000ea8        0xa build/gd32vf103_i2c.o
                0x0000000008000ea8                i2c_enable
 .text.i2c_start_on_bus
                0x0000000008000eb2        0xa build/gd32vf103_i2c.o
                0x0000000008000eb2                i2c_start_on_bus
 .text.i2c_stop_on_bus
                0x0000000008000ebc        0xa build/gd32vf103_i2c.o
                0x0000000008000ebc                i2c_stop_on_bus
 .text.i2c_data_transmit
                0x0000000008000ec6        0x4 build/gd32vf103_i2c.o
                0x0000000008000ec6                i2c_data_transmit
 .text.i2c_data_receive
                0x0000000008000eca        0x8 build/gd32vf103_i2c.o
                0x0000000008000eca                i2c_data_receive
 .text.i2c_flag_get
                0x0000000008000ed2       0x14 build/gd32vf103_i2c.o
                0x0000000008000ed2                i2c_flag_get
 .text.i2c_flag_clear
                0x0000000008000ee6       0x2a build/gd32vf103_i2c.o
                0x0000000008000ee6                i2c_flag_clear
 .text.rcu_periph_clock_enable
                0x0000000008000f10       0x18 build/gd32vf103_rcu.o
                0x0000000008000f10                rcu_periph_clock_enable
 .text.rcu_clock_freq_get
                0x0000000008000f28      0x13a build/gd32vf103_rcu.o
                0x0000000008000f28                rcu_clock_freq_get
 .text.spi_struct_para_init
                0x0000000008001062       0x1a build/gd32vf103_spi.o
                0x0000000008001062                spi_struct_para_init
 .text.spi_init
                0x000000000800107c       0x36 build/gd32vf103_spi.o
                0x000000000800107c                spi_init
 .text.spi_enable
                0x00000000080010b2        0xa build/gd32vf103_spi.o
                0x00000000080010b2                spi_enable
 .text.spi_i2s_data_transmit
                0x00000000080010bc        0x4 build/gd32vf103_spi.o
                0x00000000080010bc                spi_i2s_data_transmit
 .text.spi_i2s_flag_get
                0x00000000080010c0        0xa build/gd32vf103_spi.o
                0x00000000080010c0                spi_i2s_flag_get
 .text.SystemInit
                0x00000000080010ca      0x11c build/system_gd32vf103.o
                0x00000000080010ca                SystemInit
 .text._exit    0x00000000080011e6       0x4c build/_exit.o
                0x00000000080011e6                _exit
 .text._sbrk    0x0000000008001232       0x2e build/sbrk.o
                0x0000000008001232                _sbrk
 .text.write_hex
                0x0000000008001260       0x7c build/write_hex.o
                0x0000000008001260                write_hex
 .text.get_timer_value
                0x00000000080012dc       0x10 build/n200_func.o
                0x00000000080012dc                get_timer_value
 .text.eclic_init
                0x00000000080012ec       0x22 build/n200_func.o
                0x00000000080012ec                eclic_init
 .text.eclic_mode_enable
                0x000000000800130e       0x12 build/n200_func.o
                0x000000000800130e                eclic_mode_enable
 .text.handle_nmi
                0x0000000008001320       0x22 build/handlers.o
                0x0000000008001320                handle_nmi
 .text.handle_trap
                0x0000000008001342       0x38 build/handlers.o
                0x0000000008001342                handle_trap
 .text._init    0x000000000800137a       0x2c build/init.o
                0x000000000800137a                _init
 .text._fini    0x00000000080013a6        0x2 build/init.o
                0x00000000080013a6                _fini
 .text.init_butt
                0x00000000080013a8       0x2c build/butt.o
                0x00000000080013a8                init_butt
 .text.butt     0x00000000080013d4      0x136 build/butt.o
                0x00000000080013d4                butt
 .text.init_clock_display
                0x000000000800150a       0x46 build/clock.o
                0x000000000800150a                init_clock_display
 .text.incrementClock
                0x0000000008001550       0x38 build/clock.o
                0x0000000008001550                incrementClock
 .text.decrementClock
                0x0000000008001588       0x3a build/clock.o
                0x0000000008001588                decrementClock
 .text.displayClock
                0x00000000080015c2       0x1e build/clock.o
                0x00000000080015c2                displayClock
 .text.pskiva   0x00000000080015e0       0x4c build/clock.o
                0x00000000080015e0                pskiva
 .text.delay_until_1ms
                0x000000000800162c       0x42 build/delay.o
                0x000000000800162c                delay_until_1ms
 .text.delay_finished
                0x000000000800166e       0x3c build/delay.o
                0x000000000800166e                delay_finished
 .text.mpu_delay
                0x00000000080016aa       0xce build/gd32v_mpu6500_if.o
                0x00000000080016aa                mpu_delay
 .text.i2c_master_read_register
                0x0000000008001778      0x140 build/gd32v_mpu6500_if.o
                0x0000000008001778                i2c_master_read_register
 .text.i2c_master_write_register
                0x00000000080018b8       0xea build/gd32v_mpu6500_if.o
                0x00000000080018b8                i2c_master_write_register
 .text.i2c_master_init
                0x00000000080019a2       0x28 build/gd32v_mpu6500_if.o
                0x00000000080019a2                i2c_master_init
 .text.mpu6500_install
                0x00000000080019ca       0x40 build/gd32v_mpu6500_if.o
                0x00000000080019ca                mpu6500_install
 .text.spi_write_bus
                0x0000000008001a0a       0x3a build/lio_lcd.o
                0x0000000008001a0a                spi_write_bus
 .text.lcd_CS_set
                0x0000000008001a44        0xe build/lio_lcd.o
                0x0000000008001a44                lcd_CS_set
 .text.lcd_bus_init
                0x0000000008001a52       0xb0 build/lio_lcd.o
                0x0000000008001a52                lcd_bus_init
 .text.lcd_CS_reset
                0x0000000008001b02        0xe build/lio_lcd.o
                0x0000000008001b02                lcd_CS_reset
 .text.lcd_DC_set
                0x0000000008001b10        0xe build/lio_lcd.o
                0x0000000008001b10                lcd_DC_set
 .text.lcd_write_color
                0x0000000008001b1e       0x6e build/lio_lcd.o
                0x0000000008001b1e                lcd_write_color
 .text.lcd_write_data
                0x0000000008001b8c       0x5e build/lio_lcd.o
                0x0000000008001b8c                lcd_write_data
 .text.lcd_DC_reset
                0x0000000008001bea        0xe build/lio_lcd.o
                0x0000000008001bea                lcd_DC_reset
 .text.lcd_write_command
                0x0000000008001bf8       0x50 build/lio_lcd.o
                0x0000000008001bf8                lcd_write_command
 .text.lio_lcd_address_set
                0x0000000008001c48       0xaa build/lio_lcd.o
                0x0000000008001c48                lio_lcd_address_set
 .text.lio_lcd_clear
                0x0000000008001cf2       0x60 build/lio_lcd.o
                0x0000000008001cf2                lio_lcd_clear
 .text.lio_lcd_draw_bitmask_scaled
                0x0000000008001d52       0xc4 build/lio_lcd.o
                0x0000000008001d52                lio_lcd_draw_bitmask_scaled
 .text.lio_lcd_draw_char_scaled
                0x0000000008001e16       0x4c build/lio_lcd.o
                0x0000000008001e16                lio_lcd_draw_char_scaled
 .text.lio_lcd_draw_string_scaled
                0x0000000008001e62       0x8a build/lio_lcd.o
                0x0000000008001e62                lio_lcd_draw_string_scaled
 .text.lio_lcd_printf_scaled
                0x0000000008001eec       0x7c build/lio_lcd.o
                0x0000000008001eec                lio_lcd_printf_scaled
 .text.lcd_delay_1ms
                0x0000000008001f68       0xce build/lio_lcd.o
                0x0000000008001f68                lcd_delay_1ms
 .text.lio_lcd_init
                0x0000000008002036      0x2be build/lio_lcd.o
                0x0000000008002036                lio_lcd_init
 .text.handle_imu
                0x00000000080022f4       0xc0 build/main.o
                0x00000000080022f4                handle_imu
 .text.read_mpu
                0x00000000080023b4       0x1a build/mpu6500_driver.o
                0x00000000080023b4                read_mpu
 .text.write_mpu
                0x00000000080023ce       0x1a build/mpu6500_driver.o
                0x00000000080023ce                write_mpu
 .text.mpu6500_init
                0x00000000080023e8      0x126 build/mpu6500_driver.o
                0x00000000080023e8                mpu6500_init
 .text.mpu6500_getAccel
                0x000000000800250e       0x76 build/mpu6500_driver.o
                0x000000000800250e                mpu6500_getAccel
 *fill*         0x0000000008002584       0x3c 
 .text.trap     0x00000000080025c0       0x82 build/entry.o
                0x00000000080025c0                trap_entry
 *fill*         0x0000000008002642        0x2 
 .text.irq      0x0000000008002644       0x72 build/entry.o
                0x0000000008002644                irq_entry
 .text          0x00000000080026b6       0x7a c:/users/karzan/downloads/toolchain-gd32v-v202-win/toolchain-gd32v-v202-win/compiler/bin/../lib/gcc/riscv64-unknown-elf/8.3.0/../../../../riscv64-unknown-elf/lib/rv32imac/ilp32\libm.a(lib_a-wf_sqrt.o)
                0x00000000080026b6                sqrtf
 .text          0x0000000008002730       0xec c:/users/karzan/downloads/toolchain-gd32v-v202-win/toolchain-gd32v-v202-win/compiler/bin/../lib/gcc/riscv64-unknown-elf/8.3.0/../../../../riscv64-unknown-elf/lib/rv32imac/ilp32\libm.a(lib_a-ef_sqrt.o)
                0x0000000008002730                __ieee754_sqrtf
 .text          0x000000000800281c      0x546 c:/users/karzan/downloads/toolchain-gd32v-v202-win/toolchain-gd32v-v202-win/compiler/bin/../lib/gcc/riscv64-unknown-elf/8.3.0/rv32imac/ilp32\libgcc.a(divdf3.o)
                0x000000000800281c                __divdf3
 .text          0x0000000008002d62       0xa4 c:/users/karzan/downloads/toolchain-gd32v-v202-win/toolchain-gd32v-v202-win/compiler/bin/../lib/gcc/riscv64-unknown-elf/8.3.0/rv32imac/ilp32\libgcc.a(ledf2.o)
                0x0000000008002d62                __ledf2
                0x0000000008002d62                __ltdf2
 .text          0x0000000008002e06      0x44c c:/users/karzan/downloads/toolchain-gd32v-v202-win/toolchain-gd32v-v202-win/compiler/bin/../lib/gcc/riscv64-unknown-elf/8.3.0/rv32imac/ilp32\libgcc.a(muldf3.o)
                0x0000000008002e06                __muldf3
 .text          0x0000000008003252       0x70 c:/users/karzan/downloads/toolchain-gd32v-v202-win/toolchain-gd32v-v202-win/compiler/bin/../lib/gcc/riscv64-unknown-elf/8.3.0/rv32imac/ilp32\libgcc.a(floatsidf.o)
                0x0000000008003252                __floatsidf
 .text          0x00000000080032c2       0x56 c:/users/karzan/downloads/toolchain-gd32v-v202-win/toolchain-gd32v-v202-win/compiler/bin/../lib/gcc/riscv64-unknown-elf/8.3.0/rv32imac/ilp32\libgcc.a(floatunsidf.o)
                0x00000000080032c2                __floatunsidf
 .text          0x0000000008003318      0x166 c:/users/karzan/downloads/toolchain-gd32v-v202-win/toolchain-gd32v-v202-win/compiler/bin/../lib/gcc/riscv64-unknown-elf/8.3.0/rv32imac/ilp32\libgcc.a(floatundidf.o)
                0x0000000008003318                __floatundidf
 .text          0x000000000800347e      0x312 c:/users/karzan/downloads/toolchain-gd32v-v202-win/toolchain-gd32v-v202-win/compiler/bin/../lib/gcc/riscv64-unknown-elf/8.3.0/rv32imac/ilp32\libgcc.a(addsf3.o)
                0x000000000800347e                __addsf3
 .text          0x0000000008003790      0x256 c:/users/karzan/downloads/toolchain-gd32v-v202-win/toolchain-gd32v-v202-win/compiler/bin/../lib/gcc/riscv64-unknown-elf/8.3.0/rv32imac/ilp32\libgcc.a(divsf3.o)
                0x0000000008003790                __divsf3
 .text          0x00000000080039e6       0x78 c:/users/karzan/downloads/toolchain-gd32v-v202-win/toolchain-gd32v-v202-win/compiler/bin/../lib/gcc/riscv64-unknown-elf/8.3.0/rv32imac/ilp32\libgcc.a(lesf2.o)
                0x00000000080039e6                __ltsf2
                0x00000000080039e6                __lesf2
 .text          0x0000000008003a5e      0x228 c:/users/karzan/downloads/toolchain-gd32v-v202-win/toolchain-gd32v-v202-win/compiler/bin/../lib/gcc/riscv64-unknown-elf/8.3.0/rv32imac/ilp32\libgcc.a(mulsf3.o)
                0x0000000008003a5e                __mulsf3
 .text          0x0000000008003c86      0x322 c:/users/karzan/downloads/toolchain-gd32v-v202-win/toolchain-gd32v-v202-win/compiler/bin/../lib/gcc/riscv64-unknown-elf/8.3.0/rv32imac/ilp32\libgcc.a(subsf3.o)
                0x0000000008003c86                __subsf3
 .text          0x0000000008003fa8       0x34 c:/users/karzan/downloads/toolchain-gd32v-v202-win/toolchain-gd32v-v202-win/compiler/bin/../lib/gcc/riscv64-unknown-elf/8.3.0/rv32imac/ilp32\libgcc.a(unordsf2.o)
                0x0000000008003fa8                __unordsf2
 .text          0x0000000008003fdc       0x60 c:/users/karzan/downloads/toolchain-gd32v-v202-win/toolchain-gd32v-v202-win/compiler/bin/../lib/gcc/riscv64-unknown-elf/8.3.0/rv32imac/ilp32\libgcc.a(fixsfsi.o)
                0x0000000008003fdc                __fixsfsi
 .text          0x000000000800403c       0xc0 c:/users/karzan/downloads/toolchain-gd32v-v202-win/toolchain-gd32v-v202-win/compiler/bin/../lib/gcc/riscv64-unknown-elf/8.3.0/rv32imac/ilp32\libgcc.a(floatsisf.o)
                0x000000000800403c                __floatsisf
 .text          0x00000000080040fc       0x2a c:/users/karzan/downloads/toolchain-gd32v-v202-win/toolchain-gd32v-v202-win/compiler/bin/../lib/gcc/riscv64-unknown-elf/8.3.0/rv32imac/ilp32\libgcc.a(_lshrdi3.o)
                0x00000000080040fc                __lshrdi3
 .text          0x0000000008004126       0x2a c:/users/karzan/downloads/toolchain-gd32v-v202-win/toolchain-gd32v-v202-win/compiler/bin/../lib/gcc/riscv64-unknown-elf/8.3.0/rv32imac/ilp32\libgcc.a(_ashldi3.o)
                0x0000000008004126                __ashldi3
 .text          0x0000000008004150       0x3c c:/users/karzan/downloads/toolchain-gd32v-v202-win/toolchain-gd32v-v202-win/compiler/bin/../lib/gcc/riscv64-unknown-elf/8.3.0/rv32imac/ilp32\libgcc.a(_clzsi2.o)
                0x0000000008004150                __clzsi2
 .text.atexit   0x000000000800418c       0x10 c:/users/karzan/downloads/toolchain-gd32v-v202-win/toolchain-gd32v-v202-win/compiler/bin/../lib/gcc/riscv64-unknown-elf/8.3.0/../../../../riscv64-unknown-elf/lib/rv32imac/ilp32\libc_nano.a(lib_a-atexit.o)
                0x000000000800418c                atexit
 .text.__errno  0x000000000800419c        0xc c:/users/karzan/downloads/toolchain-gd32v-v202-win/toolchain-gd32v-v202-win/compiler/bin/../lib/gcc/riscv64-unknown-elf/8.3.0/../../../../riscv64-unknown-elf/lib/rv32imac/ilp32\libc_nano.a(lib_a-errno.o)
                0x000000000800419c                __errno
 .text.exit     0x00000000080041a8       0x36 c:/users/karzan/downloads/toolchain-gd32v-v202-win/toolchain-gd32v-v202-win/compiler/bin/../lib/gcc/riscv64-unknown-elf/8.3.0/../../../../riscv64-unknown-elf/lib/rv32imac/ilp32\libc_nano.a(lib_a-exit.o)
                0x00000000080041a8                exit
 .text.__libc_fini_array
                0x00000000080041de       0x38 c:/users/karzan/downloads/toolchain-gd32v-v202-win/toolchain-gd32v-v202-win/compiler/bin/../lib/gcc/riscv64-unknown-elf/8.3.0/../../../../riscv64-unknown-elf/lib/rv32imac/ilp32\libc_nano.a(lib_a-fini.o)
                0x00000000080041de                __libc_fini_array
 .text.__libc_init_array
                0x0000000008004216       0x6a c:/users/karzan/downloads/toolchain-gd32v-v202-win/toolchain-gd32v-v202-win/compiler/bin/../lib/gcc/riscv64-unknown-elf/8.3.0/../../../../riscv64-unknown-elf/lib/rv32imac/ilp32\libc_nano.a(lib_a-init.o)
                0x0000000008004216                __libc_init_array
 .text          0x0000000008004280       0x16 c:/users/karzan/downloads/toolchain-gd32v-v202-win/toolchain-gd32v-v202-win/compiler/bin/../lib/gcc/riscv64-unknown-elf/8.3.0/../../../../riscv64-unknown-elf/lib/rv32imac/ilp32\libc_nano.a(lib_a-memcpy-asm.o)
                0x0000000008004280                memcpy
 .text          0x0000000008004296       0x10 c:/users/karzan/downloads/toolchain-gd32v-v202-win/toolchain-gd32v-v202-win/compiler/bin/../lib/gcc/riscv64-unknown-elf/8.3.0/../../../../riscv64-unknown-elf/lib/rv32imac/ilp32\libc_nano.a(lib_a-memset.o)
                0x0000000008004296                memset
 .text.write    0x00000000080042a6       0x18 c:/users/karzan/downloads/toolchain-gd32v-v202-win/toolchain-gd32v-v202-win/compiler/bin/../lib/gcc/riscv64-unknown-elf/8.3.0/../../../../riscv64-unknown-elf/lib/rv32imac/ilp32\libc_nano.a(lib_a-syswrite.o)
                0x00000000080042a6                write
 .text._vsnprintf_r
                0x00000000080042be       0x66 c:/users/karzan/downloads/toolchain-gd32v-v202-win/toolchain-gd32v-v202-win/compiler/bin/../lib/gcc/riscv64-unknown-elf/8.3.0/../../../../riscv64-unknown-elf/lib/rv32imac/ilp32\libc_nano.a(lib_a-vsnprintf.o)
                0x00000000080042be                _vsniprintf_r
                0x00000000080042be                _vsnprintf_r
 .text.vsnprintf
                0x0000000008004324       0x1a c:/users/karzan/downloads/toolchain-gd32v-v202-win/toolchain-gd32v-v202-win/compiler/bin/../lib/gcc/riscv64-unknown-elf/8.3.0/../../../../riscv64-unknown-elf/lib/rv32imac/ilp32\libc_nano.a(lib_a-vsnprintf.o)
                0x0000000008004324                vsniprintf
                0x0000000008004324                vsnprintf
 .text._write_r
                0x000000000800433e       0x3a c:/users/karzan/downloads/toolchain-gd32v-v202-win/toolchain-gd32v-v202-win/compiler/bin/../lib/gcc/riscv64-unknown-elf/8.3.0/../../../../riscv64-unknown-elf/lib/rv32imac/ilp32\libc_nano.a(lib_a-writer.o)
                0x000000000800433e                _write_r
 .text.__register_exitproc
                0x0000000008004378       0x8c c:/users/karzan/downloads/toolchain-gd32v-v202-win/toolchain-gd32v-v202-win/compiler/bin/../lib/gcc/riscv64-unknown-elf/8.3.0/../../../../riscv64-unknown-elf/lib/rv32imac/ilp32\libc_nano.a(lib_a-__atexit.o)
                0x0000000008004378                __register_exitproc
 .text.__call_exitprocs
                0x0000000008004404       0xc8 c:/users/karzan/downloads/toolchain-gd32v-v202-win/toolchain-gd32v-v202-win/compiler/bin/../lib/gcc/riscv64-unknown-elf/8.3.0/../../../../riscv64-unknown-elf/lib/rv32imac/ilp32\libc_nano.a(lib_a-__call_atexit.o)
                0x0000000008004404                __call_exitprocs
 .text.__ssputs_r
                0x00000000080044cc      0x102 c:/users/karzan/downloads/toolchain-gd32v-v202-win/toolchain-gd32v-v202-win/compiler/bin/../lib/gcc/riscv64-unknown-elf/8.3.0/../../../../riscv64-unknown-elf/lib/rv32imac/ilp32\libc_nano.a(lib_a-nano-svfprintf.o)
                0x00000000080044cc                __ssputs_r
 .text._svfprintf_r
                0x00000000080045ce      0x29a c:/users/karzan/downloads/toolchain-gd32v-v202-win/toolchain-gd32v-v202-win/compiler/bin/../lib/gcc/riscv64-unknown-elf/8.3.0/../../../../riscv64-unknown-elf/lib/rv32imac/ilp32\libc_nano.a(lib_a-nano-svfprintf.o)
                0x00000000080045ce                _svfiprintf_r
                0x00000000080045ce                _svfprintf_r
 .text._printf_common
                0x0000000008004868      0x10c c:/users/karzan/downloads/toolchain-gd32v-v202-win/toolchain-gd32v-v202-win/compiler/bin/../lib/gcc/riscv64-unknown-elf/8.3.0/../../../../riscv64-unknown-elf/lib/rv32imac/ilp32\libc_nano.a(lib_a-nano-vfprintf_i.o)
                0x0000000008004868                _printf_common
 .text._printf_i
                0x0000000008004974      0x2ae c:/users/karzan/downloads/toolchain-gd32v-v202-win/toolchain-gd32v-v202-win/compiler/bin/../lib/gcc/riscv64-unknown-elf/8.3.0/../../../../riscv64-unknown-elf/lib/rv32imac/ilp32\libc_nano.a(lib_a-nano-vfprintf_i.o)
                0x0000000008004974                _printf_i
 .text.memchr   0x0000000008004c22       0x1a c:/users/karzan/downloads/toolchain-gd32v-v202-win/toolchain-gd32v-v202-win/compiler/bin/../lib/gcc/riscv64-unknown-elf/8.3.0/../../../../riscv64-unknown-elf/lib/rv32imac/ilp32\libc_nano.a(lib_a-memchr.o)
                0x0000000008004c22                memchr
 .text          0x0000000008004c3c       0x26 c:/users/karzan/downloads/toolchain-gd32v-v202-win/toolchain-gd32v-v202-win/compiler/bin/../lib/gcc/riscv64-unknown-elf/8.3.0/../../../../riscv64-unknown-elf/lib/rv32imac/ilp32\libc_nano.a(lib_a-memmove.o)
                0x0000000008004c3c                memmove
 .text._free_r  0x0000000008004c62       0xb8 c:/users/karzan/downloads/toolchain-gd32v-v202-win/toolchain-gd32v-v202-win/compiler/bin/../lib/gcc/riscv64-unknown-elf/8.3.0/../../../../riscv64-unknown-elf/lib/rv32imac/ilp32\libc_nano.a(lib_a-nano-freer.o)
                0x0000000008004c62                _free_r
 .text._malloc_r
                0x0000000008004d1a      0x102 c:/users/karzan/downloads/toolchain-gd32v-v202-win/toolchain-gd32v-v202-win/compiler/bin/../lib/gcc/riscv64-unknown-elf/8.3.0/../../../../riscv64-unknown-elf/lib/rv32imac/ilp32\libc_nano.a(lib_a-nano-mallocr.o)
                0x0000000008004d1a                _malloc_r
 .text._realloc_r
                0x0000000008004e1c       0x72 c:/users/karzan/downloads/toolchain-gd32v-v202-win/toolchain-gd32v-v202-win/compiler/bin/../lib/gcc/riscv64-unknown-elf/8.3.0/../../../../riscv64-unknown-elf/lib/rv32imac/ilp32\libc_nano.a(lib_a-nano-reallocr.o)
                0x0000000008004e1c                _realloc_r
 .text._sbrk_r  0x0000000008004e8e       0x36 c:/users/karzan/downloads/toolchain-gd32v-v202-win/toolchain-gd32v-v202-win/compiler/bin/../lib/gcc/riscv64-unknown-elf/8.3.0/../../../../riscv64-unknown-elf/lib/rv32imac/ilp32\libc_nano.a(lib_a-sbrkr.o)
                0x0000000008004e8e                _sbrk_r
 .text.__malloc_lock
                0x0000000008004ec4        0x2 c:/users/karzan/downloads/toolchain-gd32v-v202-win/toolchain-gd32v-v202-win/compiler/bin/../lib/gcc/riscv64-unknown-elf/8.3.0/../../../../riscv64-unknown-elf/lib/rv32imac/ilp32\libc_nano.a(lib_a-mlock.o)
                0x0000000008004ec4                __malloc_lock
 .text.__malloc_unlock
                0x0000000008004ec6        0x2 c:/users/karzan/downloads/toolchain-gd32v-v202-win/toolchain-gd32v-v202-win/compiler/bin/../lib/gcc/riscv64-unknown-elf/8.3.0/../../../../riscv64-unknown-elf/lib/rv32imac/ilp32\libc_nano.a(lib_a-mlock.o)
                0x0000000008004ec6                __malloc_unlock
 .text._malloc_usable_size_r
                0x0000000008004ec8       0x14 c:/users/karzan/downloads/toolchain-gd32v-v202-win/toolchain-gd32v-v202-win/compiler/bin/../lib/gcc/riscv64-unknown-elf/8.3.0/../../../../riscv64-unknown-elf/lib/rv32imac/ilp32\libc_nano.a(lib_a-nano-msizer.o)
                0x0000000008004ec8                _malloc_usable_size_r
 .text._write   0x0000000008004edc       0x34 c:/users/karzan/downloads/toolchain-gd32v-v202-win/toolchain-gd32v-v202-win/compiler/bin/../lib/gcc/riscv64-unknown-elf/8.3.0/../../../../riscv64-unknown-elf/lib/rv32imac/ilp32\libgloss_nano.a(sys_write.o)
                0x0000000008004edc                _write
 *(.gnu.linkonce.t.*)

.sdata2._global_impure_ptr
                0x0000000008004f10        0x4
 .sdata2._global_impure_ptr
                0x0000000008004f10        0x4 c:/users/karzan/downloads/toolchain-gd32v-v202-win/toolchain-gd32v-v202-win/compiler/bin/../lib/gcc/riscv64-unknown-elf/8.3.0/../../../../riscv64-unknown-elf/lib/rv32imac/ilp32\libc_nano.a(lib_a-impure.o)
                0x0000000008004f10                _global_impure_ptr

.rela.dyn       0x0000000008004f14        0x0
 .rela.text._sbrk
                0x0000000008004f14        0x0 build/gd32vf103_gpio.o
 .rela.sdata.curbrk.1524
                0x0000000008004f14        0x0 build/gd32vf103_gpio.o
 .rela.text.handle_trap
                0x0000000008004f14        0x0 build/gd32vf103_gpio.o
 .rela.text.mpu6500_install
                0x0000000008004f14        0x0 build/gd32vf103_gpio.o
 .rela.text.lio_lcd_address_set
                0x0000000008004f14        0x0 build/gd32vf103_gpio.o
 .rela.text.lio_lcd_clear
                0x0000000008004f14        0x0 build/gd32vf103_gpio.o
 .rela.text.lio_lcd_draw_bitmask_scaled
                0x0000000008004f14        0x0 build/gd32vf103_gpio.o
 .rela.text.lio_lcd_draw_string_scaled
                0x0000000008004f14        0x0 build/gd32vf103_gpio.o
 .rela.text.lio_lcd_init
                0x0000000008004f14        0x0 build/gd32vf103_gpio.o
 .rela.text.read_mpu
                0x0000000008004f14        0x0 build/gd32vf103_gpio.o
 .rela.text.write_mpu
                0x0000000008004f14        0x0 build/gd32vf103_gpio.o
 .rela.text.mpu6500_init
                0x0000000008004f14        0x0 build/gd32vf103_gpio.o
 .rela.init     0x0000000008004f14        0x0 build/gd32vf103_gpio.o
 .rela.text.trap
                0x0000000008004f14        0x0 build/gd32vf103_gpio.o
 .rela.text.__libc_fini_array
                0x0000000008004f14        0x0 build/gd32vf103_gpio.o
 .rela.data.impure_data
                0x0000000008004f14        0x0 build/gd32vf103_gpio.o
 .rela.text.__libc_init_array
                0x0000000008004f14        0x0 build/gd32vf103_gpio.o
 .rela.text._write_r
                0x0000000008004f14        0x0 build/gd32vf103_gpio.o
 .rela.text.__register_exitproc
                0x0000000008004f14        0x0 build/gd32vf103_gpio.o
 .rela.text._svfprintf_r
                0x0000000008004f14        0x0 build/gd32vf103_gpio.o
 .rela.text._sbrk_r
                0x0000000008004f14        0x0 build/gd32vf103_gpio.o

.fini
 *(SORT_NONE(.fini))
                0x0000000008004f14                . = ALIGN (0x4)
                [!provide]                        PROVIDE (__etext = .)
                [!provide]                        PROVIDE (_etext = .)
                [!provide]                        PROVIDE (etext = .)
                [!provide]                        PROVIDE (_eilm = .)

.preinit_array  0x0000000008004f14        0x0
                0x0000000008004f14                PROVIDE (__preinit_array_start = .)
 *(.preinit_array)
                0x0000000008004f14                PROVIDE (__preinit_array_end = .)

.init_array     0x0000000008004f14        0x0
                0x0000000008004f14                PROVIDE (__init_array_start = .)
 *(SORT_BY_INIT_PRIORITY(.init_array.*) SORT_BY_INIT_PRIORITY(.ctors.*))
 *(.init_array EXCLUDE_FILE(*crtend?.o *crtend.o *crtbegin?.o *crtbegin.o) .ctors)
                0x0000000008004f14                PROVIDE (__init_array_end = .)

.fini_array     0x0000000008004f14        0x0
                0x0000000008004f14                PROVIDE (__fini_array_start = .)
 *(SORT_BY_INIT_PRIORITY(.fini_array.*) SORT_BY_INIT_PRIORITY(.dtors.*))
 *(.fini_array EXCLUDE_FILE(*crtend?.o *crtend.o *crtbegin?.o *crtbegin.o) .dtors)
                0x0000000008004f14                PROVIDE (__fini_array_end = .)

.ctors
 *crtbegin.o(.ctors)
 *crtbegin?.o(.ctors)
 *(EXCLUDE_FILE(*crtend?.o *crtend.o) .ctors)
 *(SORT_BY_NAME(.ctors.*))
 *(.ctors)

.dtors
 *crtbegin.o(.dtors)
 *crtbegin?.o(.dtors)
 *(EXCLUDE_FILE(*crtend?.o *crtend.o) .dtors)
 *(SORT_BY_NAME(.dtors.*))
 *(.dtors)
                0x0000000008004f14                . = ALIGN (0x4)
                [!provide]                        PROVIDE (_eilm = .)

.lalign         0x0000000008004f14        0x0
                0x0000000008004f14                . = ALIGN (0x4)
                0x0000000008004f14                PROVIDE (_data_lma = .)

.dalign         0x0000000020000000        0x0 load address 0x0000000008004f14
                0x0000000020000000                . = ALIGN (0x4)
                0x0000000020000000                PROVIDE (_data = .)

.data           0x0000000020000000       0x70 load address 0x0000000008004f14
 *(.rdata)
 *(.gnu.linkonce.r.*)
 *(.data .data.*)
 .data.impure_data
                0x0000000020000000       0x60 c:/users/karzan/downloads/toolchain-gd32v-v202-win/toolchain-gd32v-v202-win/compiler/bin/../lib/gcc/riscv64-unknown-elf/8.3.0/../../../../riscv64-unknown-elf/lib/rv32imac/ilp32\libc_nano.a(lib_a-impure.o)
 *(.gnu.linkonce.d.*)
                0x0000000020000060                . = ALIGN (0x8)
                0x0000000020000860                PROVIDE (__global_pointer$ = (. + 0x800))
 *(.sdata .sdata.*)
 .sdata.SystemCoreClock
                0x0000000020000060        0x4 build/system_gd32vf103.o
                0x0000000020000060                SystemCoreClock
 .sdata.curbrk.1524
                0x0000000020000064        0x4 build/sbrk.o
 .sdata._impure_ptr
                0x0000000020000068        0x4 c:/users/karzan/downloads/toolchain-gd32v-v202-win/toolchain-gd32v-v202-win/compiler/bin/../lib/gcc/riscv64-unknown-elf/8.3.0/../../../../riscv64-unknown-elf/lib/rv32imac/ilp32\libc_nano.a(lib_a-impure.o)
                0x0000000020000068                _impure_ptr
 *(.gnu.linkonce.s.*)
                0x0000000020000070                . = ALIGN (0x8)
 *fill*         0x000000002000006c        0x4 
 *(.srodata.cst16)
 *(.srodata.cst8)
 *(.srodata.cst4)
 *(.srodata.cst2)
 *(.srodata .srodata.*)
                0x0000000020000070                . = ALIGN (0x4)
                0x0000000020000070                PROVIDE (_edata = .)
                [!provide]                        PROVIDE (edata = .)
                [!provide]                        PROVIDE (_fbss = .)
                0x0000000020000070                PROVIDE (__bss_start = .)

.bss            0x0000000020000070       0xc8
 *(.sbss*)
 .sbss.delay_until
                0x0000000020000070        0x8 build/delay.o
                0x0000000020000070                delay_until
 .sbss          0x0000000020000078        0x4 c:/users/karzan/downloads/toolchain-gd32v-v202-win/toolchain-gd32v-v202-win/compiler/bin/../lib/gcc/riscv64-unknown-elf/8.3.0/../../../../riscv64-unknown-elf/lib/rv32imac/ilp32\libm.a(lib_a-s_lib_ver.o)
                0x0000000020000078                __fdlib_version
 .sbss._global_atexit
                0x000000002000007c        0x4 c:/users/karzan/downloads/toolchain-gd32v-v202-win/toolchain-gd32v-v202-win/compiler/bin/../lib/gcc/riscv64-unknown-elf/8.3.0/../../../../riscv64-unknown-elf/lib/rv32imac/ilp32\libc_nano.a(lib_a-__call_atexit.o)
                0x000000002000007c                _global_atexit
 .sbss.__malloc_free_list
                0x0000000020000080        0x4 c:/users/karzan/downloads/toolchain-gd32v-v202-win/toolchain-gd32v-v202-win/compiler/bin/../lib/gcc/riscv64-unknown-elf/8.3.0/../../../../riscv64-unknown-elf/lib/rv32imac/ilp32\libc_nano.a(lib_a-nano-mallocr.o)
                0x0000000020000080                __malloc_free_list
 .sbss.__malloc_sbrk_start
                0x0000000020000084        0x4 c:/users/karzan/downloads/toolchain-gd32v-v202-win/toolchain-gd32v-v202-win/compiler/bin/../lib/gcc/riscv64-unknown-elf/8.3.0/../../../../riscv64-unknown-elf/lib/rv32imac/ilp32\libc_nano.a(lib_a-nano-mallocr.o)
                0x0000000020000084                __malloc_sbrk_start
 *(.gnu.linkonce.sb.*)
 *(.bss .bss.*)
 .bss._global_atexit0
                0x0000000020000088       0x8c c:/users/karzan/downloads/toolchain-gd32v-v202-win/toolchain-gd32v-v202-win/compiler/bin/../lib/gcc/riscv64-unknown-elf/8.3.0/../../../../riscv64-unknown-elf/lib/rv32imac/ilp32\libc_nano.a(lib_a-__atexit.o)
 *(.gnu.linkonce.b.*)
 *(COMMON)
 COMMON         0x0000000020000114        0x4 build/gd32v_mpu6500_if.o
                0x0000000020000114                i2c_port
 COMMON         0x0000000020000118        0xc build/lio_lcd.o
                0x0000000020000118                _config
 COMMON         0x0000000020000124       0x10 build/mpu6500_driver.o
                0x0000000020000124                cb
 COMMON         0x0000000020000134        0x4 c:/users/karzan/downloads/toolchain-gd32v-v202-win/toolchain-gd32v-v202-win/compiler/bin/../lib/gcc/riscv64-unknown-elf/8.3.0/../../../../riscv64-unknown-elf/lib/rv32imac/ilp32\libc_nano.a(lib_a-reent.o)
                0x0000000020000134                errno
                0x0000000020000138                . = ALIGN (0x4)
                0x0000000020000138                . = ALIGN (0x8)
                0x0000000020000138                PROVIDE (_end = .)
                [!provide]                        PROVIDE (end = .)

.stack          0x0000000020007000     0x1000 load address 0x0000000020000138
                0x0000000020007000                PROVIDE (_heap_end = .)
                0x0000000000001000                . = __stack_size
 *fill*         0x0000000020007000     0x1000 
                0x0000000020008000                PROVIDE (_sp = .)
                0x0000000000001000                . = (__dbg_stack_size + __stack_size)
                [!provide]                        PROVIDE (_dbg_sp = .)
OUTPUT(build/gd32vf103.elf elf32-littleriscv)

.debug_info     0x0000000000000000    0x13798
 .debug_info    0x0000000000000000      0x6f6 build/gd32vf103_gpio.o
 .debug_info    0x00000000000006f6      0xbfd build/gd32vf103_i2c.o
 .debug_info    0x00000000000012f3      0xf51 build/gd32vf103_rcu.o
 .debug_info    0x0000000000002244      0xa73 build/gd32vf103_spi.o
 .debug_info    0x0000000000002cb7      0x203 build/system_gd32vf103.o
 .debug_info    0x0000000000002eba      0x1d3 build/_exit.o
 .debug_info    0x000000000000308d       0xd0 build/sbrk.o
 .debug_info    0x000000000000315d      0x1bb build/write_hex.o
 .debug_info    0x0000000000003318     0x18a2 build/n200_func.o
 .debug_info    0x0000000000004bba      0xb4f build/handlers.o
 .debug_info    0x0000000000005709      0xcb0 build/init.o
 .debug_info    0x00000000000063b9      0xd95 build/butt.o
 .debug_info    0x000000000000714e      0xd5f build/clock.o
 .debug_info    0x0000000000007ead      0x296 build/delay.o
 .debug_info    0x0000000000008143     0x1139 build/gd32v_mpu6500_if.o
 .debug_info    0x000000000000927c     0x23f3 build/lio_lcd.o
 .debug_info    0x000000000000b66f      0xf7d build/main.o
 .debug_info    0x000000000000c5ec     0x10aa build/mpu6500_driver.o
 .debug_info    0x000000000000d696       0x26 build/start.o
 .debug_info    0x000000000000d6bc       0x22 build/entry.o
 .debug_info    0x000000000000d6de      0x734 c:/users/karzan/downloads/toolchain-gd32v-v202-win/toolchain-gd32v-v202-win/compiler/bin/../lib/gcc/riscv64-unknown-elf/8.3.0/rv32imac/ilp32\libgcc.a(divdf3.o)
 .debug_info    0x000000000000de12      0x286 c:/users/karzan/downloads/toolchain-gd32v-v202-win/toolchain-gd32v-v202-win/compiler/bin/../lib/gcc/riscv64-unknown-elf/8.3.0/rv32imac/ilp32\libgcc.a(ledf2.o)
 .debug_info    0x000000000000e098      0x76c c:/users/karzan/downloads/toolchain-gd32v-v202-win/toolchain-gd32v-v202-win/compiler/bin/../lib/gcc/riscv64-unknown-elf/8.3.0/rv32imac/ilp32\libgcc.a(muldf3.o)
 .debug_info    0x000000000000e804      0x2c0 c:/users/karzan/downloads/toolchain-gd32v-v202-win/toolchain-gd32v-v202-win/compiler/bin/../lib/gcc/riscv64-unknown-elf/8.3.0/rv32imac/ilp32\libgcc.a(floatsidf.o)
 .debug_info    0x000000000000eac4      0x2af c:/users/karzan/downloads/toolchain-gd32v-v202-win/toolchain-gd32v-v202-win/compiler/bin/../lib/gcc/riscv64-unknown-elf/8.3.0/rv32imac/ilp32\libgcc.a(floatunsidf.o)
 .debug_info    0x000000000000ed73      0x2e8 c:/users/karzan/downloads/toolchain-gd32v-v202-win/toolchain-gd32v-v202-win/compiler/bin/../lib/gcc/riscv64-unknown-elf/8.3.0/rv32imac/ilp32\libgcc.a(floatundidf.o)
 .debug_info    0x000000000000f05b      0x351 c:/users/karzan/downloads/toolchain-gd32v-v202-win/toolchain-gd32v-v202-win/compiler/bin/../lib/gcc/riscv64-unknown-elf/8.3.0/rv32imac/ilp32\libgcc.a(addsf3.o)
 .debug_info    0x000000000000f3ac      0x3bf c:/users/karzan/downloads/toolchain-gd32v-v202-win/toolchain-gd32v-v202-win/compiler/bin/../lib/gcc/riscv64-unknown-elf/8.3.0/rv32imac/ilp32\libgcc.a(divsf3.o)
 .debug_info    0x000000000000f76b      0x264 c:/users/karzan/downloads/toolchain-gd32v-v202-win/toolchain-gd32v-v202-win/compiler/bin/../lib/gcc/riscv64-unknown-elf/8.3.0/rv32imac/ilp32\libgcc.a(lesf2.o)
 .debug_info    0x000000000000f9cf      0x3ac c:/users/karzan/downloads/toolchain-gd32v-v202-win/toolchain-gd32v-v202-win/compiler/bin/../lib/gcc/riscv64-unknown-elf/8.3.0/rv32imac/ilp32\libgcc.a(mulsf3.o)
 .debug_info    0x000000000000fd7b      0x351 c:/users/karzan/downloads/toolchain-gd32v-v202-win/toolchain-gd32v-v202-win/compiler/bin/../lib/gcc/riscv64-unknown-elf/8.3.0/rv32imac/ilp32\libgcc.a(subsf3.o)
 .debug_info    0x00000000000100cc      0x253 c:/users/karzan/downloads/toolchain-gd32v-v202-win/toolchain-gd32v-v202-win/compiler/bin/../lib/gcc/riscv64-unknown-elf/8.3.0/rv32imac/ilp32\libgcc.a(unordsf2.o)
 .debug_info    0x000000000001031f      0x1f7 c:/users/karzan/downloads/toolchain-gd32v-v202-win/toolchain-gd32v-v202-win/compiler/bin/../lib/gcc/riscv64-unknown-elf/8.3.0/rv32imac/ilp32\libgcc.a(fixsfsi.o)
 .debug_info    0x0000000000010516      0x25d c:/users/karzan/downloads/toolchain-gd32v-v202-win/toolchain-gd32v-v202-win/compiler/bin/../lib/gcc/riscv64-unknown-elf/8.3.0/rv32imac/ilp32\libgcc.a(floatsisf.o)
 .debug_info    0x0000000000010773      0xc72 c:/users/karzan/downloads/toolchain-gd32v-v202-win/toolchain-gd32v-v202-win/compiler/bin/../lib/gcc/riscv64-unknown-elf/8.3.0/rv32imac/ilp32\libgcc.a(_lshrdi3.o)
 .debug_info    0x00000000000113e5      0xc72 c:/users/karzan/downloads/toolchain-gd32v-v202-win/toolchain-gd32v-v202-win/compiler/bin/../lib/gcc/riscv64-unknown-elf/8.3.0/rv32imac/ilp32\libgcc.a(_ashldi3.o)
 .debug_info    0x0000000000012057      0xbd7 c:/users/karzan/downloads/toolchain-gd32v-v202-win/toolchain-gd32v-v202-win/compiler/bin/../lib/gcc/riscv64-unknown-elf/8.3.0/rv32imac/ilp32\libgcc.a(_clzsi2.o)
 .debug_info    0x0000000000012c2e      0xb6a c:/users/karzan/downloads/toolchain-gd32v-v202-win/toolchain-gd32v-v202-win/compiler/bin/../lib/gcc/riscv64-unknown-elf/8.3.0/rv32imac/ilp32\libgcc.a(_clz.o)

.debug_abbrev   0x0000000000000000     0x477d
 .debug_abbrev  0x0000000000000000      0x228 build/gd32vf103_gpio.o
 .debug_abbrev  0x0000000000000228      0x1e9 build/gd32vf103_i2c.o
 .debug_abbrev  0x0000000000000411      0x259 build/gd32vf103_rcu.o
 .debug_abbrev  0x000000000000066a      0x21a build/gd32vf103_spi.o
 .debug_abbrev  0x0000000000000884       0xe0 build/system_gd32vf103.o
 .debug_abbrev  0x0000000000000964       0xec build/_exit.o
 .debug_abbrev  0x0000000000000a50       0xac build/sbrk.o
 .debug_abbrev  0x0000000000000afc       0xfa build/write_hex.o
 .debug_abbrev  0x0000000000000bf6      0x4db build/n200_func.o
 .debug_abbrev  0x00000000000010d1      0x234 build/handlers.o
 .debug_abbrev  0x0000000000001305      0x22b build/init.o
 .debug_abbrev  0x0000000000001530      0x29e build/butt.o
 .debug_abbrev  0x00000000000017ce      0x2e1 build/clock.o
 .debug_abbrev  0x0000000000001aaf      0x116 build/delay.o
 .debug_abbrev  0x0000000000001bc5      0x2bd build/gd32v_mpu6500_if.o
 .debug_abbrev  0x0000000000001e82      0x497 build/lio_lcd.o
 .debug_abbrev  0x0000000000002319      0x2bf build/main.o
 .debug_abbrev  0x00000000000025d8      0x2dc build/mpu6500_driver.o
 .debug_abbrev  0x00000000000028b4       0x14 build/start.o
 .debug_abbrev  0x00000000000028c8       0x12 build/entry.o
 .debug_abbrev  0x00000000000028da      0x187 c:/users/karzan/downloads/toolchain-gd32v-v202-win/toolchain-gd32v-v202-win/compiler/bin/../lib/gcc/riscv64-unknown-elf/8.3.0/rv32imac/ilp32\libgcc.a(divdf3.o)
 .debug_abbrev  0x0000000000002a61      0x199 c:/users/karzan/downloads/toolchain-gd32v-v202-win/toolchain-gd32v-v202-win/compiler/bin/../lib/gcc/riscv64-unknown-elf/8.3.0/rv32imac/ilp32\libgcc.a(ledf2.o)
 .debug_abbrev  0x0000000000002bfa      0x197 c:/users/karzan/downloads/toolchain-gd32v-v202-win/toolchain-gd32v-v202-win/compiler/bin/../lib/gcc/riscv64-unknown-elf/8.3.0/rv32imac/ilp32\libgcc.a(muldf3.o)
 .debug_abbrev  0x0000000000002d91      0x181 c:/users/karzan/downloads/toolchain-gd32v-v202-win/toolchain-gd32v-v202-win/compiler/bin/../lib/gcc/riscv64-unknown-elf/8.3.0/rv32imac/ilp32\libgcc.a(floatsidf.o)
 .debug_abbrev  0x0000000000002f12      0x178 c:/users/karzan/downloads/toolchain-gd32v-v202-win/toolchain-gd32v-v202-win/compiler/bin/../lib/gcc/riscv64-unknown-elf/8.3.0/rv32imac/ilp32\libgcc.a(floatunsidf.o)
 .debug_abbrev  0x000000000000308a      0x19f c:/users/karzan/downloads/toolchain-gd32v-v202-win/toolchain-gd32v-v202-win/compiler/bin/../lib/gcc/riscv64-unknown-elf/8.3.0/rv32imac/ilp32\libgcc.a(floatundidf.o)
 .debug_abbrev  0x0000000000003229      0x191 c:/users/karzan/downloads/toolchain-gd32v-v202-win/toolchain-gd32v-v202-win/compiler/bin/../lib/gcc/riscv64-unknown-elf/8.3.0/rv32imac/ilp32\libgcc.a(addsf3.o)
 .debug_abbrev  0x00000000000033ba      0x17a c:/users/karzan/downloads/toolchain-gd32v-v202-win/toolchain-gd32v-v202-win/compiler/bin/../lib/gcc/riscv64-unknown-elf/8.3.0/rv32imac/ilp32\libgcc.a(divsf3.o)
 .debug_abbrev  0x0000000000003534      0x188 c:/users/karzan/downloads/toolchain-gd32v-v202-win/toolchain-gd32v-v202-win/compiler/bin/../lib/gcc/riscv64-unknown-elf/8.3.0/rv32imac/ilp32\libgcc.a(lesf2.o)
 .debug_abbrev  0x00000000000036bc      0x17a c:/users/karzan/downloads/toolchain-gd32v-v202-win/toolchain-gd32v-v202-win/compiler/bin/../lib/gcc/riscv64-unknown-elf/8.3.0/rv32imac/ilp32\libgcc.a(mulsf3.o)
 .debug_abbrev  0x0000000000003836      0x191 c:/users/karzan/downloads/toolchain-gd32v-v202-win/toolchain-gd32v-v202-win/compiler/bin/../lib/gcc/riscv64-unknown-elf/8.3.0/rv32imac/ilp32\libgcc.a(subsf3.o)
 .debug_abbrev  0x00000000000039c7      0x180 c:/users/karzan/downloads/toolchain-gd32v-v202-win/toolchain-gd32v-v202-win/compiler/bin/../lib/gcc/riscv64-unknown-elf/8.3.0/rv32imac/ilp32\libgcc.a(unordsf2.o)
 .debug_abbrev  0x0000000000003b47      0x18a c:/users/karzan/downloads/toolchain-gd32v-v202-win/toolchain-gd32v-v202-win/compiler/bin/../lib/gcc/riscv64-unknown-elf/8.3.0/rv32imac/ilp32\libgcc.a(fixsfsi.o)
 .debug_abbrev  0x0000000000003cd1      0x198 c:/users/karzan/downloads/toolchain-gd32v-v202-win/toolchain-gd32v-v202-win/compiler/bin/../lib/gcc/riscv64-unknown-elf/8.3.0/rv32imac/ilp32\libgcc.a(floatsisf.o)
 .debug_abbrev  0x0000000000003e69      0x275 c:/users/karzan/downloads/toolchain-gd32v-v202-win/toolchain-gd32v-v202-win/compiler/bin/../lib/gcc/riscv64-unknown-elf/8.3.0/rv32imac/ilp32\libgcc.a(_lshrdi3.o)
 .debug_abbrev  0x00000000000040de      0x275 c:/users/karzan/downloads/toolchain-gd32v-v202-win/toolchain-gd32v-v202-win/compiler/bin/../lib/gcc/riscv64-unknown-elf/8.3.0/rv32imac/ilp32\libgcc.a(_ashldi3.o)
 .debug_abbrev  0x0000000000004353      0x242 c:/users/karzan/downloads/toolchain-gd32v-v202-win/toolchain-gd32v-v202-win/compiler/bin/../lib/gcc/riscv64-unknown-elf/8.3.0/rv32imac/ilp32\libgcc.a(_clzsi2.o)
 .debug_abbrev  0x0000000000004595      0x1e8 c:/users/karzan/downloads/toolchain-gd32v-v202-win/toolchain-gd32v-v202-win/compiler/bin/../lib/gcc/riscv64-unknown-elf/8.3.0/rv32imac/ilp32\libgcc.a(_clz.o)

.debug_loc      0x0000000000000000     0xa02f
 .debug_loc     0x0000000000000000      0x4ba build/gd32vf103_gpio.o
 .debug_loc     0x00000000000004ba      0x8a1 build/gd32vf103_i2c.o
 .debug_loc     0x0000000000000d5b      0xcf4 build/gd32vf103_rcu.o
 .debug_loc     0x0000000000001a4f      0x54e build/gd32vf103_spi.o
 .debug_loc     0x0000000000001f9d      0x173 build/system_gd32vf103.o
 .debug_loc     0x0000000000002110       0x3e build/_exit.o
 .debug_loc     0x000000000000214e       0x21 build/sbrk.o
 .debug_loc     0x000000000000216f      0x101 build/write_hex.o
 .debug_loc     0x0000000000002270      0xa1d build/n200_func.o
 .debug_loc     0x0000000000002c8d       0x7f build/handlers.o
 .debug_loc     0x0000000000002d0c       0x2c build/init.o
 .debug_loc     0x0000000000002d38      0x2fd build/butt.o
 .debug_loc     0x0000000000003035      0x1ed build/clock.o
 .debug_loc     0x0000000000003222      0x250 build/delay.o
 .debug_loc     0x0000000000003472      0x3e4 build/gd32v_mpu6500_if.o
 .debug_loc     0x0000000000003856     0x142c build/lio_lcd.o
 .debug_loc     0x0000000000004c82      0x127 build/main.o
 .debug_loc     0x0000000000004da9      0x471 build/mpu6500_driver.o
 .debug_loc     0x000000000000521a     0x129b c:/users/karzan/downloads/toolchain-gd32v-v202-win/toolchain-gd32v-v202-win/compiler/bin/../lib/gcc/riscv64-unknown-elf/8.3.0/rv32imac/ilp32\libgcc.a(divdf3.o)
 .debug_loc     0x00000000000064b5      0x156 c:/users/karzan/downloads/toolchain-gd32v-v202-win/toolchain-gd32v-v202-win/compiler/bin/../lib/gcc/riscv64-unknown-elf/8.3.0/rv32imac/ilp32\libgcc.a(ledf2.o)
 .debug_loc     0x000000000000660b      0xd6e c:/users/karzan/downloads/toolchain-gd32v-v202-win/toolchain-gd32v-v202-win/compiler/bin/../lib/gcc/riscv64-unknown-elf/8.3.0/rv32imac/ilp32\libgcc.a(muldf3.o)
 .debug_loc     0x0000000000007379      0x159 c:/users/karzan/downloads/toolchain-gd32v-v202-win/toolchain-gd32v-v202-win/compiler/bin/../lib/gcc/riscv64-unknown-elf/8.3.0/rv32imac/ilp32\libgcc.a(floatsidf.o)
 .debug_loc     0x00000000000074d2      0x15c c:/users/karzan/downloads/toolchain-gd32v-v202-win/toolchain-gd32v-v202-win/compiler/bin/../lib/gcc/riscv64-unknown-elf/8.3.0/rv32imac/ilp32\libgcc.a(floatunsidf.o)
 .debug_loc     0x000000000000762e      0x2ec c:/users/karzan/downloads/toolchain-gd32v-v202-win/toolchain-gd32v-v202-win/compiler/bin/../lib/gcc/riscv64-unknown-elf/8.3.0/rv32imac/ilp32\libgcc.a(floatundidf.o)
 .debug_loc     0x000000000000791a      0x83c c:/users/karzan/downloads/toolchain-gd32v-v202-win/toolchain-gd32v-v202-win/compiler/bin/../lib/gcc/riscv64-unknown-elf/8.3.0/rv32imac/ilp32\libgcc.a(addsf3.o)
 .debug_loc     0x0000000000008156      0x758 c:/users/karzan/downloads/toolchain-gd32v-v202-win/toolchain-gd32v-v202-win/compiler/bin/../lib/gcc/riscv64-unknown-elf/8.3.0/rv32imac/ilp32\libgcc.a(divsf3.o)
 .debug_loc     0x00000000000088ae      0x125 c:/users/karzan/downloads/toolchain-gd32v-v202-win/toolchain-gd32v-v202-win/compiler/bin/../lib/gcc/riscv64-unknown-elf/8.3.0/rv32imac/ilp32\libgcc.a(lesf2.o)
 .debug_loc     0x00000000000089d3      0x5e4 c:/users/karzan/downloads/toolchain-gd32v-v202-win/toolchain-gd32v-v202-win/compiler/bin/../lib/gcc/riscv64-unknown-elf/8.3.0/rv32imac/ilp32\libgcc.a(mulsf3.o)
 .debug_loc     0x0000000000008fb7      0xbdf c:/users/karzan/downloads/toolchain-gd32v-v202-win/toolchain-gd32v-v202-win/compiler/bin/../lib/gcc/riscv64-unknown-elf/8.3.0/rv32imac/ilp32\libgcc.a(subsf3.o)
 .debug_loc     0x0000000000009b96       0x59 c:/users/karzan/downloads/toolchain-gd32v-v202-win/toolchain-gd32v-v202-win/compiler/bin/../lib/gcc/riscv64-unknown-elf/8.3.0/rv32imac/ilp32\libgcc.a(unordsf2.o)
 .debug_loc     0x0000000000009bef      0x12d c:/users/karzan/downloads/toolchain-gd32v-v202-win/toolchain-gd32v-v202-win/compiler/bin/../lib/gcc/riscv64-unknown-elf/8.3.0/rv32imac/ilp32\libgcc.a(fixsfsi.o)
 .debug_loc     0x0000000000009d1c      0x1ac c:/users/karzan/downloads/toolchain-gd32v-v202-win/toolchain-gd32v-v202-win/compiler/bin/../lib/gcc/riscv64-unknown-elf/8.3.0/rv32imac/ilp32\libgcc.a(floatsisf.o)
 .debug_loc     0x0000000000009ec8       0x7e c:/users/karzan/downloads/toolchain-gd32v-v202-win/toolchain-gd32v-v202-win/compiler/bin/../lib/gcc/riscv64-unknown-elf/8.3.0/rv32imac/ilp32\libgcc.a(_lshrdi3.o)
 .debug_loc     0x0000000000009f46       0x7e c:/users/karzan/downloads/toolchain-gd32v-v202-win/toolchain-gd32v-v202-win/compiler/bin/../lib/gcc/riscv64-unknown-elf/8.3.0/rv32imac/ilp32\libgcc.a(_ashldi3.o)
 .debug_loc     0x0000000000009fc4       0x6b c:/users/karzan/downloads/toolchain-gd32v-v202-win/toolchain-gd32v-v202-win/compiler/bin/../lib/gcc/riscv64-unknown-elf/8.3.0/rv32imac/ilp32\libgcc.a(_clzsi2.o)

.debug_aranges  0x0000000000000000      0xb40
 .debug_aranges
                0x0000000000000000       0xa0 build/gd32vf103_gpio.o
 .debug_aranges
                0x00000000000000a0      0x110 build/gd32vf103_i2c.o
 .debug_aranges
                0x00000000000001b0      0x160 build/gd32vf103_rcu.o
 .debug_aranges
                0x0000000000000310      0x128 build/gd32vf103_spi.o
 .debug_aranges
                0x0000000000000438       0x28 build/system_gd32vf103.o
 .debug_aranges
                0x0000000000000460       0x20 build/_exit.o
 .debug_aranges
                0x0000000000000480       0x20 build/sbrk.o
 .debug_aranges
                0x00000000000004a0       0x20 build/write_hex.o
 .debug_aranges
                0x00000000000004c0      0x140 build/n200_func.o
 .debug_aranges
                0x0000000000000600       0x28 build/handlers.o
 .debug_aranges
                0x0000000000000628       0x28 build/init.o
 .debug_aranges
                0x0000000000000650       0x28 build/butt.o
 .debug_aranges
                0x0000000000000678       0x48 build/clock.o
 .debug_aranges
                0x00000000000006c0       0x40 build/delay.o
 .debug_aranges
                0x0000000000000700       0x40 build/gd32v_mpu6500_if.o
 .debug_aranges
                0x0000000000000740      0x108 build/lio_lcd.o
 .debug_aranges
                0x0000000000000848       0x28 build/main.o
 .debug_aranges
                0x0000000000000870       0x50 build/mpu6500_driver.o
 .debug_aranges
                0x00000000000008c0       0x20 build/start.o
 .debug_aranges
                0x00000000000008e0       0x28 build/entry.o
 .debug_aranges
                0x0000000000000908       0x20 c:/users/karzan/downloads/toolchain-gd32v-v202-win/toolchain-gd32v-v202-win/compiler/bin/../lib/gcc/riscv64-unknown-elf/8.3.0/rv32imac/ilp32\libgcc.a(divdf3.o)
 .debug_aranges
                0x0000000000000928       0x20 c:/users/karzan/downloads/toolchain-gd32v-v202-win/toolchain-gd32v-v202-win/compiler/bin/../lib/gcc/riscv64-unknown-elf/8.3.0/rv32imac/ilp32\libgcc.a(ledf2.o)
 .debug_aranges
                0x0000000000000948       0x20 c:/users/karzan/downloads/toolchain-gd32v-v202-win/toolchain-gd32v-v202-win/compiler/bin/../lib/gcc/riscv64-unknown-elf/8.3.0/rv32imac/ilp32\libgcc.a(muldf3.o)
 .debug_aranges
                0x0000000000000968       0x20 c:/users/karzan/downloads/toolchain-gd32v-v202-win/toolchain-gd32v-v202-win/compiler/bin/../lib/gcc/riscv64-unknown-elf/8.3.0/rv32imac/ilp32\libgcc.a(floatsidf.o)
 .debug_aranges
                0x0000000000000988       0x20 c:/users/karzan/downloads/toolchain-gd32v-v202-win/toolchain-gd32v-v202-win/compiler/bin/../lib/gcc/riscv64-unknown-elf/8.3.0/rv32imac/ilp32\libgcc.a(floatunsidf.o)
 .debug_aranges
                0x00000000000009a8       0x20 c:/users/karzan/downloads/toolchain-gd32v-v202-win/toolchain-gd32v-v202-win/compiler/bin/../lib/gcc/riscv64-unknown-elf/8.3.0/rv32imac/ilp32\libgcc.a(floatundidf.o)
 .debug_aranges
                0x00000000000009c8       0x20 c:/users/karzan/downloads/toolchain-gd32v-v202-win/toolchain-gd32v-v202-win/compiler/bin/../lib/gcc/riscv64-unknown-elf/8.3.0/rv32imac/ilp32\libgcc.a(addsf3.o)
 .debug_aranges
                0x00000000000009e8       0x20 c:/users/karzan/downloads/toolchain-gd32v-v202-win/toolchain-gd32v-v202-win/compiler/bin/../lib/gcc/riscv64-unknown-elf/8.3.0/rv32imac/ilp32\libgcc.a(divsf3.o)
 .debug_aranges
                0x0000000000000a08       0x20 c:/users/karzan/downloads/toolchain-gd32v-v202-win/toolchain-gd32v-v202-win/compiler/bin/../lib/gcc/riscv64-unknown-elf/8.3.0/rv32imac/ilp32\libgcc.a(lesf2.o)
 .debug_aranges
                0x0000000000000a28       0x20 c:/users/karzan/downloads/toolchain-gd32v-v202-win/toolchain-gd32v-v202-win/compiler/bin/../lib/gcc/riscv64-unknown-elf/8.3.0/rv32imac/ilp32\libgcc.a(mulsf3.o)
 .debug_aranges
                0x0000000000000a48       0x20 c:/users/karzan/downloads/toolchain-gd32v-v202-win/toolchain-gd32v-v202-win/compiler/bin/../lib/gcc/riscv64-unknown-elf/8.3.0/rv32imac/ilp32\libgcc.a(subsf3.o)
 .debug_aranges
                0x0000000000000a68       0x20 c:/users/karzan/downloads/toolchain-gd32v-v202-win/toolchain-gd32v-v202-win/compiler/bin/../lib/gcc/riscv64-unknown-elf/8.3.0/rv32imac/ilp32\libgcc.a(unordsf2.o)
 .debug_aranges
                0x0000000000000a88       0x20 c:/users/karzan/downloads/toolchain-gd32v-v202-win/toolchain-gd32v-v202-win/compiler/bin/../lib/gcc/riscv64-unknown-elf/8.3.0/rv32imac/ilp32\libgcc.a(fixsfsi.o)
 .debug_aranges
                0x0000000000000aa8       0x20 c:/users/karzan/downloads/toolchain-gd32v-v202-win/toolchain-gd32v-v202-win/compiler/bin/../lib/gcc/riscv64-unknown-elf/8.3.0/rv32imac/ilp32\libgcc.a(floatsisf.o)
 .debug_aranges
                0x0000000000000ac8       0x20 c:/users/karzan/downloads/toolchain-gd32v-v202-win/toolchain-gd32v-v202-win/compiler/bin/../lib/gcc/riscv64-unknown-elf/8.3.0/rv32imac/ilp32\libgcc.a(_lshrdi3.o)
 .debug_aranges
                0x0000000000000ae8       0x20 c:/users/karzan/downloads/toolchain-gd32v-v202-win/toolchain-gd32v-v202-win/compiler/bin/../lib/gcc/riscv64-unknown-elf/8.3.0/rv32imac/ilp32\libgcc.a(_ashldi3.o)
 .debug_aranges
                0x0000000000000b08       0x20 c:/users/karzan/downloads/toolchain-gd32v-v202-win/toolchain-gd32v-v202-win/compiler/bin/../lib/gcc/riscv64-unknown-elf/8.3.0/rv32imac/ilp32\libgcc.a(_clzsi2.o)
 .debug_aranges
                0x0000000000000b28       0x18 c:/users/karzan/downloads/toolchain-gd32v-v202-win/toolchain-gd32v-v202-win/compiler/bin/../lib/gcc/riscv64-unknown-elf/8.3.0/rv32imac/ilp32\libgcc.a(_clz.o)

.debug_ranges   0x0000000000000000     0x13e8
 .debug_ranges  0x0000000000000000       0x90 build/gd32vf103_gpio.o
 .debug_ranges  0x0000000000000090      0x100 build/gd32vf103_i2c.o
 .debug_ranges  0x0000000000000190      0x150 build/gd32vf103_rcu.o
 .debug_ranges  0x00000000000002e0      0x118 build/gd32vf103_spi.o
 .debug_ranges  0x00000000000003f8       0x18 build/system_gd32vf103.o
 .debug_ranges  0x0000000000000410       0x10 build/_exit.o
 .debug_ranges  0x0000000000000420       0x10 build/sbrk.o
 .debug_ranges  0x0000000000000430       0x30 build/write_hex.o
 .debug_ranges  0x0000000000000460      0x240 build/n200_func.o
 .debug_ranges  0x00000000000006a0       0x18 build/handlers.o
 .debug_ranges  0x00000000000006b8       0x18 build/init.o
 .debug_ranges  0x00000000000006d0       0x68 build/butt.o
 .debug_ranges  0x0000000000000738       0x38 build/clock.o
 .debug_ranges  0x0000000000000770       0x30 build/delay.o
 .debug_ranges  0x00000000000007a0       0x60 build/gd32v_mpu6500_if.o
 .debug_ranges  0x0000000000000800      0x1d0 build/lio_lcd.o
 .debug_ranges  0x00000000000009d0       0x18 build/main.o
 .debug_ranges  0x00000000000009e8       0x40 build/mpu6500_driver.o
 .debug_ranges  0x0000000000000a28       0x20 build/entry.o
 .debug_ranges  0x0000000000000a48      0x180 c:/users/karzan/downloads/toolchain-gd32v-v202-win/toolchain-gd32v-v202-win/compiler/bin/../lib/gcc/riscv64-unknown-elf/8.3.0/rv32imac/ilp32\libgcc.a(divdf3.o)
 .debug_ranges  0x0000000000000bc8       0x68 c:/users/karzan/downloads/toolchain-gd32v-v202-win/toolchain-gd32v-v202-win/compiler/bin/../lib/gcc/riscv64-unknown-elf/8.3.0/rv32imac/ilp32\libgcc.a(ledf2.o)
 .debug_ranges  0x0000000000000c30      0x1c0 c:/users/karzan/downloads/toolchain-gd32v-v202-win/toolchain-gd32v-v202-win/compiler/bin/../lib/gcc/riscv64-unknown-elf/8.3.0/rv32imac/ilp32\libgcc.a(muldf3.o)
 .debug_ranges  0x0000000000000df0       0x50 c:/users/karzan/downloads/toolchain-gd32v-v202-win/toolchain-gd32v-v202-win/compiler/bin/../lib/gcc/riscv64-unknown-elf/8.3.0/rv32imac/ilp32\libgcc.a(floatsidf.o)
 .debug_ranges  0x0000000000000e40       0x68 c:/users/karzan/downloads/toolchain-gd32v-v202-win/toolchain-gd32v-v202-win/compiler/bin/../lib/gcc/riscv64-unknown-elf/8.3.0/rv32imac/ilp32\libgcc.a(floatunsidf.o)
 .debug_ranges  0x0000000000000ea8       0x68 c:/users/karzan/downloads/toolchain-gd32v-v202-win/toolchain-gd32v-v202-win/compiler/bin/../lib/gcc/riscv64-unknown-elf/8.3.0/rv32imac/ilp32\libgcc.a(floatundidf.o)
 .debug_ranges  0x0000000000000f10      0x140 c:/users/karzan/downloads/toolchain-gd32v-v202-win/toolchain-gd32v-v202-win/compiler/bin/../lib/gcc/riscv64-unknown-elf/8.3.0/rv32imac/ilp32\libgcc.a(addsf3.o)
 .debug_ranges  0x0000000000001050       0xa8 c:/users/karzan/downloads/toolchain-gd32v-v202-win/toolchain-gd32v-v202-win/compiler/bin/../lib/gcc/riscv64-unknown-elf/8.3.0/rv32imac/ilp32\libgcc.a(divsf3.o)
 .debug_ranges  0x00000000000010f8       0x60 c:/users/karzan/downloads/toolchain-gd32v-v202-win/toolchain-gd32v-v202-win/compiler/bin/../lib/gcc/riscv64-unknown-elf/8.3.0/rv32imac/ilp32\libgcc.a(lesf2.o)
 .debug_ranges  0x0000000000001158       0xa8 c:/users/karzan/downloads/toolchain-gd32v-v202-win/toolchain-gd32v-v202-win/compiler/bin/../lib/gcc/riscv64-unknown-elf/8.3.0/rv32imac/ilp32\libgcc.a(mulsf3.o)
 .debug_ranges  0x0000000000001200      0x140 c:/users/karzan/downloads/toolchain-gd32v-v202-win/toolchain-gd32v-v202-win/compiler/bin/../lib/gcc/riscv64-unknown-elf/8.3.0/rv32imac/ilp32\libgcc.a(subsf3.o)
 .debug_ranges  0x0000000000001340       0x20 c:/users/karzan/downloads/toolchain-gd32v-v202-win/toolchain-gd32v-v202-win/compiler/bin/../lib/gcc/riscv64-unknown-elf/8.3.0/rv32imac/ilp32\libgcc.a(unordsf2.o)
 .debug_ranges  0x0000000000001360       0x18 c:/users/karzan/downloads/toolchain-gd32v-v202-win/toolchain-gd32v-v202-win/compiler/bin/../lib/gcc/riscv64-unknown-elf/8.3.0/rv32imac/ilp32\libgcc.a(fixsfsi.o)
 .debug_ranges  0x0000000000001378       0x50 c:/users/karzan/downloads/toolchain-gd32v-v202-win/toolchain-gd32v-v202-win/compiler/bin/../lib/gcc/riscv64-unknown-elf/8.3.0/rv32imac/ilp32\libgcc.a(floatsisf.o)
 .debug_ranges  0x00000000000013c8       0x20 c:/users/karzan/downloads/toolchain-gd32v-v202-win/toolchain-gd32v-v202-win/compiler/bin/../lib/gcc/riscv64-unknown-elf/8.3.0/rv32imac/ilp32\libgcc.a(_clzsi2.o)

.debug_line     0x0000000000000000    0x10cb1
 .debug_line    0x0000000000000000      0xb54 build/gd32vf103_gpio.o
 .debug_line    0x0000000000000b54      0xfcd build/gd32vf103_i2c.o
 .debug_line    0x0000000000001b21     0x1547 build/gd32vf103_rcu.o
 .debug_line    0x0000000000003068      0xe69 build/gd32vf103_spi.o
 .debug_line    0x0000000000003ed1      0x6e9 build/system_gd32vf103.o
 .debug_line    0x00000000000045ba      0x162 build/_exit.o
 .debug_line    0x000000000000471c      0x152 build/sbrk.o
 .debug_line    0x000000000000486e      0x271 build/write_hex.o
 .debug_line    0x0000000000004adf     0x132d build/n200_func.o
 .debug_line    0x0000000000005e0c      0x2b7 build/handlers.o
 .debug_line    0x00000000000060c3      0x2fa build/init.o
 .debug_line    0x00000000000063bd      0x5c5 build/butt.o
 .debug_line    0x0000000000006982      0x597 build/clock.o
 .debug_line    0x0000000000006f19      0x544 build/delay.o
 .debug_line    0x000000000000745d      0x901 build/gd32v_mpu6500_if.o
 .debug_line    0x0000000000007d5e     0x1c8a build/lio_lcd.o
 .debug_line    0x00000000000099e8      0x6e5 build/main.o
 .debug_line    0x000000000000a0cd      0x7f4 build/mpu6500_driver.o
 .debug_line    0x000000000000a8c1      0x189 build/start.o
 .debug_line    0x000000000000aa4a       0xe5 build/entry.o
 .debug_line    0x000000000000ab2f      0xe35 c:/users/karzan/downloads/toolchain-gd32v-v202-win/toolchain-gd32v-v202-win/compiler/bin/../lib/gcc/riscv64-unknown-elf/8.3.0/rv32imac/ilp32\libgcc.a(divdf3.o)
 .debug_line    0x000000000000b964      0x303 c:/users/karzan/downloads/toolchain-gd32v-v202-win/toolchain-gd32v-v202-win/compiler/bin/../lib/gcc/riscv64-unknown-elf/8.3.0/rv32imac/ilp32\libgcc.a(ledf2.o)
 .debug_line    0x000000000000bc67      0xbf8 c:/users/karzan/downloads/toolchain-gd32v-v202-win/toolchain-gd32v-v202-win/compiler/bin/../lib/gcc/riscv64-unknown-elf/8.3.0/rv32imac/ilp32\libgcc.a(muldf3.o)
 .debug_line    0x000000000000c85f      0x21f c:/users/karzan/downloads/toolchain-gd32v-v202-win/toolchain-gd32v-v202-win/compiler/bin/../lib/gcc/riscv64-unknown-elf/8.3.0/rv32imac/ilp32\libgcc.a(floatsidf.o)
 .debug_line    0x000000000000ca7e      0x239 c:/users/karzan/downloads/toolchain-gd32v-v202-win/toolchain-gd32v-v202-win/compiler/bin/../lib/gcc/riscv64-unknown-elf/8.3.0/rv32imac/ilp32\libgcc.a(floatunsidf.o)
 .debug_line    0x000000000000ccb7      0x3f5 c:/users/karzan/downloads/toolchain-gd32v-v202-win/toolchain-gd32v-v202-win/compiler/bin/../lib/gcc/riscv64-unknown-elf/8.3.0/rv32imac/ilp32\libgcc.a(floatundidf.o)
 .debug_line    0x000000000000d0ac      0x931 c:/users/karzan/downloads/toolchain-gd32v-v202-win/toolchain-gd32v-v202-win/compiler/bin/../lib/gcc/riscv64-unknown-elf/8.3.0/rv32imac/ilp32\libgcc.a(addsf3.o)
 .debug_line    0x000000000000d9dd      0x760 c:/users/karzan/downloads/toolchain-gd32v-v202-win/toolchain-gd32v-v202-win/compiler/bin/../lib/gcc/riscv64-unknown-elf/8.3.0/rv32imac/ilp32\libgcc.a(divsf3.o)
 .debug_line    0x000000000000e13d      0x2e9 c:/users/karzan/downloads/toolchain-gd32v-v202-win/toolchain-gd32v-v202-win/compiler/bin/../lib/gcc/riscv64-unknown-elf/8.3.0/rv32imac/ilp32\libgcc.a(lesf2.o)
 .debug_line    0x000000000000e426      0x666 c:/users/karzan/downloads/toolchain-gd32v-v202-win/toolchain-gd32v-v202-win/compiler/bin/../lib/gcc/riscv64-unknown-elf/8.3.0/rv32imac/ilp32\libgcc.a(mulsf3.o)
 .debug_line    0x000000000000ea8c      0x97e c:/users/karzan/downloads/toolchain-gd32v-v202-win/toolchain-gd32v-v202-win/compiler/bin/../lib/gcc/riscv64-unknown-elf/8.3.0/rv32imac/ilp32\libgcc.a(subsf3.o)
 .debug_line    0x000000000000f40a      0x1bb c:/users/karzan/downloads/toolchain-gd32v-v202-win/toolchain-gd32v-v202-win/compiler/bin/../lib/gcc/riscv64-unknown-elf/8.3.0/rv32imac/ilp32\libgcc.a(unordsf2.o)
 .debug_line    0x000000000000f5c5      0x207 c:/users/karzan/downloads/toolchain-gd32v-v202-win/toolchain-gd32v-v202-win/compiler/bin/../lib/gcc/riscv64-unknown-elf/8.3.0/rv32imac/ilp32\libgcc.a(fixsfsi.o)
 .debug_line    0x000000000000f7cc      0x2fb c:/users/karzan/downloads/toolchain-gd32v-v202-win/toolchain-gd32v-v202-win/compiler/bin/../lib/gcc/riscv64-unknown-elf/8.3.0/rv32imac/ilp32\libgcc.a(floatsisf.o)
 .debug_line    0x000000000000fac7      0x4c4 c:/users/karzan/downloads/toolchain-gd32v-v202-win/toolchain-gd32v-v202-win/compiler/bin/../lib/gcc/riscv64-unknown-elf/8.3.0/rv32imac/ilp32\libgcc.a(_lshrdi3.o)
 .debug_line    0x000000000000ff8b      0x4c4 c:/users/karzan/downloads/toolchain-gd32v-v202-win/toolchain-gd32v-v202-win/compiler/bin/../lib/gcc/riscv64-unknown-elf/8.3.0/rv32imac/ilp32\libgcc.a(_ashldi3.o)
 .debug_line    0x000000000001044f      0x472 c:/users/karzan/downloads/toolchain-gd32v-v202-win/toolchain-gd32v-v202-win/compiler/bin/../lib/gcc/riscv64-unknown-elf/8.3.0/rv32imac/ilp32\libgcc.a(_clzsi2.o)
 .debug_line    0x00000000000108c1      0x3f0 c:/users/karzan/downloads/toolchain-gd32v-v202-win/toolchain-gd32v-v202-win/compiler/bin/../lib/gcc/riscv64-unknown-elf/8.3.0/rv32imac/ilp32\libgcc.a(_clz.o)

.debug_str      0x0000000000000000     0x3a1f
 .debug_str     0x0000000000000000      0x559 build/gd32vf103_gpio.o
                                        0x5cf (size before relaxing)
 .debug_str     0x0000000000000559      0x64b build/gd32vf103_i2c.o
                                        0xa07 (size before relaxing)
 .debug_str     0x0000000000000ba4      0xa58 build/gd32vf103_rcu.o
                                        0xe4e (size before relaxing)
 .debug_str     0x00000000000015fc      0x3ae build/gd32vf103_spi.o
                                        0x79b (size before relaxing)
 .debug_str     0x00000000000019aa       0xa6 build/system_gd32vf103.o
                                        0x2a1 (size before relaxing)
 .debug_str     0x0000000000001a50       0x68 build/_exit.o
                                        0x210 (size before relaxing)
 .debug_str     0x0000000000001ab8       0x4a build/sbrk.o
                                        0x17c (size before relaxing)
 .debug_str     0x0000000000001b02       0x37 build/write_hex.o
                                        0x209 (size before relaxing)
 .debug_str     0x0000000000001b39      0x740 build/n200_func.o
                                        0x9ad (size before relaxing)
 .debug_str     0x0000000000002279       0x58 build/handlers.o
                                        0x606 (size before relaxing)
 .debug_str     0x00000000000022d1      0x3e7 build/init.o
                                        0x9d6 (size before relaxing)
 .debug_str     0x00000000000026b8       0x67 build/butt.o
                                        0x7ad (size before relaxing)
 .debug_str     0x000000000000271f       0xab build/clock.o
                                        0x6d1 (size before relaxing)
 .debug_str     0x00000000000027ca       0x5a build/delay.o
                                        0x25f (size before relaxing)
 .debug_str     0x0000000000002824       0x97 build/gd32v_mpu6500_if.o
                                        0x87f (size before relaxing)
 .debug_str     0x00000000000028bb      0x2c5 build/lio_lcd.o
                                        0xc0e (size before relaxing)
 .debug_str     0x0000000000002b80       0xa9 build/main.o
                                        0x8ab (size before relaxing)
 .debug_str     0x0000000000002c29       0xce build/mpu6500_driver.o
                                        0x6ae (size before relaxing)
 .debug_str     0x0000000000002cf7       0x37 build/start.o
                                         0x9d (size before relaxing)
 .debug_str     0x0000000000002d2e       0x2b build/entry.o
                                         0x9d (size before relaxing)
 .debug_str     0x0000000000002d59      0x3c7 c:/users/karzan/downloads/toolchain-gd32v-v202-win/toolchain-gd32v-v202-win/compiler/bin/../lib/gcc/riscv64-unknown-elf/8.3.0/rv32imac/ilp32\libgcc.a(divdf3.o)
                                        0x452 (size before relaxing)
 .debug_str     0x0000000000003120       0x7b c:/users/karzan/downloads/toolchain-gd32v-v202-win/toolchain-gd32v-v202-win/compiler/bin/../lib/gcc/riscv64-unknown-elf/8.3.0/rv32imac/ilp32\libgcc.a(ledf2.o)
                                        0x2ce (size before relaxing)
 .debug_str     0x000000000000319b      0x15f c:/users/karzan/downloads/toolchain-gd32v-v202-win/toolchain-gd32v-v202-win/compiler/bin/../lib/gcc/riscv64-unknown-elf/8.3.0/rv32imac/ilp32\libgcc.a(muldf3.o)
                                        0x4aa (size before relaxing)
 .debug_str     0x00000000000032fa       0xf9 c:/users/karzan/downloads/toolchain-gd32v-v202-win/toolchain-gd32v-v202-win/compiler/bin/../lib/gcc/riscv64-unknown-elf/8.3.0/rv32imac/ilp32\libgcc.a(floatsidf.o)
                                        0x33d (size before relaxing)
 .debug_str     0x00000000000033f3       0x44 c:/users/karzan/downloads/toolchain-gd32v-v202-win/toolchain-gd32v-v202-win/compiler/bin/../lib/gcc/riscv64-unknown-elf/8.3.0/rv32imac/ilp32\libgcc.a(floatunsidf.o)
                                        0x33a (size before relaxing)
 .debug_str     0x0000000000003437       0x4c c:/users/karzan/downloads/toolchain-gd32v-v202-win/toolchain-gd32v-v202-win/compiler/bin/../lib/gcc/riscv64-unknown-elf/8.3.0/rv32imac/ilp32\libgcc.a(floatundidf.o)
                                        0x344 (size before relaxing)
 .debug_str     0x0000000000003483       0xf1 c:/users/karzan/downloads/toolchain-gd32v-v202-win/toolchain-gd32v-v202-win/compiler/bin/../lib/gcc/riscv64-unknown-elf/8.3.0/rv32imac/ilp32\libgcc.a(addsf3.o)
                                        0x353 (size before relaxing)
 .debug_str     0x0000000000003574       0xda c:/users/karzan/downloads/toolchain-gd32v-v202-win/toolchain-gd32v-v202-win/compiler/bin/../lib/gcc/riscv64-unknown-elf/8.3.0/rv32imac/ilp32\libgcc.a(divsf3.o)
                                        0x3bd (size before relaxing)
 .debug_str     0x000000000000364e       0x38 c:/users/karzan/downloads/toolchain-gd32v-v202-win/toolchain-gd32v-v202-win/compiler/bin/../lib/gcc/riscv64-unknown-elf/8.3.0/rv32imac/ilp32\libgcc.a(lesf2.o)
                                        0x2b2 (size before relaxing)
 .debug_str     0x0000000000003686       0x6c c:/users/karzan/downloads/toolchain-gd32v-v202-win/toolchain-gd32v-v202-win/compiler/bin/../lib/gcc/riscv64-unknown-elf/8.3.0/rv32imac/ilp32\libgcc.a(mulsf3.o)
                                        0x378 (size before relaxing)
 .debug_str     0x00000000000036f2       0x3a c:/users/karzan/downloads/toolchain-gd32v-v202-win/toolchain-gd32v-v202-win/compiler/bin/../lib/gcc/riscv64-unknown-elf/8.3.0/rv32imac/ilp32\libgcc.a(subsf3.o)
                                        0x353 (size before relaxing)
 .debug_str     0x000000000000372c       0x3e c:/users/karzan/downloads/toolchain-gd32v-v202-win/toolchain-gd32v-v202-win/compiler/bin/../lib/gcc/riscv64-unknown-elf/8.3.0/rv32imac/ilp32\libgcc.a(unordsf2.o)
                                        0x294 (size before relaxing)
 .debug_str     0x000000000000376a       0x4f c:/users/karzan/downloads/toolchain-gd32v-v202-win/toolchain-gd32v-v202-win/compiler/bin/../lib/gcc/riscv64-unknown-elf/8.3.0/rv32imac/ilp32\libgcc.a(fixsfsi.o)
                                        0x295 (size before relaxing)
 .debug_str     0x00000000000037b9       0x40 c:/users/karzan/downloads/toolchain-gd32v-v202-win/toolchain-gd32v-v202-win/compiler/bin/../lib/gcc/riscv64-unknown-elf/8.3.0/rv32imac/ilp32\libgcc.a(floatsisf.o)
                                        0x31e (size before relaxing)
 .debug_str     0x00000000000037f9      0x20e c:/users/karzan/downloads/toolchain-gd32v-v202-win/toolchain-gd32v-v202-win/compiler/bin/../lib/gcc/riscv64-unknown-elf/8.3.0/rv32imac/ilp32\libgcc.a(_lshrdi3.o)
                                        0x860 (size before relaxing)
 .debug_str     0x0000000000003a07        0xa c:/users/karzan/downloads/toolchain-gd32v-v202-win/toolchain-gd32v-v202-win/compiler/bin/../lib/gcc/riscv64-unknown-elf/8.3.0/rv32imac/ilp32\libgcc.a(_ashldi3.o)
                                        0x860 (size before relaxing)
 .debug_str     0x0000000000003a11        0xe c:/users/karzan/downloads/toolchain-gd32v-v202-win/toolchain-gd32v-v202-win/compiler/bin/../lib/gcc/riscv64-unknown-elf/8.3.0/rv32imac/ilp32\libgcc.a(_clzsi2.o)
                                        0x82e (size before relaxing)
 .debug_str     0x0000000000003a1f      0x811 c:/users/karzan/downloads/toolchain-gd32v-v202-win/toolchain-gd32v-v202-win/compiler/bin/../lib/gcc/riscv64-unknown-elf/8.3.0/rv32imac/ilp32\libgcc.a(_clz.o)

.comment        0x0000000000000000       0x28
 .comment       0x0000000000000000       0x28 build/gd32vf103_gpio.o
                                         0x29 (size before relaxing)
 .comment       0x0000000000000028       0x29 build/gd32vf103_i2c.o
 .comment       0x0000000000000028       0x29 build/gd32vf103_rcu.o
 .comment       0x0000000000000028       0x29 build/gd32vf103_spi.o
 .comment       0x0000000000000028       0x29 build/system_gd32vf103.o
 .comment       0x0000000000000028       0x29 build/_exit.o
 .comment       0x0000000000000028       0x29 build/sbrk.o
 .comment       0x0000000000000028       0x29 build/write_hex.o
 .comment       0x0000000000000028       0x29 build/n200_func.o
 .comment       0x0000000000000028       0x29 build/handlers.o
 .comment       0x0000000000000028       0x29 build/init.o
 .comment       0x0000000000000028       0x29 build/butt.o
 .comment       0x0000000000000028       0x29 build/clock.o
 .comment       0x0000000000000028       0x29 build/delay.o
 .comment       0x0000000000000028       0x29 build/gd32v_mpu6500_if.o
 .comment       0x0000000000000028       0x29 build/lio_lcd.o
 .comment       0x0000000000000028       0x29 build/main.o
 .comment       0x0000000000000028       0x29 build/mpu6500_driver.o
 .comment       0x0000000000000028       0x29 c:/users/karzan/downloads/toolchain-gd32v-v202-win/toolchain-gd32v-v202-win/compiler/bin/../lib/gcc/riscv64-unknown-elf/8.3.0/../../../../riscv64-unknown-elf/lib/rv32imac/ilp32\libm.a(lib_a-wf_sqrt.o)
 .comment       0x0000000000000028       0x29 c:/users/karzan/downloads/toolchain-gd32v-v202-win/toolchain-gd32v-v202-win/compiler/bin/../lib/gcc/riscv64-unknown-elf/8.3.0/../../../../riscv64-unknown-elf/lib/rv32imac/ilp32\libm.a(lib_a-ef_sqrt.o)
 .comment       0x0000000000000028       0x29 c:/users/karzan/downloads/toolchain-gd32v-v202-win/toolchain-gd32v-v202-win/compiler/bin/../lib/gcc/riscv64-unknown-elf/8.3.0/../../../../riscv64-unknown-elf/lib/rv32imac/ilp32\libm.a(lib_a-s_lib_ver.o)
 .comment       0x0000000000000028       0x29 c:/users/karzan/downloads/toolchain-gd32v-v202-win/toolchain-gd32v-v202-win/compiler/bin/../lib/gcc/riscv64-unknown-elf/8.3.0/rv32imac/ilp32\libgcc.a(divdf3.o)
 .comment       0x0000000000000028       0x29 c:/users/karzan/downloads/toolchain-gd32v-v202-win/toolchain-gd32v-v202-win/compiler/bin/../lib/gcc/riscv64-unknown-elf/8.3.0/rv32imac/ilp32\libgcc.a(ledf2.o)
 .comment       0x0000000000000028       0x29 c:/users/karzan/downloads/toolchain-gd32v-v202-win/toolchain-gd32v-v202-win/compiler/bin/../lib/gcc/riscv64-unknown-elf/8.3.0/rv32imac/ilp32\libgcc.a(muldf3.o)
 .comment       0x0000000000000028       0x29 c:/users/karzan/downloads/toolchain-gd32v-v202-win/toolchain-gd32v-v202-win/compiler/bin/../lib/gcc/riscv64-unknown-elf/8.3.0/rv32imac/ilp32\libgcc.a(floatsidf.o)
 .comment       0x0000000000000028       0x29 c:/users/karzan/downloads/toolchain-gd32v-v202-win/toolchain-gd32v-v202-win/compiler/bin/../lib/gcc/riscv64-unknown-elf/8.3.0/rv32imac/ilp32\libgcc.a(floatunsidf.o)
 .comment       0x0000000000000028       0x29 c:/users/karzan/downloads/toolchain-gd32v-v202-win/toolchain-gd32v-v202-win/compiler/bin/../lib/gcc/riscv64-unknown-elf/8.3.0/rv32imac/ilp32\libgcc.a(floatundidf.o)
 .comment       0x0000000000000028       0x29 c:/users/karzan/downloads/toolchain-gd32v-v202-win/toolchain-gd32v-v202-win/compiler/bin/../lib/gcc/riscv64-unknown-elf/8.3.0/rv32imac/ilp32\libgcc.a(addsf3.o)
 .comment       0x0000000000000028       0x29 c:/users/karzan/downloads/toolchain-gd32v-v202-win/toolchain-gd32v-v202-win/compiler/bin/../lib/gcc/riscv64-unknown-elf/8.3.0/rv32imac/ilp32\libgcc.a(divsf3.o)
 .comment       0x0000000000000028       0x29 c:/users/karzan/downloads/toolchain-gd32v-v202-win/toolchain-gd32v-v202-win/compiler/bin/../lib/gcc/riscv64-unknown-elf/8.3.0/rv32imac/ilp32\libgcc.a(lesf2.o)
 .comment       0x0000000000000028       0x29 c:/users/karzan/downloads/toolchain-gd32v-v202-win/toolchain-gd32v-v202-win/compiler/bin/../lib/gcc/riscv64-unknown-elf/8.3.0/rv32imac/ilp32\libgcc.a(mulsf3.o)
 .comment       0x0000000000000028       0x29 c:/users/karzan/downloads/toolchain-gd32v-v202-win/toolchain-gd32v-v202-win/compiler/bin/../lib/gcc/riscv64-unknown-elf/8.3.0/rv32imac/ilp32\libgcc.a(subsf3.o)
 .comment       0x0000000000000028       0x29 c:/users/karzan/downloads/toolchain-gd32v-v202-win/toolchain-gd32v-v202-win/compiler/bin/../lib/gcc/riscv64-unknown-elf/8.3.0/rv32imac/ilp32\libgcc.a(unordsf2.o)
 .comment       0x0000000000000028       0x29 c:/users/karzan/downloads/toolchain-gd32v-v202-win/toolchain-gd32v-v202-win/compiler/bin/../lib/gcc/riscv64-unknown-elf/8.3.0/rv32imac/ilp32\libgcc.a(fixsfsi.o)
 .comment       0x0000000000000028       0x29 c:/users/karzan/downloads/toolchain-gd32v-v202-win/toolchain-gd32v-v202-win/compiler/bin/../lib/gcc/riscv64-unknown-elf/8.3.0/rv32imac/ilp32\libgcc.a(floatsisf.o)
 .comment       0x0000000000000028       0x29 c:/users/karzan/downloads/toolchain-gd32v-v202-win/toolchain-gd32v-v202-win/compiler/bin/../lib/gcc/riscv64-unknown-elf/8.3.0/rv32imac/ilp32\libgcc.a(_lshrdi3.o)
 .comment       0x0000000000000028       0x29 c:/users/karzan/downloads/toolchain-gd32v-v202-win/toolchain-gd32v-v202-win/compiler/bin/../lib/gcc/riscv64-unknown-elf/8.3.0/rv32imac/ilp32\libgcc.a(_ashldi3.o)
 .comment       0x0000000000000028       0x29 c:/users/karzan/downloads/toolchain-gd32v-v202-win/toolchain-gd32v-v202-win/compiler/bin/../lib/gcc/riscv64-unknown-elf/8.3.0/rv32imac/ilp32\libgcc.a(_clzsi2.o)
 .comment       0x0000000000000028       0x29 c:/users/karzan/downloads/toolchain-gd32v-v202-win/toolchain-gd32v-v202-win/compiler/bin/../lib/gcc/riscv64-unknown-elf/8.3.0/rv32imac/ilp32\libgcc.a(_clz.o)
 .comment       0x0000000000000028       0x29 c:/users/karzan/downloads/toolchain-gd32v-v202-win/toolchain-gd32v-v202-win/compiler/bin/../lib/gcc/riscv64-unknown-elf/8.3.0/../../../../riscv64-unknown-elf/lib/rv32imac/ilp32\libc_nano.a(lib_a-atexit.o)
 .comment       0x0000000000000028       0x29 c:/users/karzan/downloads/toolchain-gd32v-v202-win/toolchain-gd32v-v202-win/compiler/bin/../lib/gcc/riscv64-unknown-elf/8.3.0/../../../../riscv64-unknown-elf/lib/rv32imac/ilp32\libc_nano.a(lib_a-errno.o)
 .comment       0x0000000000000028       0x29 c:/users/karzan/downloads/toolchain-gd32v-v202-win/toolchain-gd32v-v202-win/compiler/bin/../lib/gcc/riscv64-unknown-elf/8.3.0/../../../../riscv64-unknown-elf/lib/rv32imac/ilp32\libc_nano.a(lib_a-exit.o)
 .comment       0x0000000000000028       0x29 c:/users/karzan/downloads/toolchain-gd32v-v202-win/toolchain-gd32v-v202-win/compiler/bin/../lib/gcc/riscv64-unknown-elf/8.3.0/../../../../riscv64-unknown-elf/lib/rv32imac/ilp32\libc_nano.a(lib_a-fini.o)
 .comment       0x0000000000000028       0x29 c:/users/karzan/downloads/toolchain-gd32v-v202-win/toolchain-gd32v-v202-win/compiler/bin/../lib/gcc/riscv64-unknown-elf/8.3.0/../../../../riscv64-unknown-elf/lib/rv32imac/ilp32\libc_nano.a(lib_a-impure.o)
 .comment       0x0000000000000028       0x29 c:/users/karzan/downloads/toolchain-gd32v-v202-win/toolchain-gd32v-v202-win/compiler/bin/../lib/gcc/riscv64-unknown-elf/8.3.0/../../../../riscv64-unknown-elf/lib/rv32imac/ilp32\libc_nano.a(lib_a-init.o)
 .comment       0x0000000000000028       0x29 c:/users/karzan/downloads/toolchain-gd32v-v202-win/toolchain-gd32v-v202-win/compiler/bin/../lib/gcc/riscv64-unknown-elf/8.3.0/../../../../riscv64-unknown-elf/lib/rv32imac/ilp32\libc_nano.a(lib_a-syswrite.o)
 .comment       0x0000000000000028       0x29 c:/users/karzan/downloads/toolchain-gd32v-v202-win/toolchain-gd32v-v202-win/compiler/bin/../lib/gcc/riscv64-unknown-elf/8.3.0/../../../../riscv64-unknown-elf/lib/rv32imac/ilp32\libc_nano.a(lib_a-vsnprintf.o)
 .comment       0x0000000000000028       0x29 c:/users/karzan/downloads/toolchain-gd32v-v202-win/toolchain-gd32v-v202-win/compiler/bin/../lib/gcc/riscv64-unknown-elf/8.3.0/../../../../riscv64-unknown-elf/lib/rv32imac/ilp32\libc_nano.a(lib_a-writer.o)
 .comment       0x0000000000000028       0x29 c:/users/karzan/downloads/toolchain-gd32v-v202-win/toolchain-gd32v-v202-win/compiler/bin/../lib/gcc/riscv64-unknown-elf/8.3.0/../../../../riscv64-unknown-elf/lib/rv32imac/ilp32\libc_nano.a(lib_a-__atexit.o)
 .comment       0x0000000000000028       0x29 c:/users/karzan/downloads/toolchain-gd32v-v202-win/toolchain-gd32v-v202-win/compiler/bin/../lib/gcc/riscv64-unknown-elf/8.3.0/../../../../riscv64-unknown-elf/lib/rv32imac/ilp32\libc_nano.a(lib_a-__call_atexit.o)
 .comment       0x0000000000000028       0x29 c:/users/karzan/downloads/toolchain-gd32v-v202-win/toolchain-gd32v-v202-win/compiler/bin/../lib/gcc/riscv64-unknown-elf/8.3.0/../../../../riscv64-unknown-elf/lib/rv32imac/ilp32\libc_nano.a(lib_a-nano-svfprintf.o)
 .comment       0x0000000000000028       0x29 c:/users/karzan/downloads/toolchain-gd32v-v202-win/toolchain-gd32v-v202-win/compiler/bin/../lib/gcc/riscv64-unknown-elf/8.3.0/../../../../riscv64-unknown-elf/lib/rv32imac/ilp32\libc_nano.a(lib_a-nano-vfprintf_i.o)
 .comment       0x0000000000000028       0x29 c:/users/karzan/downloads/toolchain-gd32v-v202-win/toolchain-gd32v-v202-win/compiler/bin/../lib/gcc/riscv64-unknown-elf/8.3.0/../../../../riscv64-unknown-elf/lib/rv32imac/ilp32\libc_nano.a(lib_a-reent.o)
 .comment       0x0000000000000028       0x29 c:/users/karzan/downloads/toolchain-gd32v-v202-win/toolchain-gd32v-v202-win/compiler/bin/../lib/gcc/riscv64-unknown-elf/8.3.0/../../../../riscv64-unknown-elf/lib/rv32imac/ilp32\libc_nano.a(lib_a-memchr.o)
 .comment       0x0000000000000028       0x29 c:/users/karzan/downloads/toolchain-gd32v-v202-win/toolchain-gd32v-v202-win/compiler/bin/../lib/gcc/riscv64-unknown-elf/8.3.0/../../../../riscv64-unknown-elf/lib/rv32imac/ilp32\libc_nano.a(lib_a-nano-freer.o)
 .comment       0x0000000000000028       0x29 c:/users/karzan/downloads/toolchain-gd32v-v202-win/toolchain-gd32v-v202-win/compiler/bin/../lib/gcc/riscv64-unknown-elf/8.3.0/../../../../riscv64-unknown-elf/lib/rv32imac/ilp32\libc_nano.a(lib_a-nano-mallocr.o)
 .comment       0x0000000000000028       0x29 c:/users/karzan/downloads/toolchain-gd32v-v202-win/toolchain-gd32v-v202-win/compiler/bin/../lib/gcc/riscv64-unknown-elf/8.3.0/../../../../riscv64-unknown-elf/lib/rv32imac/ilp32\libc_nano.a(lib_a-nano-reallocr.o)
 .comment       0x0000000000000028       0x29 c:/users/karzan/downloads/toolchain-gd32v-v202-win/toolchain-gd32v-v202-win/compiler/bin/../lib/gcc/riscv64-unknown-elf/8.3.0/../../../../riscv64-unknown-elf/lib/rv32imac/ilp32\libc_nano.a(lib_a-sbrkr.o)
 .comment       0x0000000000000028       0x29 c:/users/karzan/downloads/toolchain-gd32v-v202-win/toolchain-gd32v-v202-win/compiler/bin/../lib/gcc/riscv64-unknown-elf/8.3.0/../../../../riscv64-unknown-elf/lib/rv32imac/ilp32\libc_nano.a(lib_a-mlock.o)
 .comment       0x0000000000000028       0x29 c:/users/karzan/downloads/toolchain-gd32v-v202-win/toolchain-gd32v-v202-win/compiler/bin/../lib/gcc/riscv64-unknown-elf/8.3.0/../../../../riscv64-unknown-elf/lib/rv32imac/ilp32\libc_nano.a(lib_a-nano-msizer.o)
 .comment       0x0000000000000028       0x29 c:/users/karzan/downloads/toolchain-gd32v-v202-win/toolchain-gd32v-v202-win/compiler/bin/../lib/gcc/riscv64-unknown-elf/8.3.0/../../../../riscv64-unknown-elf/lib/rv32imac/ilp32\libgloss_nano.a(sys_write.o)

.riscv.attributes
                0x0000000000000000       0x2b
 .riscv.attributes
                0x0000000000000000       0x2b build/gd32vf103_gpio.o
 .riscv.attributes
                0x000000000000002b       0x2b build/gd32vf103_i2c.o
 .riscv.attributes
                0x0000000000000056       0x2b build/gd32vf103_rcu.o
 .riscv.attributes
                0x0000000000000081       0x2b build/gd32vf103_spi.o
 .riscv.attributes
                0x00000000000000ac       0x2b build/system_gd32vf103.o
 .riscv.attributes
                0x00000000000000d7       0x2b build/_exit.o
 .riscv.attributes
                0x0000000000000102       0x2b build/sbrk.o
 .riscv.attributes
                0x000000000000012d       0x2b build/write_hex.o
 .riscv.attributes
                0x0000000000000158       0x2b build/n200_func.o
 .riscv.attributes
                0x0000000000000183       0x2b build/handlers.o
 .riscv.attributes
                0x00000000000001ae       0x2b build/init.o
 .riscv.attributes
                0x00000000000001d9       0x2b build/butt.o
 .riscv.attributes
                0x0000000000000204       0x2b build/clock.o
 .riscv.attributes
                0x000000000000022f       0x2b build/delay.o
 .riscv.attributes
                0x000000000000025a       0x2b build/gd32v_mpu6500_if.o
 .riscv.attributes
                0x0000000000000285       0x2b build/lio_lcd.o
 .riscv.attributes
                0x00000000000002b0       0x2b build/main.o
 .riscv.attributes
                0x00000000000002db       0x2b build/mpu6500_driver.o
 .riscv.attributes
                0x0000000000000306       0x29 build/start.o
 .riscv.attributes
                0x000000000000032f       0x29 build/entry.o
 .riscv.attributes
                0x0000000000000358       0x2b c:/users/karzan/downloads/toolchain-gd32v-v202-win/toolchain-gd32v-v202-win/compiler/bin/../lib/gcc/riscv64-unknown-elf/8.3.0/../../../../riscv64-unknown-elf/lib/rv32imac/ilp32\libm.a(lib_a-wf_sqrt.o)
 .riscv.attributes
                0x0000000000000383       0x2b c:/users/karzan/downloads/toolchain-gd32v-v202-win/toolchain-gd32v-v202-win/compiler/bin/../lib/gcc/riscv64-unknown-elf/8.3.0/../../../../riscv64-unknown-elf/lib/rv32imac/ilp32\libm.a(lib_a-ef_sqrt.o)
 .riscv.attributes
                0x00000000000003ae       0x2b c:/users/karzan/downloads/toolchain-gd32v-v202-win/toolchain-gd32v-v202-win/compiler/bin/../lib/gcc/riscv64-unknown-elf/8.3.0/../../../../riscv64-unknown-elf/lib/rv32imac/ilp32\libm.a(lib_a-s_lib_ver.o)
 .riscv.attributes
                0x00000000000003d9       0x2b c:/users/karzan/downloads/toolchain-gd32v-v202-win/toolchain-gd32v-v202-win/compiler/bin/../lib/gcc/riscv64-unknown-elf/8.3.0/rv32imac/ilp32\libgcc.a(divdf3.o)
 .riscv.attributes
                0x0000000000000404       0x2b c:/users/karzan/downloads/toolchain-gd32v-v202-win/toolchain-gd32v-v202-win/compiler/bin/../lib/gcc/riscv64-unknown-elf/8.3.0/rv32imac/ilp32\libgcc.a(ledf2.o)
 .riscv.attributes
                0x000000000000042f       0x2b c:/users/karzan/downloads/toolchain-gd32v-v202-win/toolchain-gd32v-v202-win/compiler/bin/../lib/gcc/riscv64-unknown-elf/8.3.0/rv32imac/ilp32\libgcc.a(muldf3.o)
 .riscv.attributes
                0x000000000000045a       0x2b c:/users/karzan/downloads/toolchain-gd32v-v202-win/toolchain-gd32v-v202-win/compiler/bin/../lib/gcc/riscv64-unknown-elf/8.3.0/rv32imac/ilp32\libgcc.a(floatsidf.o)
 .riscv.attributes
                0x0000000000000485       0x2b c:/users/karzan/downloads/toolchain-gd32v-v202-win/toolchain-gd32v-v202-win/compiler/bin/../lib/gcc/riscv64-unknown-elf/8.3.0/rv32imac/ilp32\libgcc.a(floatunsidf.o)
 .riscv.attributes
                0x00000000000004b0       0x2b c:/users/karzan/downloads/toolchain-gd32v-v202-win/toolchain-gd32v-v202-win/compiler/bin/../lib/gcc/riscv64-unknown-elf/8.3.0/rv32imac/ilp32\libgcc.a(floatundidf.o)
 .riscv.attributes
                0x00000000000004db       0x2b c:/users/karzan/downloads/toolchain-gd32v-v202-win/toolchain-gd32v-v202-win/compiler/bin/../lib/gcc/riscv64-unknown-elf/8.3.0/rv32imac/ilp32\libgcc.a(addsf3.o)
 .riscv.attributes
                0x0000000000000506       0x2b c:/users/karzan/downloads/toolchain-gd32v-v202-win/toolchain-gd32v-v202-win/compiler/bin/../lib/gcc/riscv64-unknown-elf/8.3.0/rv32imac/ilp32\libgcc.a(divsf3.o)
 .riscv.attributes
                0x0000000000000531       0x2b c:/users/karzan/downloads/toolchain-gd32v-v202-win/toolchain-gd32v-v202-win/compiler/bin/../lib/gcc/riscv64-unknown-elf/8.3.0/rv32imac/ilp32\libgcc.a(lesf2.o)
 .riscv.attributes
                0x000000000000055c       0x2b c:/users/karzan/downloads/toolchain-gd32v-v202-win/toolchain-gd32v-v202-win/compiler/bin/../lib/gcc/riscv64-unknown-elf/8.3.0/rv32imac/ilp32\libgcc.a(mulsf3.o)
 .riscv.attributes