Archive member included to satisfy reference by file (symbol)

c:/users/karzan/downloads/toolchain-gd32v-v202-win/toolchain-gd32v-v202-win/compiler/bin/../lib/gcc/riscv64-unknown-elf/8.3.0/rv32imac/ilp32\libgcc.a(divdf3.o)
                              build/lcd.o (__divdf3)
c:/users/karzan/downloads/toolchain-gd32v-v202-win/toolchain-gd32v-v202-win/compiler/bin/../lib/gcc/riscv64-unknown-elf/8.3.0/rv32imac/ilp32\libgcc.a(ledf2.o)
                              build/lcd.o (__ltdf2)
c:/users/karzan/downloads/toolchain-gd32v-v202-win/toolchain-gd32v-v202-win/compiler/bin/../lib/gcc/riscv64-unknown-elf/8.3.0/rv32imac/ilp32\libgcc.a(muldf3.o)
                              build/lcd.o (__muldf3)
c:/users/karzan/downloads/toolchain-gd32v-v202-win/toolchain-gd32v-v202-win/compiler/bin/../lib/gcc/riscv64-unknown-elf/8.3.0/rv32imac/ilp32\libgcc.a(floatunsidf.o)
                              build/lcd.o (__floatunsidf)
c:/users/karzan/downloads/toolchain-gd32v-v202-win/toolchain-gd32v-v202-win/compiler/bin/../lib/gcc/riscv64-unknown-elf/8.3.0/rv32imac/ilp32\libgcc.a(floatundidf.o)
                              build/lcd.o (__floatundidf)
c:/users/karzan/downloads/toolchain-gd32v-v202-win/toolchain-gd32v-v202-win/compiler/bin/../lib/gcc/riscv64-unknown-elf/8.3.0/rv32imac/ilp32\libgcc.a(mulsf3.o)
                              build/lcd.o (__mulsf3)
c:/users/karzan/downloads/toolchain-gd32v-v202-win/toolchain-gd32v-v202-win/compiler/bin/../lib/gcc/riscv64-unknown-elf/8.3.0/rv32imac/ilp32\libgcc.a(fixunssfsi.o)
                              build/lcd.o (__fixunssfsi)
c:/users/karzan/downloads/toolchain-gd32v-v202-win/toolchain-gd32v-v202-win/compiler/bin/../lib/gcc/riscv64-unknown-elf/8.3.0/rv32imac/ilp32\libgcc.a(_lshrdi3.o)
                              c:/users/karzan/downloads/toolchain-gd32v-v202-win/toolchain-gd32v-v202-win/compiler/bin/../lib/gcc/riscv64-unknown-elf/8.3.0/rv32imac/ilp32\libgcc.a(floatundidf.o) (__lshrdi3)
c:/users/karzan/downloads/toolchain-gd32v-v202-win/toolchain-gd32v-v202-win/compiler/bin/../lib/gcc/riscv64-unknown-elf/8.3.0/rv32imac/ilp32\libgcc.a(_ashldi3.o)
                              c:/users/karzan/downloads/toolchain-gd32v-v202-win/toolchain-gd32v-v202-win/compiler/bin/../lib/gcc/riscv64-unknown-elf/8.3.0/rv32imac/ilp32\libgcc.a(floatundidf.o) (__ashldi3)
c:/users/karzan/downloads/toolchain-gd32v-v202-win/toolchain-gd32v-v202-win/compiler/bin/../lib/gcc/riscv64-unknown-elf/8.3.0/rv32imac/ilp32\libgcc.a(_clzsi2.o)
                              c:/users/karzan/downloads/toolchain-gd32v-v202-win/toolchain-gd32v-v202-win/compiler/bin/../lib/gcc/riscv64-unknown-elf/8.3.0/rv32imac/ilp32\libgcc.a(divdf3.o) (__clzsi2)
c:/users/karzan/downloads/toolchain-gd32v-v202-win/toolchain-gd32v-v202-win/compiler/bin/../lib/gcc/riscv64-unknown-elf/8.3.0/rv32imac/ilp32\libgcc.a(_clz.o)
                              c:/users/karzan/downloads/toolchain-gd32v-v202-win/toolchain-gd32v-v202-win/compiler/bin/../lib/gcc/riscv64-unknown-elf/8.3.0/rv32imac/ilp32\libgcc.a(_clzsi2.o) (__clz_tab)
c:/users/karzan/downloads/toolchain-gd32v-v202-win/toolchain-gd32v-v202-win/compiler/bin/../lib/gcc/riscv64-unknown-elf/8.3.0/../../../../riscv64-unknown-elf/lib/rv32imac/ilp32\libc_nano.a(lib_a-atexit.o)
                              build/start.o (atexit)
c:/users/karzan/downloads/toolchain-gd32v-v202-win/toolchain-gd32v-v202-win/compiler/bin/../lib/gcc/riscv64-unknown-elf/8.3.0/../../../../riscv64-unknown-elf/lib/rv32imac/ilp32\libc_nano.a(lib_a-exit.o)
                              build/start.o (exit)
c:/users/karzan/downloads/toolchain-gd32v-v202-win/toolchain-gd32v-v202-win/compiler/bin/../lib/gcc/riscv64-unknown-elf/8.3.0/../../../../riscv64-unknown-elf/lib/rv32imac/ilp32\libc_nano.a(lib_a-fini.o)
                              build/start.o (__libc_fini_array)
c:/users/karzan/downloads/toolchain-gd32v-v202-win/toolchain-gd32v-v202-win/compiler/bin/../lib/gcc/riscv64-unknown-elf/8.3.0/../../../../riscv64-unknown-elf/lib/rv32imac/ilp32\libc_nano.a(lib_a-impure.o)
                              c:/users/karzan/downloads/toolchain-gd32v-v202-win/toolchain-gd32v-v202-win/compiler/bin/../lib/gcc/riscv64-unknown-elf/8.3.0/../../../../riscv64-unknown-elf/lib/rv32imac/ilp32\libc_nano.a(lib_a-exit.o) (_global_impure_ptr)
c:/users/karzan/downloads/toolchain-gd32v-v202-win/toolchain-gd32v-v202-win/compiler/bin/../lib/gcc/riscv64-unknown-elf/8.3.0/../../../../riscv64-unknown-elf/lib/rv32imac/ilp32\libc_nano.a(lib_a-init.o)
                              build/start.o (__libc_init_array)
c:/users/karzan/downloads/toolchain-gd32v-v202-win/toolchain-gd32v-v202-win/compiler/bin/../lib/gcc/riscv64-unknown-elf/8.3.0/../../../../riscv64-unknown-elf/lib/rv32imac/ilp32\libc_nano.a(lib_a-memcpy-asm.o)
                              build/gd32vf103_rcu.o (memcpy)
[...]
Memory Configuration

Name             Origin             Length             Attributes
flash            0x0000000008000000 0x0000000000020000 axrl !w
ram              0x0000000020000000 0x0000000000008000 axw !rl
*default*        0x0000000000000000 0xffffffffffffffff

Linker script and memory map

LOAD build/gd32vf103_adc.o
LOAD build/gd32vf103_bkp.o
LOAD build/gd32vf103_can.o
LOAD build/gd32vf103_crc.o
LOAD build/gd32vf103_dac.o
LOAD build/gd32vf103_dbg.o
LOAD build/gd32vf103_dma.o
LOAD build/gd32vf103_eclic.o
LOAD build/gd32vf103_exmc.o
LOAD build/gd32vf103_exti.o
LOAD build/gd32vf103_fmc.o
LOAD build/gd32vf103_fwdgt.o
LOAD build/gd32vf103_gpio.o
LOAD build/gd32vf103_i2c.o
LOAD build/gd32vf103_pmu.o
LOAD build/gd32vf103_rcu.o
LOAD build/gd32vf103_rtc.o
LOAD build/gd32vf103_spi.o
LOAD build/gd32vf103_timer.o
LOAD build/gd32vf103_usart.o
LOAD build/gd32vf103_wwdgt.o
LOAD build/system_gd32vf103.o
LOAD build/_exit.o
LOAD build/close.o
LOAD build/fstat.o
LOAD build/isatty.o
LOAD build/lseek.o
LOAD build/read.o
LOAD build/sbrk.o
LOAD build/write.o
LOAD build/write_hex.o
LOAD build/n200_func.o
LOAD build/handlers.o
LOAD build/init.o
LOAD build/adc.o
LOAD build/dac.o
LOAD build/eclicw.o
LOAD build/lcd.o
LOAD build/main.o
LOAD build/servo.o
LOAD build/usart.o
LOAD build/start.o
LOAD build/entry.o
LOAD build/drivers.o
LOAD c:/users/karzan/downloads/toolchain-gd32v-v202-win/toolchain-gd32v-v202-win/compiler/bin/../lib/gcc/riscv64-unknown-elf/8.3.0/rv32imac/ilp32\libgcc.a
LOAD c:/users/karzan/downloads/toolchain-gd32v-v202-win/toolchain-gd32v-v202-win/compiler/bin/../lib/gcc/riscv64-unknown-elf/8.3.0/../../../../riscv64-unknown-elf/lib/rv32imac/ilp32\libc_nano.a
LOAD c:/users/karzan/downloads/toolchain-gd32v-v202-win/toolchain-gd32v-v202-win/compiler/bin/../lib/gcc/riscv64-unknown-elf/8.3.0/rv32imac/ilp32\libgcc.a
START GROUP
LOAD c:/users/karzan/downloads/toolchain-gd32v-v202-win/toolchain-gd32v-v202-win/compiler/bin/../lib/gcc/riscv64-unknown-elf/8.3.0/rv32imac/ilp32\libgcc.a
LOAD c:/users/karzan/downloads/toolchain-gd32v-v202-win/toolchain-gd32v-v202-win/compiler/bin/../lib/gcc/riscv64-unknown-elf/8.3.0/../../../../riscv64-unknown-elf/lib/rv32imac/ilp32\libc_nano.a
LOAD c:/users/karzan/downloads/toolchain-gd32v-v202-win/toolchain-gd32v-v202-win/compiler/bin/../lib/gcc/riscv64-unknown-elf/8.3.0/../../../../riscv64-unknown-elf/lib/rv32imac/ilp32\libgloss_nano.a
END GROUP
                0x0000000000001000                __stack_size = DEFINED (__stack_size)?__stack_size:0x1000
                0x0000000000000000                __dbg_stack_size = DEFINED (__dbg_stack_size)?__dbg_stack_size:0x0

.init           0x0000000008000000      0x254
 *(SORT_NONE(.init))
 .init          0x0000000008000000      0x254 build/start.o
                0x000000000800015c                _start
                0x0000000008000246                disable_mcycle_minstret
                0x000000000800024c                enable_mcycle_minstret

.ilalign        0x0000000008000254        0x0
                0x0000000008000254                . = ALIGN (0x4)
                [!provide]                        PROVIDE (_ilm_lma = .)

.ialign         0x0000000008000254        0x0
                [!provide]                        PROVIDE (_ilm = .)

.text           0x0000000008000280     0x19fe
 *(.rodata .rodata.*)
 .rodata._exit.str1.4
                0x0000000008000280       0x1f build/_exit.o
                                         0x23 (size before relaxing)
 *fill*         0x000000000800029f        0x1 
 .rodata.write_hex.str1.4
                0x00000000080002a0        0x3 build/write_hex.o
 *fill*         0x00000000080002a3        0x1 
 .rodata.handle_nmi.str1.4
                0x00000000080002a4        0x5 build/handlers.o
 *fill*         0x00000000080002a9        0x3 
 .rodata.handle_trap.str1.4
                0x00000000080002ac        0x8 build/handlers.o
                                          0x6 (size before relaxing)
 .rodata        0x00000000080002b4       0x40 build/main.o
 *(.text.unlikely .text.unlikely.*)
 *(.text.startup .text.startup.*)
 .text.startup.main
                0x00000000080002f4      0x254 build/main.o
                0x00000000080002f4                main
 *(.text .text.*)
 .text.adc_deinit
                0x0000000008000548       0x50 build/gd32vf103_adc.o
                0x0000000008000548                adc_deinit
 .text.adc_mode_config
                0x0000000008000598       0x20 build/gd32vf103_adc.o
                0x0000000008000598                adc_mode_config
 .text.adc_special_function_config
                0x00000000080005b8       0x48 build/gd32vf103_adc.o
                0x00000000080005b8                adc_special_function_config
 .text.adc_data_alignment_config
                0x0000000008000600       0x1a build/gd32vf103_adc.o
                0x0000000008000600                adc_data_alignment_config
 .text.adc_enable
                0x000000000800061a       0x10 build/gd32vf103_adc.o
                0x000000000800061a                adc_enable
 .text.adc_calibration_enable
                0x000000000800062a       0x22 build/gd32vf103_adc.o
                0x000000000800062a                adc_calibration_enable
 .text.adc_tempsensor_vrefint_enable
                0x000000000800064c       0x14 build/gd32vf103_adc.o
                0x000000000800064c                adc_tempsensor_vrefint_enable
 .text.adc_channel_length_config
                0x0000000008000660       0x4a build/gd32vf103_adc.o
                0x0000000008000660                adc_channel_length_config
 .text.adc_regular_channel_config
                0x00000000080006aa       0xbe build/gd32vf103_adc.o
                0x00000000080006aa                adc_regular_channel_config
 .text.adc_inserted_channel_config
                0x0000000008000768       0x76 build/gd32vf103_adc.o
                0x0000000008000768                adc_inserted_channel_config
 .text.adc_external_trigger_source_config
                0x00000000080007de       0x34 build/gd32vf103_adc.o
                0x00000000080007de                adc_external_trigger_source_config
 .text.adc_external_trigger_config
                0x0000000008000812       0x3a build/gd32vf103_adc.o
                0x0000000008000812                adc_external_trigger_config
 .text.adc_software_trigger_enable
                0x000000000800084c       0x20 build/gd32vf103_adc.o
                0x000000000800084c                adc_software_trigger_enable
 .text.adc_regular_data_read
                0x000000000800086c        0x8 build/gd32vf103_adc.o
                0x000000000800086c                adc_regular_data_read
 .text.adc_flag_get
                0x0000000008000874        0xa build/gd32vf103_adc.o
                0x0000000008000874                adc_flag_get
 .text.adc_flag_clear
                0x000000000800087e        0xc build/gd32vf103_adc.o
                0x000000000800087e                adc_flag_clear
 .text.gpio_init
                0x000000000800088a       0xa4 build/gd32vf103_gpio.o
                0x000000000800088a                gpio_init
 .text.rcu_periph_clock_enable
                0x000000000800092e       0x18 build/gd32vf103_rcu.o
                0x000000000800092e                rcu_periph_clock_enable
 .text.rcu_periph_reset_enable
                0x0000000008000946       0x18 build/gd32vf103_rcu.o
                0x0000000008000946                rcu_periph_reset_enable
 .text.rcu_periph_reset_disable
                0x000000000800095e       0x1c build/gd32vf103_rcu.o
                0x000000000800095e                rcu_periph_reset_disable
 .text.rcu_adc_clock_config
                0x000000000800097a       0x40 build/gd32vf103_rcu.o
                0x000000000800097a                rcu_adc_clock_config
 .text.timer_deinit
                0x00000000080009ba       0xd2 build/gd32vf103_timer.o
                0x00000000080009ba                timer_deinit
 .text.timer_struct_para_init
                0x0000000008000a8c       0x18 build/gd32vf103_timer.o
                0x0000000008000a8c                timer_struct_para_init
 .text.timer_init
                0x0000000008000aa4       0x8e build/gd32vf103_timer.o
                0x0000000008000aa4                timer_init
 .text.timer_enable
                0x0000000008000b32        0xa build/gd32vf103_timer.o
                0x0000000008000b32                timer_enable
 .text.timer_auto_reload_shadow_enable
                0x0000000008000b3c        0xa build/gd32vf103_timer.o
                0x0000000008000b3c                timer_auto_reload_shadow_enable
 .text.timer_channel_output_struct_para_init
                0x0000000008000b46       0x1a build/gd32vf103_timer.o
                0x0000000008000b46                timer_channel_output_struct_para_init
 .text.timer_channel_output_config
                0x0000000008000b60      0x23c build/gd32vf103_timer.o
                0x0000000008000b60                timer_channel_output_config
 .text.timer_channel_output_mode_config
                0x0000000008000d9c       0x56 build/gd32vf103_timer.o
                0x0000000008000d9c                timer_channel_output_mode_config
 .text.timer_channel_output_pulse_value_config
                0x0000000008000df2       0x26 build/gd32vf103_timer.o
                0x0000000008000df2                timer_channel_output_pulse_value_config
 .text.timer_channel_output_shadow_config
                0x0000000008000e18       0x56 build/gd32vf103_timer.o
                0x0000000008000e18                timer_channel_output_shadow_config
 .text.SystemInit
                0x0000000008000e6e      0x11c build/system_gd32vf103.o
                0x0000000008000e6e                SystemInit
 .text._exit    0x0000000008000f8a       0x4c build/_exit.o
                0x0000000008000f8a                _exit
 .text.write_hex
                0x0000000008000fd6       0x7c build/write_hex.o
                0x0000000008000fd6                write_hex
 .text.eclic_init
                0x0000000008001052       0x22 build/n200_func.o
                0x0000000008001052                eclic_init
 .text.eclic_mode_enable
                0x0000000008001074       0x12 build/n200_func.o
                0x0000000008001074                eclic_mode_enable
 .text.handle_nmi
                0x0000000008001086       0x22 build/handlers.o
                0x0000000008001086                handle_nmi
 .text.handle_trap
                0x00000000080010a8       0x38 build/handlers.o
                0x00000000080010a8                handle_trap
 .text._init    0x00000000080010e0       0x2c build/init.o
                0x00000000080010e0                _init
 .text._fini    0x000000000800110c        0x2 build/init.o
                0x000000000800110c                _fini
 .text.ADC3powerUpInit
                0x000000000800110e      0x140 build/adc.o
                0x000000000800110e                ADC3powerUpInit
 .text.eclic_mtip_handler
                0x000000000800124e       0x52 build/eclicw.o
                0x000000000800124e                eclic_mtip_handler
 .text.USART0_IRQHandler
                0x00000000080012a0       0x52 build/eclicw.o
                0x00000000080012a0                USART0_IRQHandler
 .text.T1_init_PWM
                0x00000000080012f2      0x24e build/servo.o
                0x00000000080012f2                T1_init_PWM
 .text.__init_servo
                0x0000000008001540        0xe build/servo.o
                0x0000000008001540                __init_servo
 .text.servo_write
                0x000000000800154e       0x32 build/servo.o
                0x000000000800154e                servo_write
 .text.map      0x0000000008001580       0x12 build/servo.o
                0x0000000008001580                map
 *fill*         0x0000000008001592       0x2e 
 .text.trap     0x00000000080015c0       0x82 build/entry.o
                0x00000000080015c0                trap_entry
 *fill*         0x0000000008001642        0x2 
 .text.irq      0x0000000008001644       0x72 build/entry.o
                0x0000000008001644                irq_entry
 .text          0x00000000080016b6      0x2e4 build/drivers.o
                0x0000000008001728                t5omsi
                0x000000000800175a                t5expq
                0x000000000800176a                colinit
                0x00000000080017aa                colset
                0x00000000080017e2                l88init
                0x0000000008001814                l88row
                0x000000000800184a                l88mem
                0x000000000800185e                keyinit
                0x0000000008001890                keyscan
 .text.atexit   0x000000000800199a       0x10 c:/users/karzan/downloads/toolchain-gd32v-v202-win/toolchain-gd32v-v202-win/compiler/bin/../lib/gcc/riscv64-unknown-elf/8.3.0/../../../../riscv64-unknown-elf/lib/rv32imac/ilp32\libc_nano.a(lib_a-atexit.o)
                0x000000000800199a                atexit
 .text.exit     0x00000000080019aa       0x36 c:/users/karzan/downloads/toolchain-gd32v-v202-win/toolchain-gd32v-v202-win/compiler/bin/../lib/gcc/riscv64-unknown-elf/8.3.0/../../../../riscv64-unknown-elf/lib/rv32imac/ilp32\libc_nano.a(lib_a-exit.o)
                0x00000000080019aa                exit
 .text.__libc_fini_array
                0x00000000080019e0       0x38 c:/users/karzan/downloads/toolchain-gd32v-v202-win/toolchain-gd32v-v202-win/compiler/bin/../lib/gcc/riscv64-unknown-elf/8.3.0/../../../../riscv64-unknown-elf/lib/rv32imac/ilp32\libc_nano.a(lib_a-fini.o)
                0x00000000080019e0                __libc_fini_array
 .text.__libc_init_array
                0x0000000008001a18       0x6a c:/users/karzan/downloads/toolchain-gd32v-v202-win/toolchain-gd32v-v202-win/compiler/bin/../lib/gcc/riscv64-unknown-elf/8.3.0/../../../../riscv64-unknown-elf/lib/rv32imac/ilp32\libc_nano.a(lib_a-init.o)
                0x0000000008001a18                __libc_init_array
 .text          0x0000000008001a82       0x16 c:/users/karzan/downloads/toolchain-gd32v-v202-win/toolchain-gd32v-v202-win/compiler/bin/../lib/gcc/riscv64-unknown-elf/8.3.0/../../../../riscv64-unknown-elf/lib/rv32imac/ilp32\libc_nano.a(lib_a-memcpy-asm.o)
                0x0000000008001a82                memcpy
 .text.write    0x0000000008001a98       0x18 c:/users/karzan/downloads/toolchain-gd32v-v202-win/toolchain-gd32v-v202-win/compiler/bin/../lib/gcc/riscv64-unknown-elf/8.3.0/../../../../riscv64-unknown-elf/lib/rv32imac/ilp32\libc_nano.a(lib_a-syswrite.o)
                0x0000000008001a98                write
 .text._write_r
                0x0000000008001ab0       0x3a c:/users/karzan/downloads/toolchain-gd32v-v202-win/toolchain-gd32v-v202-win/compiler/bin/../lib/gcc/riscv64-unknown-elf/8.3.0/../../../../riscv64-unknown-elf/lib/rv32imac/ilp32\libc_nano.a(lib_a-writer.o)
                0x0000000008001ab0                _write_r
 .text.__register_exitproc
                0x0000000008001aea       0x8c c:/users/karzan/downloads/toolchain-gd32v-v202-win/toolchain-gd32v-v202-win/compiler/bin/../lib/gcc/riscv64-unknown-elf/8.3.0/../../../../riscv64-unknown-elf/lib/rv32imac/ilp32\libc_nano.a(lib_a-__atexit.o)
                0x0000000008001aea                __register_exitproc
 .text.__call_exitprocs
                0x0000000008001b76       0xc8 c:/users/karzan/downloads/toolchain-gd32v-v202-win/toolchain-gd32v-v202-win/compiler/bin/../lib/gcc/riscv64-unknown-elf/8.3.0/../../../../riscv64-unknown-elf/lib/rv32imac/ilp32\libc_nano.a(lib_a-__call_atexit.o)
                0x0000000008001b76                __call_exitprocs
 .text._write   0x0000000008001c3e       0x34 c:/users/karzan/downloads/toolchain-gd32v-v202-win/toolchain-gd32v-v202-win/compiler/bin/../lib/gcc/riscv64-unknown-elf/8.3.0/../../../../riscv64-unknown-elf/lib/rv32imac/ilp32\libgloss_nano.a(sys_write.o)
                0x0000000008001c3e                _write
 .text.__errno  0x0000000008001c72        0xc c:/users/karzan/downloads/toolchain-gd32v-v202-win/toolchain-gd32v-v202-win/compiler/bin/../lib/gcc/riscv64-unknown-elf/8.3.0/../../../../riscv64-unknown-elf/lib/rv32imac/ilp32\libc_nano.a(lib_a-errno.o)
                0x0000000008001c72                __errno
 *(.gnu.linkonce.t.*)

.sdata2._global_impure_ptr
                0x0000000008001c80        0x4
 .sdata2._global_impure_ptr
                0x0000000008001c80        0x4 c:/users/karzan/downloads/toolchain-gd32v-v202-win/toolchain-gd32v-v202-win/compiler/bin/../lib/gcc/riscv64-unknown-elf/8.3.0/../../../../riscv64-unknown-elf/lib/rv32imac/ilp32\libc_nano.a(lib_a-impure.o)
                0x0000000008001c80                _global_impure_ptr

.rela.dyn       0x0000000008001c84        0x0
 .rela.text.handle_trap
                0x0000000008001c84        0x0 build/gd32vf103_adc.o
 .rela.init     0x0000000008001c84        0x0 build/gd32vf103_adc.o
 .rela.text.trap
                0x0000000008001c84        0x0 build/gd32vf103_adc.o
 .rela.text.__libc_fini_array
                0x0000000008001c84        0x0 build/gd32vf103_adc.o
 .rela.data.impure_data
                0x0000000008001c84        0x0 build/gd32vf103_adc.o
 .rela.text.__libc_init_array
                0x0000000008001c84        0x0 build/gd32vf103_adc.o
 .rela.text._write_r
                0x0000000008001c84        0x0 build/gd32vf103_adc.o
 .rela.text.__register_exitproc
                0x0000000008001c84        0x0 build/gd32vf103_adc.o

.fini
 *(SORT_NONE(.fini))
                0x0000000008001c84                . = ALIGN (0x4)
                [!provide]                        PROVIDE (__etext = .)
                [!provide]                        PROVIDE (_etext = .)
                [!provide]                        PROVIDE (etext = .)
                [!provide]                        PROVIDE (_eilm = .)

.preinit_array  0x0000000008001c84        0x0
                0x0000000008001c84                PROVIDE (__preinit_array_start = .)
 *(.preinit_array)
                0x0000000008001c84                PROVIDE (__preinit_array_end = .)

.init_array     0x0000000008001c84        0x0
                0x0000000008001c84                PROVIDE (__init_array_start = .)
 *(SORT_BY_INIT_PRIORITY(.init_array.*) SORT_BY_INIT_PRIORITY(.ctors.*))
 *(.init_array EXCLUDE_FILE(*crtend?.o *crtend.o *crtbegin?.o *crtbegin.o) .ctors)
                0x0000000008001c84                PROVIDE (__init_array_end = .)

.fini_array     0x0000000008001c84        0x0
                0x0000000008001c84                PROVIDE (__fini_array_start = .)
 *(SORT_BY_INIT_PRIORITY(.fini_array.*) SORT_BY_INIT_PRIORITY(.dtors.*))
 *(.fini_array EXCLUDE_FILE(*crtend?.o *crtend.o *crtbegin?.o *crtbegin.o) .dtors)
                0x0000000008001c84                PROVIDE (__fini_array_end = .)

.ctors
 *crtbegin.o(.ctors)
 *crtbegin?.o(.ctors)
 *(EXCLUDE_FILE(*crtend?.o *crtend.o) .ctors)
 *(SORT_BY_NAME(.ctors.*))
 *(.ctors)

.dtors
 *crtbegin.o(.dtors)
 *crtbegin?.o(.dtors)
 *(EXCLUDE_FILE(*crtend?.o *crtend.o) .dtors)
 *(SORT_BY_NAME(.dtors.*))
 *(.dtors)
                0x0000000008001c84                . = ALIGN (0x4)
                [!provide]                        PROVIDE (_eilm = .)

.lalign         0x0000000008001c84        0x0
                0x0000000008001c84                . = ALIGN (0x4)
                0x0000000008001c84                PROVIDE (_data_lma = .)

.dalign         0x0000000020000000        0x0 load address 0x0000000008001c84
                0x0000000020000000                . = ALIGN (0x4)
                0x0000000020000000                PROVIDE (_data = .)

.data           0x0000000020000000       0x88 load address 0x0000000008001c84
 *(.rdata)
 *(.gnu.linkonce.r.*)
 *(.data .data.*)
 .data          0x0000000020000000       0x1f build/drivers.o
 *fill*         0x000000002000001f        0x1 
 .data.impure_data
                0x0000000020000020       0x60 c:/users/karzan/downloads/toolchain-gd32v-v202-win/toolchain-gd32v-v202-win/compiler/bin/../lib/gcc/riscv64-unknown-elf/8.3.0/../../../../riscv64-unknown-elf/lib/rv32imac/ilp32\libc_nano.a(lib_a-impure.o)
 *(.gnu.linkonce.d.*)
                0x0000000020000080                . = ALIGN (0x8)
                0x0000000020000880                PROVIDE (__global_pointer$ = (. + 0x800))
 *(.sdata .sdata.*)
 .sdata._impure_ptr
                0x0000000020000080        0x4 c:/users/karzan/downloads/toolchain-gd32v-v202-win/toolchain-gd32v-v202-win/compiler/bin/../lib/gcc/riscv64-unknown-elf/8.3.0/../../../../riscv64-unknown-elf/lib/rv32imac/ilp32\libc_nano.a(lib_a-impure.o)
                0x0000000020000080                _impure_ptr
 *(.gnu.linkonce.s.*)
                0x0000000020000088                . = ALIGN (0x8)
 *fill*         0x0000000020000084        0x4 
 *(.srodata.cst16)
 *(.srodata.cst8)
 *(.srodata.cst4)
 *(.srodata.cst2)
 *(.srodata .srodata.*)
                0x0000000020000088                . = ALIGN (0x4)
                0x0000000020000088                PROVIDE (_edata = .)
                [!provide]                        PROVIDE (edata = .)
                [!provide]                        PROVIDE (_fbss = .)
                0x0000000020000088                PROVIDE (__bss_start = .)

.bss            0x0000000020000088       0x9c
 *(.sbss*)
 .sbss.pmtisr   0x0000000020000088        0x4 build/eclicw.o
 .sbss.pu0tbeisr
                0x000000002000008c        0x4 build/eclicw.o
 .sbss._global_atexit
                0x0000000020000090        0x4 c:/users/karzan/downloads/toolchain-gd32v-v202-win/toolchain-gd32v-v202-win/compiler/bin/../lib/gcc/riscv64-unknown-elf/8.3.0/../../../../riscv64-unknown-elf/lib/rv32imac/ilp32\libc_nano.a(lib_a-__call_atexit.o)
                0x0000000020000090                _global_atexit
 *(.gnu.linkonce.sb.*)
 *(.bss .bss.*)
 .bss._global_atexit0
                0x0000000020000094       0x8c c:/users/karzan/downloads/toolchain-gd32v-v202-win/toolchain-gd32v-v202-win/compiler/bin/../lib/gcc/riscv64-unknown-elf/8.3.0/../../../../riscv64-unknown-elf/lib/rv32imac/ilp32\libc_nano.a(lib_a-__atexit.o)
 *(.gnu.linkonce.b.*)
 *(COMMON)
 COMMON         0x0000000020000120        0x4 c:/users/karzan/downloads/toolchain-gd32v-v202-win/toolchain-gd32v-v202-win/compiler/bin/../lib/gcc/riscv64-unknown-elf/8.3.0/../../../../riscv64-unknown-elf/lib/rv32imac/ilp32\libc_nano.a(lib_a-reent.o)
                0x0000000020000120                errno
                0x0000000020000124                . = ALIGN (0x4)
                0x0000000020000128                . = ALIGN (0x8)
                0x0000000020000128                PROVIDE (_end = .)
                [!provide]                        PROVIDE (end = .)

.stack          0x0000000020007000     0x1000 load address 0x0000000020000124
                0x0000000020007000                PROVIDE (_heap_end = .)
                0x0000000000001000                . = __stack_size
 *fill*         0x0000000020007000     0x1000 
                0x0000000020008000                PROVIDE (_sp = .)
                0x0000000000001000                . = (__dbg_stack_size + __stack_size)
                [!provide]                        PROVIDE (_dbg_sp = .)
OUTPUT(build/gd32vf103.elf elf32-littleriscv)

.debug_info     0x0000000000000000     0x8669
 .debug_info    0x0000000000000000      0xb98 build/gd32vf103_adc.o
 .debug_info    0x0000000000000b98      0x6f6 build/gd32vf103_gpio.o
 .debug_info    0x000000000000128e      0xf51 build/gd32vf103_rcu.o
 .debug_info    0x00000000000021df     0x16ec build/gd32vf103_timer.o
 .debug_info    0x00000000000038cb      0x203 build/system_gd32vf103.o
 .debug_info    0x0000000000003ace      0x1d3 build/_exit.o
 .debug_info    0x0000000000003ca1      0x1bb build/write_hex.o
 .debug_info    0x0000000000003e5c     0x18a2 build/n200_func.o
 .debug_info    0x00000000000056fe      0xb4f build/handlers.o
 .debug_info    0x000000000000624d      0xcb0 build/init.o
 .debug_info    0x0000000000006efd      0x537 build/adc.o
 .debug_info    0x0000000000007434      0x3da build/eclicw.o
 .debug_info    0x000000000000780e      0x552 build/main.o
 .debug_info    0x0000000000007d60      0x89b build/servo.o
 .debug_info    0x00000000000085fb       0x26 build/start.o
 .debug_info    0x0000000000008621       0x22 build/entry.o
 .debug_info    0x0000000000008643       0x26 build/drivers.o

.debug_abbrev   0x0000000000000000     0x1b7a
 .debug_abbrev  0x0000000000000000      0x216 build/gd32vf103_adc.o
 .debug_abbrev  0x0000000000000216      0x228 build/gd32vf103_gpio.o
 .debug_abbrev  0x000000000000043e      0x259 build/gd32vf103_rcu.o
 .debug_abbrev  0x0000000000000697      0x2c1 build/gd32vf103_timer.o
 .debug_abbrev  0x0000000000000958       0xe0 build/system_gd32vf103.o
 .debug_abbrev  0x0000000000000a38       0xec build/_exit.o
 .debug_abbrev  0x0000000000000b24       0xfa build/write_hex.o
 .debug_abbrev  0x0000000000000c1e      0x4db build/n200_func.o
 .debug_abbrev  0x00000000000010f9      0x234 build/handlers.o
 .debug_abbrev  0x000000000000132d      0x22b build/init.o
 .debug_abbrev  0x0000000000001558      0x10f build/adc.o
 .debug_abbrev  0x0000000000001667      0x117 build/eclicw.o
 .debug_abbrev  0x000000000000177e      0x1b8 build/main.o
 .debug_abbrev  0x0000000000001936      0x20a build/servo.o
 .debug_abbrev  0x0000000000001b40       0x14 build/start.o
 .debug_abbrev  0x0000000000001b54       0x12 build/entry.o
 .debug_abbrev  0x0000000000001b66       0x14 build/drivers.o

.debug_loc      0x0000000000000000     0x3c5f
 .debug_loc     0x0000000000000000      0x7d6 build/gd32vf103_adc.o
 .debug_loc     0x00000000000007d6      0x4ba build/gd32vf103_gpio.o
 .debug_loc     0x0000000000000c90      0xcf4 build/gd32vf103_rcu.o
 .debug_loc     0x0000000000001984      0xef4 build/gd32vf103_timer.o
 .debug_loc     0x0000000000002878      0x173 build/system_gd32vf103.o
 .debug_loc     0x00000000000029eb       0x3e build/_exit.o
 .debug_loc     0x0000000000002a29      0x101 build/write_hex.o
 .debug_loc     0x0000000000002b2a      0xa1d build/n200_func.o
 .debug_loc     0x0000000000003547       0x7f build/handlers.o
 .debug_loc     0x00000000000035c6       0x2c build/init.o
 .debug_loc     0x00000000000035f2       0x58 build/adc.o
 .debug_loc     0x000000000000364a      0x16e build/eclicw.o
 .debug_loc     0x00000000000037b8      0x319 build/main.o
 .debug_loc     0x0000000000003ad1      0x18e build/servo.o

.debug_aranges  0x0000000000000000      0x888
 .debug_aranges
                0x0000000000000000      0x140 build/gd32vf103_adc.o
 .debug_aranges
                0x0000000000000140       0xa0 build/gd32vf103_gpio.o
 .debug_aranges
                0x00000000000001e0      0x160 build/gd32vf103_rcu.o
 .debug_aranges
                0x0000000000000340      0x240 build/gd32vf103_timer.o
 .debug_aranges
                0x0000000000000580       0x28 build/system_gd32vf103.o
 .debug_aranges
                0x00000000000005a8       0x20 build/_exit.o
 .debug_aranges
                0x00000000000005c8       0x20 build/write_hex.o
 .debug_aranges
                0x00000000000005e8      0x140 build/n200_func.o
 .debug_aranges
                0x0000000000000728       0x28 build/handlers.o
 .debug_aranges
                0x0000000000000750       0x28 build/init.o
 .debug_aranges
                0x0000000000000778       0x20 build/adc.o
 .debug_aranges
                0x0000000000000798       0x30 build/eclicw.o
 .debug_aranges
                0x00000000000007c8       0x20 build/main.o
 .debug_aranges
                0x00000000000007e8       0x38 build/servo.o
 .debug_aranges
                0x0000000000000820       0x20 build/start.o
 .debug_aranges
                0x0000000000000840       0x28 build/entry.o
 .debug_aranges
                0x0000000000000868       0x20 build/drivers.o

.debug_ranges   0x0000000000000000      0x908
 .debug_ranges  0x0000000000000000      0x130 build/gd32vf103_adc.o
 .debug_ranges  0x0000000000000130       0x90 build/gd32vf103_gpio.o
 .debug_ranges  0x00000000000001c0      0x150 build/gd32vf103_rcu.o
 .debug_ranges  0x0000000000000310      0x270 build/gd32vf103_timer.o
 .debug_ranges  0x0000000000000580       0x18 build/system_gd32vf103.o
 .debug_ranges  0x0000000000000598       0x10 build/_exit.o
 .debug_ranges  0x00000000000005a8       0x30 build/write_hex.o
 .debug_ranges  0x00000000000005d8      0x240 build/n200_func.o
 .debug_ranges  0x0000000000000818       0x18 build/handlers.o
 .debug_ranges  0x0000000000000830       0x18 build/init.o
 .debug_ranges  0x0000000000000848       0x10 build/adc.o
 .debug_ranges  0x0000000000000858       0x20 build/eclicw.o
 .debug_ranges  0x0000000000000878       0x30 build/main.o
 .debug_ranges  0x00000000000008a8       0x40 build/servo.o
 .debug_ranges  0x00000000000008e8       0x20 build/entry.o

.debug_line     0x0000000000000000     0x9dbe
 .debug_line    0x0000000000000000     0x14c5 build/gd32vf103_adc.o
 .debug_line    0x00000000000014c5      0xb54 build/gd32vf103_gpio.o
 .debug_line    0x0000000000002019     0x1547 build/gd32vf103_rcu.o
 .debug_line    0x0000000000003560     0x2b33 build/gd32vf103_timer.o
 .debug_line    0x0000000000006093      0x6e9 build/system_gd32vf103.o
 .debug_line    0x000000000000677c      0x162 build/_exit.o
 .debug_line    0x00000000000068de      0x271 build/write_hex.o
 .debug_line    0x0000000000006b4f     0x132d build/n200_func.o
 .debug_line    0x0000000000007e7c      0x2b7 build/handlers.o
 .debug_line    0x0000000000008133      0x2fa build/init.o
 .debug_line    0x000000000000842d      0x2fb build/adc.o
 .debug_line    0x0000000000008728      0x30d build/eclicw.o
 .debug_line    0x0000000000008a35      0x650 build/main.o
 .debug_line    0x0000000000009085      0x5a5 build/servo.o
 .debug_line    0x000000000000962a      0x189 build/start.o
 .debug_line    0x00000000000097b3       0xe5 build/entry.o
 .debug_line    0x0000000000009898      0x526 build/drivers.o

.debug_str      0x0000000000000000     0x2eb0
 .debug_str     0x0000000000000000      0x87a build/gd32vf103_adc.o
                                        0x8e1 (size before relaxing)
 .debug_str     0x000000000000087a      0x1f0 build/gd32vf103_gpio.o
                                        0x5c9 (size before relaxing)
 .debug_str     0x0000000000000a6a      0xa92 build/gd32vf103_rcu.o
                                        0xe48 (size before relaxing)
 .debug_str     0x00000000000014fc      0xb12 build/gd32vf103_timer.o
                                        0xf0d (size before relaxing)
 .debug_str     0x000000000000200e       0xa6 build/system_gd32vf103.o
                                        0x29b (size before relaxing)
 .debug_str     0x00000000000020b4       0x68 build/_exit.o
                                        0x20a (size before relaxing)
 .debug_str     0x000000000000211c       0x37 build/write_hex.o
                                        0x203 (size before relaxing)
 .debug_str     0x0000000000002153      0x746 build/n200_func.o
                                        0x9a7 (size before relaxing)
 .debug_str     0x0000000000002899       0x58 build/handlers.o
                                        0x600 (size before relaxing)
 .debug_str     0x00000000000028f1      0x3e7 build/init.o
                                        0x9d0 (size before relaxing)
 .debug_str     0x0000000000002cd8       0x10 build/adc.o
                                        0x4ab (size before relaxing)
 .debug_str     0x0000000000002ce8       0x61 build/eclicw.o
                                        0x632 (size before relaxing)
 .debug_str     0x0000000000002d49       0xb3 build/main.o
                                        0x2ff (size before relaxing)
 .debug_str     0x0000000000002dfc       0x48 build/servo.o
                                        0x5a6 (size before relaxing)
 .debug_str     0x0000000000002e44       0x37 build/start.o
                                         0x97 (size before relaxing)
 .debug_str     0x0000000000002e7b       0x2b build/entry.o
                                         0x97 (size before relaxing)
 .debug_str     0x0000000000002ea6        0xa build/drivers.o
                                         0x76 (size before relaxing)

.comment        0x0000000000000000       0x28
 .comment       0x0000000000000000       0x28 build/gd32vf103_adc.o
                                         0x29 (size before relaxing)
 .comment       0x0000000000000028       0x29 build/gd32vf103_gpio.o
 .comment       0x0000000000000028       0x29 build/gd32vf103_rcu.o
 .comment       0x0000000000000028       0x29 build/gd32vf103_timer.o
 .comment       0x0000000000000028       0x29 build/system_gd32vf103.o
 .comment       0x0000000000000028       0x29 build/_exit.o
 .comment       0x0000000000000028       0x29 build/write_hex.o
 .comment       0x0000000000000028       0x29 build/n200_func.o
 .comment       0x0000000000000028       0x29 build/handlers.o
 .comment       0x0000000000000028       0x29 build/init.o
 .comment       0x0000000000000028       0x29 build/adc.o
 .comment       0x0000000000000028       0x29 build/eclicw.o
 .comment       0x0000000000000028       0x29 build/main.o
 .comment       0x0000000000000028       0x29 build/servo.o
 .comment       0x0000000000000028       0x29 c:/users/karzan/downloads/toolchain-gd32v-v202-win/toolchain-gd32v-v202-win/compiler/bin/../lib/gcc/riscv64-unknown-elf/8.3.0/../../../../riscv64-unknown-elf/lib/rv32imac/ilp32\libc_nano.a(lib_a-atexit.o)
 .comment       0x0000000000000028       0x29 c:/users/karzan/downloads/toolchain-gd32v-v202-win/toolchain-gd32v-v202-win/compiler/bin/../lib/gcc/riscv64-unknown-elf/8.3.0/../../../../riscv64-unknown-elf/lib/rv32imac/ilp32\libc_nano.a(lib_a-exit.o)
 .comment       0x0000000000000028       0x29 c:/users/karzan/downloads/toolchain-gd32v-v202-win/toolchain-gd32v-v202-win/compiler/bin/../lib/gcc/riscv64-unknown-elf/8.3.0/../../../../riscv64-unknown-elf/lib/rv32imac/ilp32\libc_nano.a(lib_a-fini.o)
 .comment       0x0000000000000028       0x29 c:/users/karzan/downloads/toolchain-gd32v-v202-win/toolchain-gd32v-v202-win/compiler/bin/../lib/gcc/riscv64-unknown-elf/8.3.0/../../../../riscv64-unknown-elf/lib/rv32imac/ilp32\libc_nano.a(lib_a-impure.o)
 .comment       0x0000000000000028       0x29 c:/users/karzan/downloads/toolchain-gd32v-v202-win/toolchain-gd32v-v202-win/compiler/bin/../lib/gcc/riscv64-unknown-elf/8.3.0/../../../../riscv64-unknown-elf/lib/rv32imac/ilp32\libc_nano.a(lib_a-init.o)
 .comment       0x0000000000000028       0x29 c:/users/karzan/downloads/toolchain-gd32v-v202-win/toolchain-gd32v-v202-win/compiler/bin/../lib/gcc/riscv64-unknown-elf/8.3.0/../../../../riscv64-unknown-elf/lib/rv32imac/ilp32\libc_nano.a(lib_a-syswrite.o)
 .comment       0x0000000000000028       0x29 c:/users/karzan/downloads/toolchain-gd32v-v202-win/toolchain-gd32v-v202-win/compiler/bin/../lib/gcc/riscv64-unknown-elf/8.3.0/../../../../riscv64-unknown-elf/lib/rv32imac/ilp32\libc_nano.a(lib_a-writer.o)
 .comment       0x0000000000000028       0x29 c:/users/karzan/downloads/toolchain-gd32v-v202-win/toolchain-gd32v-v202-win/compiler/bin/../lib/gcc/riscv64-unknown-elf/8.3.0/../../../../riscv64-unknown-elf/lib/rv32imac/ilp32\libc_nano.a(lib_a-__atexit.o)
 .comment       0x0000000000000028       0x29 c:/users/karzan/downloads/toolchain-gd32v-v202-win/toolchain-gd32v-v202-win/compiler/bin/../lib/gcc/riscv64-unknown-elf/8.3.0/../../../../riscv64-unknown-elf/lib/rv32imac/ilp32\libc_nano.a(lib_a-__call_atexit.o)
 .comment       0x0000000000000028       0x29 c:/users/karzan/downloads/toolchain-gd32v-v202-win/toolchain-gd32v-v202-win/compiler/bin/../lib/gcc/riscv64-unknown-elf/8.3.0/../../../../riscv64-unknown-elf/lib/rv32imac/ilp32\libc_nano.a(lib_a-reent.o)
 .comment       0x0000000000000028       0x29 c:/users/karzan/downloads/toolchain-gd32v-v202-win/toolchain-gd32v-v202-win/compiler/bin/../lib/gcc/riscv64-unknown-elf/8.3.0/../../../../riscv64-unknown-elf/lib/rv32imac/ilp32\libgloss_nano.a(sys_write.o)
 .comment       0x0000000000000028       0x29 c:/users/karzan/downloads/toolchain-gd32v-v202-win/toolchain-gd32v-v202-win/compiler/bin/../lib/gcc/riscv64-unknown-elf/8.3.0/../../../../riscv64-unknown-elf/lib/rv32imac/ilp32\libc_nano.a(lib_a-errno.o)

.riscv.attributes
                0x0000000000000000       0x2b
 .riscv.attributes
                0x0000000000000000       0x2b build/gd32vf103_adc.o
 .riscv.attributes
                0x000000000000002b       0x2b build/gd32vf103_gpio.o
 .riscv.attributes
                0x0000000000000056       0x2b build/gd32vf103_rcu.o
 .riscv.attributes
                0x0000000000000081       0x2b build/gd32vf103_timer.o
 .riscv.attributes
                0x00000000000000ac       0x2b build/system_gd32vf103.o
 .riscv.attributes
                0x00000000000000d7       0x2b build/_exit.o
 .riscv.attributes
                0x0000000000000102       0x2b build/write_hex.o
 .riscv.attributes
                0x000000000000012d       0x2b build/n200_func.o
 .riscv.attributes
                0x0000000000000158       0x2b build/handlers.o
 .riscv.attributes
                0x0000000000000183       0x2b build/init.o
 .riscv.attributes
                0x00000000000001ae       0x2b build/adc.o
 .riscv.attributes
                0x00000000000001d9       0x2b build/eclicw.o
 .riscv.attributes
                0x0000000000000204       0x2b build/main.o
 .riscv.attributes
                0x000000000000022f       0x2b build/servo.o
 .riscv.attributes
                0x000000000000025a       0x29 build/start.o
 .riscv.attributes
                0x0000000000000283       0x29 build/entry.o
 .riscv.attributes
                0x00000000000002ac       0x29 build/drivers.o
 .riscv.attributes
                0x00000000000002d5       0x2b c:/users/karzan/downloads/toolchain-gd32v-v202-win/toolchain-gd32v-v202-win/compiler/bin/../lib/gcc/riscv64-unknown-elf/8.3.0/../../../../riscv64-unknown-elf/lib/rv32imac/ilp32\libc_nano.a(lib_a-atexit.o)
 .riscv.attributes
                0x0000000000000300       0x2b c:/users/karzan/downloads/toolchain-gd32v-v202-win/toolchain-gd32v-v202-win/compiler/bin/../lib/gcc/riscv64-unknown-elf/8.3.0/../../../../riscv64-unknown-elf/lib/rv32imac/ilp32\libc_nano.a(lib_a-exit.o)
 .riscv.attributes
                0x000000000000032b       0x2b c:/users/karzan/downloads/toolchain-gd32v-v202-win/toolchain-gd32v-v202-win/compiler/bin/../lib/gcc/riscv64-unknown-elf/8.3.0/../../../../riscv64-unknown-elf/lib/rv32imac/ilp32\libc_nano.a(lib_a-fini.o)
 .riscv.attributes
                0x0000000000000356       0x2b c:/users/karzan/downloads/toolchain-gd32v-v202-win/toolchain-gd32v-v202-win/compiler/bin/../lib/gcc/riscv64-unknown-elf/8.3.0/../../../../riscv64-unknown-elf/lib/rv32imac/ilp32\libc_nano.a(lib_a-impure.o)
 .riscv.attributes
                0x0000000000000381       0x2b c:/users/karzan/downloads/toolchain-gd32v-v202-win/toolchain-gd32v-v202-win/compiler/bin/../lib/gcc/riscv64-unknown-elf/8.3.0/../../../../riscv64-unknown-elf/lib/rv32imac/ilp32\libc_nano.a(lib_a-init.o)
 .riscv.attributes
                0x00000000000003ac       0x29 c:/users/karzan/downloads/toolchain-gd32v-v202-win/toolchain-gd32v-v202-win/compiler/bin/../lib/gcc/riscv64-unknown-elf/8.3.0/../../../../riscv64-unknown-elf/lib/rv32imac/ilp32\libc_nano.a(lib_a-memcpy-asm.o)
 .riscv.attributes
                0x00000000000003d5       0x2b c:/users/karzan/downloads/toolchain-gd32v-v202-win/toolchain-gd32v-v202-win/compiler/bin/../lib/gcc/riscv64-unknown-elf/8.3.0/../../../../riscv64-unknown-elf/lib/rv32imac/ilp32\libc_nano.a(lib_a-syswrite.o)
 .riscv.attributes
                0x0000000000000400       0x2b c:/users/karzan/downloads/toolchain-gd32v-v202-win/toolchain-gd32v-v202-win/compiler/bin/../lib/gcc/riscv64-unknown-elf/8.3.0/../../../../riscv64-unknown-elf/lib/rv32imac/ilp32\libc_nano.a(lib_a-writer.o)
 .riscv.attributes
                0x000000000000042b       0x2b c:/users/karzan/downloads/toolchain-gd32v-v202-win/toolchain-gd32v-v202-win/compiler/bin/../lib/gcc/riscv64-unknown-elf/8.3.0/../../../../riscv64-unknown-elf/lib/rv32imac/ilp32\libc_nano.a(lib_a-__atexit.o)
 .riscv.attributes
                0x0000000000000456       0x2b c:/users/karzan/downloads/toolchain-gd32v-v202-win/toolchain-gd32v-v202-win/compiler/bin/../lib/gcc/riscv64-unknown-elf/8.3.0/../../../../riscv64-unknown-elf/lib/rv32imac/ilp32\libc_nano.a(lib_a-__call_atexit.o)
 .riscv.attributes
                0x0000000000000481       0x2b c:/users/karzan/downloads/toolchain-gd32v-v202-win/toolchain-gd32v-v202-win/compiler/bin/../lib/gcc/riscv64-unknown-elf/8.3.0/../../../../riscv64-unknown-elf/lib/rv32imac/ilp32\libc_nano.a(lib_a-reent.o)
 .riscv.attributes
                0x00000000000004ac       0x2b c:/users/karzan/downloads/toolchain-gd32v-v202-win/toolchain-gd32v-v202-win/compiler/bin/../lib/gcc/riscv64-unknown-elf/8.3.0/../../../../riscv64-unknown-elf/lib/rv32imac/ilp32\libgloss_nano.a(sys_write.o)
 .riscv.attributes
                0x00000000000004d7       0x2b c:/users/karzan/downloads/toolchain-gd32v-v202-win/toolchain-gd32v-v202-win/compiler/bin/../lib/gcc/riscv64-unknown-elf/8.3.0/../../../../riscv64-unknown-elf/lib/rv32imac/ilp32\libc_nano.a(lib_a-errno.o)

.debug_frame    0x0000000000000000     0x11e0
 .debug_frame   0x0000000000000000      0x288 build/gd32vf103_adc.o
 .debug_frame   0x0000000000000288      0x144 build/gd32vf103_gpio.o
 .debug_frame   0x00000000000003cc      0x2e8 build/gd32vf103_rcu.o
 .debug_frame   0x00000000000006b4      0x504 build/gd32vf103_timer.o
 .debug_frame   0x0000000000000bb8       0x30 build/system_gd32vf103.o
 .debug_frame   0x0000000000000be8       0x2c build/_exit.o
 .debug_frame   0x0000000000000c14       0x50 build/write_hex.o
 .debug_frame   0x0000000000000c64      0x2dc build/n200_func.o
 .debug_frame   0x0000000000000f40       0x44 build/handlers.o
 .debug_frame   0x0000000000000f84       0x3c build/init.o
 .debug_frame   0x0000000000000fc0       0x38 build/adc.o
 .debug_frame   0x0000000000000ff8      0x114 build/eclicw.o
 .debug_frame   0x000000000000110c       0x48 build/main.o
 .debug_frame   0x0000000000001154       0x8c build/servo.o

Cross Reference Table

Symbol                                            File
ADC0_1_IRQHandler                                 build/start.o
ADC3powerUpInit                                   build/adc.o
                                                  build/main.o
BACK_COLOR                                        build/lcd.o
CAN0_EWMC_IRQHandler                              build/start.o
CAN0_RX0_IRQHandler                               build/start.o
CAN0_RX1_IRQHandler                               build/start.o
CAN0_TX_IRQHandler                                build/start.o
CAN1_EWMC_IRQHandler                              build/start.o
CAN1_RX0_IRQHandler                               build/start.o
CAN1_RX1_IRQHandler                               build/start.o
CAN1_TX_IRQHandler                                build/start.o
DAC0powerUpInit                                   build/dac.o
DAC0set                                           build/dac.o
DMA0_Channel0_IRQHandler                          build/start.o
DMA0_Channel1_IRQHandler                          build/start.o
DMA0_Channel2_IRQHandler                          build/start.o
DMA0_Channel3_IRQHandler                          build/start.o
DMA0_Channel4_IRQHandler                          build/start.o
DMA0_Channel5_IRQHandler                          build/start.o
DMA0_Channel6_IRQHandler                          build/start.o
DMA1_Channel0_IRQHandler                          build/start.o
DMA1_Channel1_IRQHandler                          build/start.o
DMA1_Channel2_IRQHandler                          build/start.o
DMA1_Channel3_IRQHandler                          build/start.o
DMA1_Channel4_IRQHandler                          build/start.o
Draw_Circle                                       build/lcd.o
EXMC_IRQHandler                                   build/start.o
EXTI0_IRQHandler                                  build/start.o
EXTI10_15_IRQHandler                              build/start.o
EXTI1_IRQHandler                                  build/start.o
EXTI2_IRQHandler                                  build/start.o
EXTI3_IRQHandler                                  build/start.o
EXTI4_IRQHandler                                  build/start.o
EXTI5_9_IRQHandler                                build/start.o
FMC_IRQHandler                                    build/start.o
Hzk16                                             build/lcd.o
Hzk32                                             build/lcd.o
I2C0_ER_IRQHandler                                build/start.o
I2C0_EV_IRQHandler                                build/start.o
I2C1_ER_IRQHandler                                build/start.o
I2C1_EV_IRQHandler                                build/start.o
LCD_Address_Set                                   build/lcd.o
LCD_Clear                                         build/lcd.o
LCD_DrawLine                                      build/lcd.o
LCD_DrawPoint                                     build/lcd.o
LCD_DrawPoint_big                                 build/lcd.o
LCD_DrawRectangle                                 build/lcd.o
LCD_Fill                                          build/lcd.o
LCD_ShowChar                                      build/lcd.o
LCD_ShowChinese                                   build/lcd.o
LCD_ShowNum                                       build/lcd.o
LCD_ShowNum1                                      build/lcd.o
LCD_ShowPicture                                   build/lcd.o
LCD_ShowStr                                       build/lcd.o
LCD_ShowString                                    build/lcd.o
LCD_WR_DATA                                       build/lcd.o
LCD_WR_DATA8                                      build/lcd.o
LCD_WR_Queue                                      build/lcd.o
LCD_WR_REG                                        build/lcd.o
LCD_Wait_On_Queue                                 build/lcd.o
LCD_Writ_Bus                                      build/lcd.o
LCD_Write_Bus                                     build/lcd.o
LVD_IRQHandler                                    build/start.o
Lcd_Init                                          build/lcd.o
Lcd_SetType                                       build/lcd.o
RCU_IRQHandler                                    build/start.o
RTC_Alarm_IRQHandler                              build/start.o
RTC_IRQHandler                                    build/start.o
SPI0_IRQHandler                                   build/start.o
SPI1_IRQHandler                                   build/start.o
SPI2_IRQHandler                                   build/start.o
SystemCoreClock                                   build/system_gd32vf103.o
                                                  build/lcd.o
                                                  build/n200_func.o
SystemCoreClockUpdate                             build/system_gd32vf103.o
SystemInit                                        build/system_gd32vf103.o
                                                  build/init.o
T1_init_PWM                                       build/servo.o
                                                  build/main.o
TAMPER_IRQHandler                                 build/start.o
TIMER0_BRK_IRQHandler                             build/start.o
TIMER0_Channel_IRQHandler                         build/start.o
TIMER0_TRG_CMT_IRQHandler                         build/start.o
TIMER0_UP_IRQHandler                              build/start.o
TIMER1_IRQHandler                                 build/start.o
TIMER2_IRQHandler                                 build/start.o
TIMER3_IRQHandler                                 build/start.o
TIMER4_IRQHandler                                 build/start.o
TIMER5_IRQHandler                                 build/start.o
TIMER6_IRQHandler                                 build/start.o
UART3_IRQHandler                                  build/start.o
UART4_IRQHandler                                  build/start.o
USART0_IRQHandler                                 build/eclicw.o
                                                  build/start.o
USART1_IRQHandler                                 build/start.o
USART2_IRQHandler                                 build/start.o
USBFS_IRQHandler                                  build/start.o
USBFS_WKUP_IRQHandler                             build/start.o
WWDGT_IRQHandler                                  build/start.o
__ashldi3                                         c:/users/karzan/downloads/toolchain-gd32v-v202-win/toolchain-gd32v-v202-win/compiler/bin/../lib/gcc/riscv64-unknown-elf/8.3.0/rv32imac/ilp32\libgcc.a(_ashldi3.o)
                                                  c:/users/karzan/downloads/toolchain-gd32v-v202-win/toolchain-gd32v-v202-win/compiler/bin/../lib/gcc/riscv64-unknown-elf/8.3.0/rv32imac/ilp32\libgcc.a(floatundidf.o)
__atexit_dummy                                    c:/users/karzan/downloads/toolchain-gd32v-v202-win/toolchain-gd32v-v202-win/compiler/bin/../lib/gcc/riscv64-unknown-elf/8.3.0/../../../../riscv64-unknown-elf/lib/rv32imac/ilp32\libc_nano.a(lib_a-__atexit.o)
__bss_start                                       build/start.o
__call_exitprocs                                  c:/users/karzan/downloads/toolchain-gd32v-v202-win/toolchain-gd32v-v202-win/compiler/bin/../lib/gcc/riscv64-unknown-elf/8.3.0/../../../../riscv64-unknown-elf/lib/rv32imac/ilp32\libc_nano.a(lib_a-__call_atexit.o)
                                                  c:/users/karzan/downloads/toolchain-gd32v-v202-win/toolchain-gd32v-v202-win/compiler/bin/../lib/gcc/riscv64-unknown-elf/8.3.0/../../../../riscv64-unknown-elf/lib/rv32imac/ilp32\libc_nano.a(lib_a-__atexit.o)
                                                  c:/users/karzan/downloads/toolchain-gd32v-v202-win/toolchain-gd32v-v202-win/compiler/bin/../lib/gcc/riscv64-unknown-elf/8.3.0/../../../../riscv64-unknown-elf/lib/rv32imac/ilp32\libc_nano.a(lib_a-exit.o)
__clz_tab                                         c:/users/karzan/downloads/toolchain-gd32v-v202-win/toolchain-gd32v-v202-win/compiler/bin/../lib/gcc/riscv64-unknown-elf/8.3.0/rv32imac/ilp32\libgcc.a(_clz.o)
                                                  c:/users/karzan/downloads/toolchain-gd32v-v202-win/toolchain-gd32v-v202-win/compiler/bin/../lib/gcc/riscv64-unknown-elf/8.3.0/rv32imac/ilp32\libgcc.a(_clzsi2.o)
__clzsi2                                          c:/users/karzan/downloads/toolchain-gd32v-v202-win/toolchain-gd32v-v202-win/compiler/bin/../lib/gcc/riscv64-unknown-elf/8.3.0/rv32imac/ilp32\libgcc.a(_clzsi2.o)
                                                  c:/users/karzan/downloads/toolchain-gd32v-v202-win/toolchain-gd32v-v202-win/compiler/bin/../lib/gcc/riscv64-unknown-elf/8.3.0/rv32imac/ilp32\libgcc.a(mulsf3.o)
                                                  c:/users/karzan/downloads/toolchain-gd32v-v202-win/toolchain-gd32v-v202-win/compiler/bin/../lib/gcc/riscv64-unknown-elf/8.3.0/rv32imac/ilp32\libgcc.a(floatundidf.o)
                                                  c:/users/karzan/downloads/toolchain-gd32v-v202-win/toolchain-gd32v-v202-win/compiler/bin/../lib/gcc/riscv64-unknown-elf/8.3.0/rv32imac/ilp32\libgcc.a(floatunsidf.o)
                                                  c:/users/karzan/downloads/toolchain-gd32v-v202-win/toolchain-gd32v-v202-win/compiler/bin/../lib/gcc/riscv64-unknown-elf/8.3.0/rv32imac/ilp32\libgcc.a(muldf3.o)
                                                  c:/users/karzan/downloads/toolchain-gd32v-v202-win/toolchain-gd32v-v202-win/compiler/bin/../lib/gcc/riscv64-unknown-elf/8.3.0/rv32imac/ilp32\libgcc.a(divdf3.o)
__divdf3                                          c:/users/karzan/downloads/toolchain-gd32v-v202-win/toolchain-gd32v-v202-win/compiler/bin/../lib/gcc/riscv64-unknown-elf/8.3.0/rv32imac/ilp32\libgcc.a(divdf3.o)
                                                  build/lcd.o
__errno                                           c:/users/karzan/downloads/toolchain-gd32v-v202-win/toolchain-gd32v-v202-win/compiler/bin/../lib/gcc/riscv64-unknown-elf/8.3.0/../../../../riscv64-unknown-elf/lib/rv32imac/ilp32\libc_nano.a(lib_a-errno.o)
                                                  c:/users/karzan/downloads/toolchain-gd32v-v202-win/toolchain-gd32v-v202-win/compiler/bin/../lib/gcc/riscv64-unknown-elf/8.3.0/../../../../riscv64-unknown-elf/lib/rv32imac/ilp32\libgloss_nano.a(sys_write.o)
__fini_array_end                                  c:/users/karzan/downloads/toolchain-gd32v-v202-win/toolchain-gd32v-v202-win/compiler/bin/../lib/gcc/riscv64-unknown-elf/8.3.0/../../../../riscv64-unknown-elf/lib/rv32imac/ilp32\libc_nano.a(lib_a-fini.o)
__fini_array_start                                c:/users/karzan/downloads/toolchain-gd32v-v202-win/toolchain-gd32v-v202-win/compiler/bin/../lib/gcc/riscv64-unknown-elf/8.3.0/../../../../riscv64-unknown-elf/lib/rv32imac/ilp32\libc_nano.a(lib_a-fini.o)
__fixunssfsi                                      c:/users/karzan/downloads/toolchain-gd32v-v202-win/toolchain-gd32v-v202-win/compiler/bin/../lib/gcc/riscv64-unknown-elf/8.3.0/rv32imac/ilp32\libgcc.a(fixunssfsi.o)
                                                  build/lcd.o
__floatundidf                                     c:/users/karzan/downloads/toolchain-gd32v-v202-win/toolchain-gd32v-v202-win/compiler/bin/../lib/gcc/riscv64-unknown-elf/8.3.0/rv32imac/ilp32\libgcc.a(floatundidf.o)
                                                  build/lcd.o
__floatunsidf                                     c:/users/karzan/downloads/toolchain-gd32v-v202-win/toolchain-gd32v-v202-win/compiler/bin/../lib/gcc/riscv64-unknown-elf/8.3.0/rv32imac/ilp32\libgcc.a(floatunsidf.o)
                                                  build/lcd.o
__global_pointer$                                 build/start.o
__init_array_end                                  c:/users/karzan/downloads/toolchain-gd32v-v202-win/toolchain-gd32v-v202-win/compiler/bin/../lib/gcc/riscv64-unknown-elf/8.3.0/../../../../riscv64-unknown-elf/lib/rv32imac/ilp32\libc_nano.a(lib_a-init.o)
__init_array_start                                c:/users/karzan/downloads/toolchain-gd32v-v202-win/toolchain-gd32v-v202-win/compiler/bin/../lib/gcc/riscv64-unknown-elf/8.3.0/../../../../riscv64-unknown-elf/lib/rv32imac/ilp32\libc_nano.a(lib_a-init.o)
__init_servo                                      build/servo.o
                                                  build/main.o
__ledf2                                           c:/users/karzan/downloads/toolchain-gd32v-v202-win/toolchain-gd32v-v202-win/compiler/bin/../lib/gcc/riscv64-unknown-elf/8.3.0/rv32imac/ilp32\libgcc.a(ledf2.o)
__libc_fini_array                                 c:/users/karzan/downloads/toolchain-gd32v-v202-win/toolchain-gd32v-v202-win/compiler/bin/../lib/gcc/riscv64-unknown-elf/8.3.0/../../../../riscv64-unknown-elf/lib/rv32imac/ilp32\libc_nano.a(lib_a-fini.o)
                                                  build/start.o
__libc_init_array                                 c:/users/karzan/downloads/toolchain-gd32v-v202-win/toolchain-gd32v-v202-win/compiler/bin/../lib/gcc/riscv64-unknown-elf/8.3.0/../../../../riscv64-unknown-elf/lib/rv32imac/ilp32\libc_nano.a(lib_a-init.o)
                                                  build/start.o
__lshrdi3                                         c:/users/karzan/downloads/toolchain-gd32v-v202-win/toolchain-gd32v-v202-win/compiler/bin/../lib/gcc/riscv64-unknown-elf/8.3.0/rv32imac/ilp32\libgcc.a(_lshrdi3.o)
                                                  c:/users/karzan/downloads/toolchain-gd32v-v202-win/toolchain-gd32v-v202-win/compiler/bin/../lib/gcc/riscv64-unknown-elf/8.3.0/rv32imac/ilp32\libgcc.a(floatundidf.o)
__ltdf2                                           c:/users/karzan/downloads/toolchain-gd32v-v202-win/toolchain-gd32v-v202-win/compiler/bin/../lib/gcc/riscv64-unknown-elf/8.3.0/rv32imac/ilp32\libgcc.a(ledf2.o)
                                                  build/lcd.o
__malloc_free_list                                c:/users/karzan/downloads/toolchain-gd32v-v202-win/toolchain-gd32v-v202-win/compiler/bin/../lib/gcc/riscv64-unknown-elf/8.3.0/../../../../riscv64-unknown-elf/lib/rv32imac/ilp32\libc_nano.a(lib_a-nano-mallocr.o)
                                                  c:/users/karzan/downloads/toolchain-gd32v-v202-win/toolchain-gd32v-v202-win/compiler/bin/../lib/gcc/riscv64-unknown-elf/8.3.0/../../../../riscv64-unknown-elf/lib/rv32imac/ilp32\libc_nano.a(lib_a-nano-freer.o)
__malloc_lock                                     c:/users/karzan/downloads/toolchain-gd32v-v202-win/toolchain-gd32v-v202-win/compiler/bin/../lib/gcc/riscv64-unknown-elf/8.3.0/../../../../riscv64-unknown-elf/lib/rv32imac/ilp32\libc_nano.a(lib_a-mlock.o)
                                                  c:/users/karzan/downloads/toolchain-gd32v-v202-win/toolchain-gd32v-v202-win/compiler/bin/../lib/gcc/riscv64-unknown-elf/8.3.0/../../../../riscv64-unknown-elf/lib/rv32imac/ilp32\libc_nano.a(lib_a-nano-mallocr.o)
                                                  c:/users/karzan/downloads/toolchain-gd32v-v202-win/toolchain-gd32v-v202-win/compiler/bin/../lib/gcc/riscv64-unknown-elf/8.3.0/../../../../riscv64-unknown-elf/lib/rv32imac/ilp32\libc_nano.a(lib_a-nano-freer.o)
__malloc_sbrk_start                               c:/users/karzan/downloads/toolchain-gd32v-v202-win/toolchain-gd32v-v202-win/compiler/bin/../lib/gcc/riscv64-unknown-elf/8.3.0/../../../../riscv64-unknown-elf/lib/rv32imac/ilp32\libc_nano.a(lib_a-nano-mallocr.o)
__malloc_unlock                                   c:/users/karzan/downloads/toolchain-gd32v-v202-win/toolchain-gd32v-v202-win/compiler/bin/../lib/gcc/riscv64-unknown-elf/8.3.0/../../../../riscv64-unknown-elf/lib/rv32imac/ilp32\libc_nano.a(lib_a-mlock.o)
                                                  c:/users/karzan/downloads/toolchain-gd32v-v202-win/toolchain-gd32v-v202-win/compiler/bin/../lib/gcc/riscv64-unknown-elf/8.3.0/../../../../riscv64-unknown-elf/lib/rv32imac/ilp32\libc_nano.a(lib_a-nano-mallocr.o)
                                                  c:/users/karzan/downloads/toolchain-gd32v-v202-win/toolchain-gd32v-v202-win/compiler/bin/../lib/gcc/riscv64-unknown-elf/8.3.0/../../../../riscv64-unknown-elf/lib/rv32imac/ilp32\libc_nano.a(lib_a-nano-freer.o)
__muldf3                                          c:/users/karzan/downloads/toolchain-gd32v-v202-win/toolchain-gd32v-v202-win/compiler/bin/../lib/gcc/riscv64-unknown-elf/8.3.0/rv32imac/ilp32\libgcc.a(muldf3.o)
                                                  build/lcd.o
__mulsf3                                          c:/users/karzan/downloads/toolchain-gd32v-v202-win/toolchain-gd32v-v202-win/compiler/bin/../lib/gcc/riscv64-unknown-elf/8.3.0/rv32imac/ilp32\libgcc.a(mulsf3.o)
                                                  build/lcd.o
__on_exit_args                                    c:/users/karzan/downloads/toolchain-gd32v-v202-win/toolchain-gd32v-v202-win/compiler/bin/../lib/gcc/riscv64-unknown-elf/8.3.0/../../../../riscv64-unknown-elf/lib/rv32imac/ilp32\libc_nano.a(lib_a-__atexit.o)
__preinit_array_end                               c:/users/karzan/downloads/toolchain-gd32v-v202-win/toolchain-gd32v-v202-win/compiler/bin/../lib/gcc/riscv64-unknown-elf/8.3.0/../../../../riscv64-unknown-elf/lib/rv32imac/ilp32\libc_nano.a(lib_a-init.o)
__preinit_array_start                             c:/users/karzan/downloads/toolchain-gd32v-v202-win/toolchain-gd32v-v202-win/compiler/bin/../lib/gcc/riscv64-unknown-elf/8.3.0/../../../../riscv64-unknown-elf/lib/rv32imac/ilp32\libc_nano.a(lib_a-init.o)
__register_exitproc                               c:/users/karzan/downloads/toolchain-gd32v-v202-win/toolchain-gd32v-v202-win/compiler/bin/../lib/gcc/riscv64-unknown-elf/8.3.0/../../../../riscv64-unknown-elf/lib/rv32imac/ilp32\libc_nano.a(lib_a-__atexit.o)
                                                  c:/users/karzan/downloads/toolchain-gd32v-v202-win/toolchain-gd32v-v202-win/compiler/bin/../lib/gcc/riscv64-unknown-elf/8.3.0/../../../../riscv64-unknown-elf/lib/rv32imac/ilp32\libc_nano.a(lib_a-atexit.o)
__sf_fake_stderr                                  c:/users/karzan/downloads/toolchain-gd32v-v202-win/toolchain-gd32v-v202-win/compiler/bin/../lib/gcc/riscv64-unknown-elf/8.3.0/../../../../riscv64-unknown-elf/lib/rv32imac/ilp32\libc_nano.a(lib_a-impure.o)
__sf_fake_stdin                                   c:/users/karzan/downloads/toolchain-gd32v-v202-win/toolchain-gd32v-v202-win/compiler/bin/../lib/gcc/riscv64-unknown-elf/8.3.0/../../../../riscv64-unknown-elf/lib/rv32imac/ilp32\libc_nano.a(lib_a-impure.o)
__sf_fake_stdout                                  c:/users/karzan/downloads/toolchain-gd32v-v202-win/toolchain-gd32v-v202-win/compiler/bin/../lib/gcc/riscv64-unknown-elf/8.3.0/../../../../riscv64-unknown-elf/lib/rv32imac/ilp32\libc_nano.a(lib_a-impure.o)
_close                                            build/close.o
_data                                             build/start.o
_data_lma                                         build/start.o
_edata                                            build/start.o
_end                                              build/start.o
                                                  build/sbrk.o
_exit                                             build/_exit.o
                                                  c:/users/karzan/downloads/toolchain-gd32v-v202-win/toolchain-gd32v-v202-win/compiler/bin/../lib/gcc/riscv64-unknown-elf/8.3.0/../../../../riscv64-unknown-elf/lib/rv32imac/ilp32\libc_nano.a(lib_a-exit.o)
                                                  build/handlers.o
_fini                                             build/init.o
_free_r                                           c:/users/karzan/downloads/toolchain-gd32v-v202-win/toolchain-gd32v-v202-win/compiler/bin/../lib/gcc/riscv64-unknown-elf/8.3.0/../../../../riscv64-unknown-elf/lib/rv32imac/ilp32\libc_nano.a(lib_a-nano-freer.o)
                                                  c:/users/karzan/downloads/toolchain-gd32v-v202-win/toolchain-gd32v-v202-win/compiler/bin/../lib/gcc/riscv64-unknown-elf/8.3.0/../../../../riscv64-unknown-elf/lib/rv32imac/ilp32\libc_nano.a(lib_a-reent.o)
_fstat                                            build/fstat.o
_global_atexit                                    c:/users/karzan/downloads/toolchain-gd32v-v202-win/toolchain-gd32v-v202-win/compiler/bin/../lib/gcc/riscv64-unknown-elf/8.3.0/../../../../riscv64-unknown-elf/lib/rv32imac/ilp32\libc_nano.a(lib_a-__call_atexit.o)
                                                  c:/users/karzan/downloads/toolchain-gd32v-v202-win/toolchain-gd32v-v202-win/compiler/bin/../lib/gcc/riscv64-unknown-elf/8.3.0/../../../../riscv64-unknown-elf/lib/rv32imac/ilp32\libc_nano.a(lib_a-__atexit.o)
_global_impure_ptr                                c:/users/karzan/downloads/toolchain-gd32v-v202-win/toolchain-gd32v-v202-win/compiler/bin/../lib/gcc/riscv64-unknown-elf/8.3.0/../../../../riscv64-unknown-elf/lib/rv32imac/ilp32\libc_nano.a(lib_a-impure.o)
                                                  c:/users/karzan/downloads/toolchain-gd32v-v202-win/toolchain-gd32v-v202-win/compiler/bin/../lib/gcc/riscv64-unknown-elf/8.3.0/../../../../riscv64-unknown-elf/lib/rv32imac/ilp32\libc_nano.a(lib_a-exit.o)
_heap_end                                         build/sbrk.o
_impure_ptr                                       c:/users/karzan/downloads/toolchain-gd32v-v202-win/toolchain-gd32v-v202-win/compiler/bin/../lib/gcc/riscv64-unknown-elf/8.3.0/../../../../riscv64-unknown-elf/lib/rv32imac/ilp32\libc_nano.a(lib_a-impure.o)
                                                  c:/users/karzan/downloads/toolchain-gd32v-v202-win/toolchain-gd32v-v202-win/compiler/bin/../lib/gcc/riscv64-unknown-elf/8.3.0/../../../../riscv64-unknown-elf/lib/rv32imac/ilp32\libc_nano.a(lib_a-errno.o)
                                                  c:/users/karzan/downloads/toolchain-gd32v-v202-win/toolchain-gd32v-v202-win/compiler/bin/../lib/gcc/riscv64-unknown-elf/8.3.0/../../../../riscv64-unknown-elf/lib/rv32imac/ilp32\libc_nano.a(lib_a-reent.o)
                                                  c:/users/karzan/downloads/toolchain-gd32v-v202-win/toolchain-gd32v-v202-win/compiler/bin/../lib/gcc/riscv64-unknown-elf/8.3.0/../../../../riscv64-unknown-elf/lib/rv32imac/ilp32\libc_nano.a(lib_a-syswrite.o)
_init                                             build/init.o
                                                  build/start.o
_isatty                                           build/isatty.o
                                                  c:/users/karzan/downloads/toolchain-gd32v-v202-win/toolchain-gd32v-v202-win/compiler/bin/../lib/gcc/riscv64-unknown-elf/8.3.0/../../../../riscv64-unknown-elf/lib/rv32imac/ilp32\libc_nano.a(lib_a-sysisatty.o)
_lseek                                            build/lseek.o
_malloc_r                                         c:/users/karzan/downloads/toolchain-gd32v-v202-win/toolchain-gd32v-v202-win/compiler/bin/../lib/gcc/riscv64-unknown-elf/8.3.0/../../../../riscv64-unknown-elf/lib/rv32imac/ilp32\libc_nano.a(lib_a-nano-mallocr.o)
_put_char                                         build/write.o
_read                                             build/read.o
_reclaim_reent                                    c:/users/karzan/downloads/toolchain-gd32v-v202-win/toolchain-gd32v-v202-win/compiler/bin/../lib/gcc/riscv64-unknown-elf/8.3.0/../../../../riscv64-unknown-elf/lib/rv32imac/ilp32\libc_nano.a(lib_a-reent.o)
_sbrk                                             build/sbrk.o
                                                  c:/users/karzan/downloads/toolchain-gd32v-v202-win/toolchain-gd32v-v202-win/compiler/bin/../lib/gcc/riscv64-unknown-elf/8.3.0/../../../../riscv64-unknown-elf/lib/rv32imac/ilp32\libc_nano.a(lib_a-sbrkr.o)
_sbrk_r                                           c:/users/karzan/downloads/toolchain-gd32v-v202-win/toolchain-gd32v-v202-win/compiler/bin/../lib/gcc/riscv64-unknown-elf/8.3.0/../../../../riscv64-unknown-elf/lib/rv32imac/ilp32\libc_nano.a(lib_a-sbrkr.o)
                                                  c:/users/karzan/downloads/toolchain-gd32v-v202-win/toolchain-gd32v-v202-win/compiler/bin/../lib/gcc/riscv64-unknown-elf/8.3.0/../../../../riscv64-unknown-elf/lib/rv32imac/ilp32\libc_nano.a(lib_a-nano-mallocr.o)
_sp                                               build/start.o
_start                                            build/start.o
_write                                            c:/users/karzan/downloads/toolchain-gd32v-v202-win/toolchain-gd32v-v202-win/compiler/bin/../lib/gcc/riscv64-unknown-elf/8.3.0/../../../../riscv64-unknown-elf/lib/rv32imac/ilp32\libgloss_nano.a(sys_write.o)
                                                  c:/users/karzan/downloads/toolchain-gd32v-v202-win/toolchain-gd32v-v202-win/compiler/bin/../lib/gcc/riscv64-unknown-elf/8.3.0/../../../../riscv64-unknown-elf/lib/rv32imac/ilp32\libc_nano.a(lib_a-writer.o)
_write_r                                          c:/users/karzan/downloads/toolchain-gd32v-v202-win/toolchain-gd32v-v202-win/compiler/bin/../lib/gcc/riscv64-unknown-elf/8.3.0/../../../../riscv64-unknown-elf/lib/rv32imac/ilp32\libc_nano.a(lib_a-writer.o)
                                                  c:/users/karzan/downloads/toolchain-gd32v-v202-win/toolchain-gd32v-v202-win/compiler/bin/../lib/gcc/riscv64-unknown-elf/8.3.0/../../../../riscv64-unknown-elf/lib/rv32imac/ilp32\libc_nano.a(lib_a-syswrite.o)
adc_calibration_enable                            build/gd32vf103_adc.o
                                                  build/adc.o
adc_channel_length_config                         build/gd32vf103_adc.o
                                                  build/adc.o
adc_data_alignment_config                         build/gd32vf103_adc.o
                                                  build/adc.o
adc_deinit                                        build/gd32vf103_adc.o
                                                  build/adc.o
adc_disable                                       build/gd32vf103_adc.o
adc_discontinuous_mode_config                     build/gd32vf103_adc.o
adc_dma_mode_disable                              build/gd32vf103_adc.o
adc_dma_mode_enable                               build/gd32vf103_adc.o
adc_enable                                        build/gd32vf103_adc.o
                                                  build/adc.o
adc_external_trigger_config                       build/gd32vf103_adc.o
                                                  build/adc.o
adc_external_trigger_source_config                build/gd32vf103_adc.o
                                                  build/adc.o
adc_flag_clear                                    build/gd32vf103_adc.o
                                                  build/main.o
adc_flag_get                                      build/gd32vf103_adc.o
                                                  build/main.o
adc_inserted_channel_config                       build/gd32vf103_adc.o
                                                  build/adc.o
adc_inserted_channel_offset_config                build/gd32vf103_adc.o
adc_inserted_data_read                            build/gd32vf103_adc.o
adc_inserted_software_startconv_flag_get          build/gd32vf103_adc.o
adc_interrupt_disable                             build/gd32vf103_adc.o
adc_interrupt_enable                              build/gd32vf103_adc.o
adc_interrupt_flag_clear                          build/gd32vf103_adc.o
adc_interrupt_flag_get                            build/gd32vf103_adc.o
adc_mode_config                                   build/gd32vf103_adc.o
                                                  build/adc.o
adc_oversample_mode_config                        build/gd32vf103_adc.o
adc_oversample_mode_disable                       build/gd32vf103_adc.o
adc_oversample_mode_enable                        build/gd32vf103_adc.o
adc_regular_channel_config                        build/gd32vf103_adc.o
                                                  build/adc.o
adc_regular_data_read                             build/gd32vf103_adc.o
                                                  build/main.o
adc_regular_software_startconv_flag_get           build/gd32vf103_adc.o
adc_resolution_config                             build/gd32vf103_adc.o
adc_software_trigger_enable                       build/gd32vf103_adc.o
                                                  build/main.o
                                                  build/adc.o
adc_special_function_config                       build/gd32vf103_adc.o
                                                  build/adc.o
adc_sync_mode_convert_value_read                  build/gd32vf103_adc.o
adc_tempsensor_vrefint_disable                    build/gd32vf103_adc.o
adc_tempsensor_vrefint_enable                     build/gd32vf103_adc.o
                                                  build/adc.o
adc_watchdog_disable                              build/gd32vf103_adc.o
adc_watchdog_group_channel_enable                 build/gd32vf103_adc.o
adc_watchdog_single_channel_enable                build/gd32vf103_adc.o
adc_watchdog_threshold_config                     build/gd32vf103_adc.o
asc2_1608                                         build/lcd.o
atexit                                            c:/users/karzan/downloads/toolchain-gd32v-v202-win/toolchain-gd32v-v202-win/compiler/bin/../lib/gcc/riscv64-unknown-elf/8.3.0/../../../../riscv64-unknown-elf/lib/rv32imac/ilp32\libc_nano.a(lib_a-atexit.o)
                                                  build/start.o
bkp_data_read                                     build/gd32vf103_bkp.o
bkp_data_write                                    build/gd32vf103_bkp.o
bkp_deinit                                        build/gd32vf103_bkp.o
bkp_flag_clear                                    build/gd32vf103_bkp.o
bkp_flag_get                                      build/gd32vf103_bkp.o
bkp_interrupt_disable                             build/gd32vf103_bkp.o
bkp_interrupt_enable                              build/gd32vf103_bkp.o
bkp_interrupt_flag_clear                          build/gd32vf103_bkp.o
bkp_interrupt_flag_get                            build/gd32vf103_bkp.o
bkp_rtc_calibration_output_disable                build/gd32vf103_bkp.o
bkp_rtc_calibration_output_enable                 build/gd32vf103_bkp.o
bkp_rtc_calibration_value_set                     build/gd32vf103_bkp.o
bkp_rtc_output_select                             build/gd32vf103_bkp.o
bkp_rtc_signal_output_disable                     build/gd32vf103_bkp.o
bkp_rtc_signal_output_enable                      build/gd32vf103_bkp.o
bkp_tamper_active_level_set                       build/gd32vf103_bkp.o
bkp_tamper_detection_disable                      build/gd32vf103_bkp.o
bkp_tamper_detection_enable                       build/gd32vf103_bkp.o
can1_filter_start_bank                            build/gd32vf103_can.o
can_debug_freeze_disable                          build/gd32vf103_can.o
can_debug_freeze_enable                           build/gd32vf103_can.o
can_deinit                                        build/gd32vf103_can.o
can_error_get                                     build/gd32vf103_can.o
can_fifo_release                                  build/gd32vf103_can.o
can_filter_init                                   build/gd32vf103_can.o
can_flag_clear                                    build/gd32vf103_can.o
can_flag_get                                      build/gd32vf103_can.o
can_init                                          build/gd32vf103_can.o
can_interrupt_disable                             build/gd32vf103_can.o
can_interrupt_enable                              build/gd32vf103_can.o
can_interrupt_flag_clear                          build/gd32vf103_can.o
can_interrupt_flag_get                            build/gd32vf103_can.o
can_message_receive                               build/gd32vf103_can.o
can_message_transmit                              build/gd32vf103_can.o
can_receive_error_number_get                      build/gd32vf103_can.o
can_receive_message_length_get                    build/gd32vf103_can.o
can_struct_para_init                              build/gd32vf103_can.o
can_time_trigger_mode_disable                     build/gd32vf103_can.o
can_time_trigger_mode_enable                      build/gd32vf103_can.o
can_transmission_stop                             build/gd32vf103_can.o
can_transmit_error_number_get                     build/gd32vf103_can.o
can_transmit_states                               build/gd32vf103_can.o
can_wakeup                                        build/gd32vf103_can.o
can_working_mode_set                              build/gd32vf103_can.o
cleanup_glue                                      c:/users/karzan/downloads/toolchain-gd32v-v202-win/toolchain-gd32v-v202-win/compiler/bin/../lib/gcc/riscv64-unknown-elf/8.3.0/../../../../riscv64-unknown-elf/lib/rv32imac/ilp32\libc_nano.a(lib_a-reent.o)
colinit                                           build/drivers.o
                                                  build/main.o
colset                                            build/drivers.o
                                                  build/main.o
crc_block_data_calculate                          build/gd32vf103_crc.o
crc_data_register_read                            build/gd32vf103_crc.o
crc_data_register_reset                           build/gd32vf103_crc.o
crc_deinit                                        build/gd32vf103_crc.o
crc_free_data_register_read                       build/gd32vf103_crc.o
crc_free_data_register_write                      build/gd32vf103_crc.o
crc_single_data_calculate                         build/gd32vf103_crc.o
dac_concurrent_data_set                           build/gd32vf103_dac.o
dac_concurrent_disable                            build/gd32vf103_dac.o
dac_concurrent_enable                             build/gd32vf103_dac.o
dac_concurrent_output_buffer_disable              build/gd32vf103_dac.o
dac_concurrent_output_buffer_enable               build/gd32vf103_dac.o
dac_concurrent_software_trigger_disable           build/gd32vf103_dac.o
dac_concurrent_software_trigger_enable            build/gd32vf103_dac.o
dac_data_set                                      build/gd32vf103_dac.o
                                                  build/dac.o
dac_deinit                                        build/gd32vf103_dac.o
                                                  build/dac.o
dac_disable                                       build/gd32vf103_dac.o
dac_dma_disable                                   build/gd32vf103_dac.o
dac_dma_enable                                    build/gd32vf103_dac.o
dac_enable                                        build/gd32vf103_dac.o
                                                  build/dac.o
dac_lfsr_noise_config                             build/gd32vf103_dac.o
dac_output_buffer_disable                         build/gd32vf103_dac.o
dac_output_buffer_enable                          build/gd32vf103_dac.o
                                                  build/dac.o
dac_output_value_get                              build/gd32vf103_dac.o
dac_software_trigger_disable                      build/gd32vf103_dac.o
dac_software_trigger_enable                       build/gd32vf103_dac.o
dac_triangle_noise_config                         build/gd32vf103_dac.o
dac_trigger_disable                               build/gd32vf103_dac.o
                                                  build/dac.o
dac_trigger_enable                                build/gd32vf103_dac.o
dac_trigger_source_config                         build/gd32vf103_dac.o
dac_wave_bit_width_config                         build/gd32vf103_dac.o
dac_wave_mode_config                              build/gd32vf103_dac.o
                                                  build/dac.o
dbg_id_get                                        build/gd32vf103_dbg.o
dbg_low_power_disable                             build/gd32vf103_dbg.o
dbg_low_power_enable                              build/gd32vf103_dbg.o
dbg_periph_disable                                build/gd32vf103_dbg.o
                                                  build/gd32vf103_can.o
dbg_periph_enable                                 build/gd32vf103_dbg.o
                                                  build/gd32vf103_can.o
disable_mcycle_minstret                           build/start.o
                                                  build/init.o
dma_channel_disable                               build/gd32vf103_dma.o
dma_channel_enable                                build/gd32vf103_dma.o
dma_circulation_disable                           build/gd32vf103_dma.o
dma_circulation_enable                            build/gd32vf103_dma.o
dma_deinit                                        build/gd32vf103_dma.o
dma_flag_clear                                    build/gd32vf103_dma.o
dma_flag_get                                      build/gd32vf103_dma.o
dma_init                                          build/gd32vf103_dma.o
dma_interrupt_disable                             build/gd32vf103_dma.o
dma_interrupt_enable                              build/gd32vf103_dma.o
dma_interrupt_flag_clear                          build/gd32vf103_dma.o
dma_interrupt_flag_get                            build/gd32vf103_dma.o
dma_memory_address_config                         build/gd32vf103_dma.o
dma_memory_increase_disable                       build/gd32vf103_dma.o
dma_memory_increase_enable                        build/gd32vf103_dma.o
dma_memory_to_memory_disable                      build/gd32vf103_dma.o
dma_memory_to_memory_enable                       build/gd32vf103_dma.o
dma_memory_width_config                           build/gd32vf103_dma.o
dma_periph_address_config                         build/gd32vf103_dma.o
dma_periph_increase_disable                       build/gd32vf103_dma.o
dma_periph_increase_enable                        build/gd32vf103_dma.o
dma_periph_width_config                           build/gd32vf103_dma.o
dma_priority_config                               build/gd32vf103_dma.o
dma_struct_para_init                              build/gd32vf103_dma.o
dma_transfer_direction_config                     build/gd32vf103_dma.o
dma_transfer_number_config                        build/gd32vf103_dma.o
dma_transfer_number_get                           build/gd32vf103_dma.o
eclic_bwei_handler                                build/start.o
eclic_clear_pending                               build/n200_func.o
eclic_disable_interrupt                           build/n200_func.o
                                                  build/gd32vf103_eclic.o
eclic_enable_interrupt                            build/n200_func.o
                                                  build/eclicw.o
                                                  build/gd32vf103_eclic.o
eclic_get_cliccfg                                 build/n200_func.o
eclic_get_intattr                                 build/n200_func.o
eclic_get_intctrl                                 build/n200_func.o
eclic_get_irq_lvl                                 build/n200_func.o
eclic_get_irq_lvl_abs                             build/n200_func.o
eclic_get_irq_priority                            build/n200_func.o
eclic_get_mth                                     build/n200_func.o
eclic_get_nlbits                                  build/n200_func.o
eclic_global_interrupt_disable                    build/gd32vf103_eclic.o
eclic_global_interrupt_enable                     build/gd32vf103_eclic.o
eclic_init                                        build/n200_func.o
                                                  build/eclicw.o
                                                  build/init.o
eclic_irq_disable                                 build/gd32vf103_eclic.o
eclic_irq_enable                                  build/gd32vf103_eclic.o
eclic_mode_enable                                 build/n200_func.o
                                                  build/eclicw.o
                                                  build/init.o
eclic_msip_handler                                build/start.o
eclic_mtip_handler                                build/eclicw.o
                                                  build/start.o
eclic_pmovi_handler                               build/start.o
eclic_priority_group_set                          build/gd32vf103_eclic.o
eclic_send_event                                  build/gd32vf103_eclic.o
eclic_set_cliccfg                                 build/n200_func.o
eclic_set_intattr                                 build/n200_func.o
eclic_set_intctrl                                 build/n200_func.o
eclic_set_irq_lvl                                 build/n200_func.o
eclic_set_irq_lvl_abs                             build/n200_func.o
                                                  build/eclicw.o
                                                  build/gd32vf103_eclic.o
eclic_set_irq_priority                            build/n200_func.o
                                                  build/eclicw.o
                                                  build/gd32vf103_eclic.o
eclic_set_level_trig                              build/n200_func.o
eclic_set_mth                                     build/n200_func.o
eclic_set_negedge_trig                            build/n200_func.o
eclic_set_nlbits                                  build/n200_func.o
                                                  build/gd32vf103_eclic.o
eclic_set_nonvmode                                build/n200_func.o
eclic_set_pending                                 build/n200_func.o
eclic_set_posedge_trig                            build/n200_func.o
eclic_set_vmode                                   build/n200_func.o
                                                  build/eclicw.o
eclic_system_reset                                build/gd32vf103_eclic.o
eclicw_enable                                     build/eclicw.o
                                                  build/usart.o
enable_mcycle_minstret                            build/start.o
errno                                             c:/users/karzan/downloads/toolchain-gd32v-v202-win/toolchain-gd32v-v202-win/compiler/bin/../lib/gcc/riscv64-unknown-elf/8.3.0/../../../../riscv64-unknown-elf/lib/rv32imac/ilp32\libc_nano.a(lib_a-reent.o)
                                                  c:/users/karzan/downloads/toolchain-gd32v-v202-win/toolchain-gd32v-v202-win/compiler/bin/../lib/gcc/riscv64-unknown-elf/8.3.0/../../../../riscv64-unknown-elf/lib/rv32imac/ilp32\libc_nano.a(lib_a-sbrkr.o)
                                                  c:/users/karzan/downloads/toolchain-gd32v-v202-win/toolchain-gd32v-v202-win/compiler/bin/../lib/gcc/riscv64-unknown-elf/8.3.0/../../../../riscv64-unknown-elf/lib/rv32imac/ilp32\libc_nano.a(lib_a-writer.o)
exit                                              c:/users/karzan/downloads/toolchain-gd32v-v202-win/toolchain-gd32v-v202-win/compiler/bin/../lib/gcc/riscv64-unknown-elf/8.3.0/../../../../riscv64-unknown-elf/lib/rv32imac/ilp32\libc_nano.a(lib_a-exit.o)
                                                  build/start.o
exmc_norsram_deinit                               build/gd32vf103_exmc.o
exmc_norsram_disable                              build/gd32vf103_exmc.o
exmc_norsram_enable                               build/gd32vf103_exmc.o
exmc_norsram_init                                 build/gd32vf103_exmc.o
exmc_norsram_struct_para_init                     build/gd32vf103_exmc.o
exti_deinit                                       build/gd32vf103_exti.o
exti_event_disable                                build/gd32vf103_exti.o
exti_event_enable                                 build/gd32vf103_exti.o
exti_flag_clear                                   build/gd32vf103_exti.o
exti_flag_get                                     build/gd32vf103_exti.o
exti_init                                         build/gd32vf103_exti.o
exti_interrupt_disable                            build/gd32vf103_exti.o
exti_interrupt_enable                             build/gd32vf103_exti.o
exti_interrupt_flag_clear                         build/gd32vf103_exti.o
exti_interrupt_flag_get                           build/gd32vf103_exti.o
exti_software_interrupt_disable                   build/gd32vf103_exti.o
exti_software_interrupt_enable                    build/gd32vf103_exti.o
fmc_flag_clear                                    build/gd32vf103_fmc.o
fmc_flag_get                                      build/gd32vf103_fmc.o
fmc_halfword_program                              build/gd32vf103_fmc.o
fmc_interrupt_disable                             build/gd32vf103_fmc.o
fmc_interrupt_enable                              build/gd32vf103_fmc.o
fmc_interrupt_flag_clear                          build/gd32vf103_fmc.o
fmc_interrupt_flag_get                            build/gd32vf103_fmc.o
fmc_lock                                          build/gd32vf103_fmc.o
fmc_mass_erase                                    build/gd32vf103_fmc.o
fmc_page_erase                                    build/gd32vf103_fmc.o
fmc_ready_wait                                    build/gd32vf103_fmc.o
fmc_state_get                                     build/gd32vf103_fmc.o
fmc_unlock                                        build/gd32vf103_fmc.o
fmc_word_program                                  build/gd32vf103_fmc.o
fmc_wscnt_set                                     build/gd32vf103_fmc.o
fwdgt_config                                      build/gd32vf103_fwdgt.o
fwdgt_counter_reload                              build/gd32vf103_fwdgt.o
fwdgt_enable                                      build/gd32vf103_fwdgt.o
fwdgt_flag_get                                    build/gd32vf103_fwdgt.o
fwdgt_write_disable                               build/gd32vf103_fwdgt.o
fwdgt_write_enable                                build/gd32vf103_fwdgt.o
get_cpu_freq                                      build/n200_func.o
get_cycle_value                                   build/n200_func.o
get_instret_value                                 build/n200_func.o
get_timer_freq                                    build/n200_func.o
get_timer_value                                   build/n200_func.o
                                                  build/lcd.o
gpio_afio_deinit                                  build/gd32vf103_gpio.o
gpio_bit_reset                                    build/gd32vf103_gpio.o
                                                  build/lcd.o
gpio_bit_set                                      build/gd32vf103_gpio.o
                                                  build/lcd.o
gpio_bit_write                                    build/gd32vf103_gpio.o
gpio_deinit                                       build/gd32vf103_gpio.o
gpio_event_output_config                          build/gd32vf103_gpio.o
gpio_event_output_disable                         build/gd32vf103_gpio.o
gpio_event_output_enable                          build/gd32vf103_gpio.o
gpio_exti_source_select                           build/gd32vf103_gpio.o
gpio_init                                         build/gd32vf103_gpio.o
                                                  build/usart.o
                                                  build/servo.o
                                                  build/lcd.o
                                                  build/dac.o
                                                  build/adc.o
gpio_input_bit_get                                build/gd32vf103_gpio.o
gpio_input_port_get                               build/gd32vf103_gpio.o
gpio_output_bit_get                               build/gd32vf103_gpio.o
gpio_output_port_get                              build/gd32vf103_gpio.o
gpio_pin_lock                                     build/gd32vf103_gpio.o
gpio_pin_remap_config                             build/gd32vf103_gpio.o
gpio_port_write                                   build/gd32vf103_gpio.o
handle_nmi                                        build/handlers.o
handle_trap                                       build/handlers.o
                                                  build/entry.o
i2c_ack_config                                    build/gd32vf103_i2c.o
i2c_ackpos_config                                 build/gd32vf103_i2c.o
i2c_clock_config                                  build/gd32vf103_i2c.o
i2c_data_receive                                  build/gd32vf103_i2c.o
i2c_data_transmit                                 build/gd32vf103_i2c.o
i2c_deinit                                        build/gd32vf103_i2c.o
i2c_disable                                       build/gd32vf103_i2c.o
i2c_dma_enable                                    build/gd32vf103_i2c.o
i2c_dma_last_transfer_config                      build/gd32vf103_i2c.o
i2c_dualaddr_disable                              build/gd32vf103_i2c.o
i2c_dualaddr_enable                               build/gd32vf103_i2c.o
i2c_enable                                        build/gd32vf103_i2c.o
i2c_flag_clear                                    build/gd32vf103_i2c.o
i2c_flag_get                                      build/gd32vf103_i2c.o
i2c_interrupt_disable                             build/gd32vf103_i2c.o
i2c_interrupt_enable                              build/gd32vf103_i2c.o
i2c_interrupt_flag_clear                          build/gd32vf103_i2c.o
i2c_interrupt_flag_get                            build/gd32vf103_i2c.o
i2c_master_addressing                             build/gd32vf103_i2c.o
i2c_mode_addr_config                              build/gd32vf103_i2c.o
i2c_pec_enable                                    build/gd32vf103_i2c.o
i2c_pec_transfer_enable                           build/gd32vf103_i2c.o
i2c_pec_value_get                                 build/gd32vf103_i2c.o
i2c_slave_response_to_gcall_config                build/gd32vf103_i2c.o
i2c_smbus_arp_enable                              build/gd32vf103_i2c.o
i2c_smbus_issue_alert                             build/gd32vf103_i2c.o
i2c_smbus_type_config                             build/gd32vf103_i2c.o
i2c_software_reset_config                         build/gd32vf103_i2c.o
i2c_start_on_bus                                  build/gd32vf103_i2c.o
i2c_stop_on_bus                                   build/gd32vf103_i2c.o
i2c_stretch_scl_low_config                        build/gd32vf103_i2c.o
i2s_disable                                       build/gd32vf103_spi.o
i2s_enable                                        build/gd32vf103_spi.o
i2s_init                                          build/gd32vf103_spi.o
i2s_psc_config                                    build/gd32vf103_spi.o
irq_entry                                         build/entry.o
                                                  build/start.o
isatty                                            c:/users/karzan/downloads/toolchain-gd32v-v202-win/toolchain-gd32v-v202-win/compiler/bin/../lib/gcc/riscv64-unknown-elf/8.3.0/../../../../riscv64-unknown-elf/lib/rv32imac/ilp32\libc_nano.a(lib_a-sysisatty.o)